Archive member included to satisfy reference by file (symbol)

c:/st/stm32cubeide_1.6.1/stm32cubeide/plugins/com.st.stm32cube.ide.mcu.externaltools.gnu-tools-for-stm32.10.3-2021.10.win32_1.0.0.202111181127/tools/bin/../lib/gcc/arm-none-eabi/10.3.1/../../../../arm-none-eabi/lib/thumb/v7e-m+fp/hard\libc_nano.a(lib_a-errno.o)
                              ./Core/Src/syscalls.o (__errno)
c:/st/stm32cubeide_1.6.1/stm32cubeide/plugins/com.st.stm32cube.ide.mcu.externaltools.gnu-tools-for-stm32.10.3-2021.10.win32_1.0.0.202111181127/tools/bin/../lib/gcc/arm-none-eabi/10.3.1/../../../../arm-none-eabi/lib/thumb/v7e-m+fp/hard\libc_nano.a(lib_a-exit.o)
                              c:/st/stm32cubeide_1.6.1/stm32cubeide/plugins/com.st.stm32cube.ide.mcu.externaltools.gnu-tools-for-stm32.10.3-2021.10.win32_1.0.0.202111181127/tools/bin/../lib/gcc/arm-none-eabi/10.3.1/../../../../arm-none-eabi/lib/thumb/v7e-m+fp/hard/crt0.o (exit)
c:/st/stm32cubeide_1.6.1/stm32cubeide/plugins/com.st.stm32cube.ide.mcu.externaltools.gnu-tools-for-stm32.10.3-2021.10.win32_1.0.0.202111181127/tools/bin/../lib/gcc/arm-none-eabi/10.3.1/../../../../arm-none-eabi/lib/thumb/v7e-m+fp/hard\libc_nano.a(lib_a-impure.o)
                              c:/st/stm32cubeide_1.6.1/stm32cubeide/plugins/com.st.stm32cube.ide.mcu.externaltools.gnu-tools-for-stm32.10.3-2021.10.win32_1.0.0.202111181127/tools/bin/../lib/gcc/arm-none-eabi/10.3.1/../../../../arm-none-eabi/lib/thumb/v7e-m+fp/hard\libc_nano.a(lib_a-exit.o) (_global_impure_ptr)
c:/st/stm32cubeide_1.6.1/stm32cubeide/plugins/com.st.stm32cube.ide.mcu.externaltools.gnu-tools-for-stm32.10.3-2021.10.win32_1.0.0.202111181127/tools/bin/../lib/gcc/arm-none-eabi/10.3.1/../../../../arm-none-eabi/lib/thumb/v7e-m+fp/hard\libc_nano.a(lib_a-init.o)
                              c:/st/stm32cubeide_1.6.1/stm32cubeide/plugins/com.st.stm32cube.ide.mcu.externaltools.gnu-tools-for-stm32.10.3-2021.10.win32_1.0.0.202111181127/tools/bin/../lib/gcc/arm-none-eabi/10.3.1/../../../../arm-none-eabi/lib/thumb/v7e-m+fp/hard/crt0.o (__libc_init_array)
c:/st/stm32cubeide_1.6.1/stm32cubeide/plugins/com.st.stm32cube.ide.mcu.externaltools.gnu-tools-for-stm32.10.3-2021.10.win32_1.0.0.202111181127/tools/bin/../lib/gcc/arm-none-eabi/10.3.1/../../../../arm-none-eabi/lib/thumb/v7e-m+fp/hard\libc_nano.a(lib_a-memset.o)
                              c:/st/stm32cubeide_1.6.1/stm32cubeide/plugins/com.st.stm32cube.ide.mcu.externaltools.gnu-tools-for-stm32.10.3-2021.10.win32_1.0.0.202111181127/tools/bin/../lib/gcc/arm-none-eabi/10.3.1/../../../../arm-none-eabi/lib/thumb/v7e-m+fp/hard/crt0.o (memset)
c:/st/stm32cubeide_1.6.1/stm32cubeide/plugins/com.st.stm32cube.ide.mcu.externaltools.gnu-tools-for-stm32.10.3-2021.10.win32_1.0.0.202111181127/tools/bin/../lib/gcc/arm-none-eabi/10.3.1/../../../../arm-none-eabi/lib/thumb/v7e-m+fp/hard\libc_nano.a(lib_a-printf.o)
                              ./Core/Src/SCI_bottom.o (printf)
c:/st/stm32cubeide_1.6.1/stm32cubeide/plugins/com.st.stm32cube.ide.mcu.externaltools.gnu-tools-for-stm32.10.3-2021.10.win32_1.0.0.202111181127/tools/bin/../lib/gcc/arm-none-eabi/10.3.1/../../../../arm-none-eabi/lib/thumb/v7e-m+fp/hard\libc_nano.a(lib_a-puts.o)
                              ./Core/Src/charging.o (puts)
c:/st/stm32cubeide_1.6.1/stm32cubeide/plugins/com.st.stm32cube.ide.mcu.externaltools.gnu-tools-for-stm32.10.3-2021.10.win32_1.0.0.202111181127/tools/bin/../lib/gcc/arm-none-eabi/10.3.1/../../../../arm-none-eabi/lib/thumb/v7e-m+fp/hard\libc_nano.a(lib_a-wbuf.o)
                              c:/st/stm32cubeide_1.6.1/stm32cubeide/plugins/com.st.stm32cube.ide.mcu.externaltools.gnu-tools-for-stm32.10.3-2021.10.win32_1.0.0.202111181127/tools/bin/../lib/gcc/arm-none-eabi/10.3.1/../../../../arm-none-eabi/lib/thumb/v7e-m+fp/hard\libc_nano.a(lib_a-puts.o) (__swbuf_r)
c:/st/stm32cubeide_1.6.1/stm32cubeide/plugins/com.st.stm32cube.ide.mcu.externaltools.gnu-tools-for-stm32.10.3-2021.10.win32_1.0.0.202111181127/tools/bin/../lib/gcc/arm-none-eabi/10.3.1/../../../../arm-none-eabi/lib/thumb/v7e-m+fp/hard\libc_nano.a(lib_a-wsetup.o)
                              c:/st/stm32cubeide_1.6.1/stm32cubeide/plugins/com.st.stm32cube.ide.mcu.externaltools.gnu-tools-for-stm32.10.3-2021.10.win32_1.0.0.202111181127/tools/bin/../lib/gcc/arm-none-eabi/10.3.1/../../../../arm-none-eabi/lib/thumb/v7e-m+fp/hard\libc_nano.a(lib_a-puts.o) (__swsetup_r)
c:/st/stm32cubeide_1.6.1/stm32cubeide/plugins/com.st.stm32cube.ide.mcu.externaltools.gnu-tools-for-stm32.10.3-2021.10.win32_1.0.0.202111181127/tools/bin/../lib/gcc/arm-none-eabi/10.3.1/../../../../arm-none-eabi/lib/thumb/v7e-m+fp/hard\libc_nano.a(lib_a-fflush.o)
                              c:/st/stm32cubeide_1.6.1/stm32cubeide/plugins/com.st.stm32cube.ide.mcu.externaltools.gnu-tools-for-stm32.10.3-2021.10.win32_1.0.0.202111181127/tools/bin/../lib/gcc/arm-none-eabi/10.3.1/../../../../arm-none-eabi/lib/thumb/v7e-m+fp/hard\libc_nano.a(lib_a-wbuf.o) (_fflush_r)
[...]
Memory Configuration

Name             Origin             Length             Attributes
RAM              0x0000000020000000 0x0000000000050000 xrw
FLASH            0x0000000008000000 0x0000000000100000 xr
*default*        0x0000000000000000 0xffffffffffffffff

Linker script and memory map

LOAD c:/st/stm32cubeide_1.6.1/stm32cubeide/plugins/com.st.stm32cube.ide.mcu.externaltools.gnu-tools-for-stm32.10.3-2021.10.win32_1.0.0.202111181127/tools/bin/../lib/gcc/arm-none-eabi/10.3.1/thumb/v7e-m+fp/hard/crti.o
LOAD c:/st/stm32cubeide_1.6.1/stm32cubeide/plugins/com.st.stm32cube.ide.mcu.externaltools.gnu-tools-for-stm32.10.3-2021.10.win32_1.0.0.202111181127/tools/bin/../lib/gcc/arm-none-eabi/10.3.1/thumb/v7e-m+fp/hard/crtbegin.o
LOAD c:/st/stm32cubeide_1.6.1/stm32cubeide/plugins/com.st.stm32cube.ide.mcu.externaltools.gnu-tools-for-stm32.10.3-2021.10.win32_1.0.0.202111181127/tools/bin/../lib/gcc/arm-none-eabi/10.3.1/../../../../arm-none-eabi/lib/thumb/v7e-m+fp/hard/crt0.o
LOAD ./Core/Src/ReceiverIR.o
LOAD ./Core/Src/SCI_bottom.o
LOAD ./Core/Src/TransmitterIR.o
LOAD ./Core/Src/can.o
LOAD ./Core/Src/charging.o
LOAD ./Core/Src/led.o
LOAD ./Core/Src/main.o
LOAD ./Core/Src/motor_driver_114.o
LOAD ./Core/Src/state.o
LOAD ./Core/Src/stm32f7xx_hal_msp.o
LOAD ./Core/Src/stm32f7xx_it.o
LOAD ./Core/Src/syscalls.o
LOAD ./Core/Src/sysmem.o
LOAD ./Core/Src/system_stm32f7xx.o
LOAD ./Core/Src/ultrasonic.o
LOAD ./Core/Startup/startup_stm32f746zgtx.o
LOAD ./Drivers/STM32F7xx_HAL_Driver/Src/stm32f7xx_hal.o
LOAD ./Drivers/STM32F7xx_HAL_Driver/Src/stm32f7xx_hal_adc.o
LOAD ./Drivers/STM32F7xx_HAL_Driver/Src/stm32f7xx_hal_adc_ex.o
LOAD ./Drivers/STM32F7xx_HAL_Driver/Src/stm32f7xx_hal_can.o
LOAD ./Drivers/STM32F7xx_HAL_Driver/Src/stm32f7xx_hal_cortex.o
LOAD ./Drivers/STM32F7xx_HAL_Driver/Src/stm32f7xx_hal_dma.o
LOAD ./Drivers/STM32F7xx_HAL_Driver/Src/stm32f7xx_hal_dma_ex.o
LOAD ./Drivers/STM32F7xx_HAL_Driver/Src/stm32f7xx_hal_exti.o
LOAD ./Drivers/STM32F7xx_HAL_Driver/Src/stm32f7xx_hal_flash.o
LOAD ./Drivers/STM32F7xx_HAL_Driver/Src/stm32f7xx_hal_flash_ex.o
LOAD ./Drivers/STM32F7xx_HAL_Driver/Src/stm32f7xx_hal_gpio.o
LOAD ./Drivers/STM32F7xx_HAL_Driver/Src/stm32f7xx_hal_i2c.o
LOAD ./Drivers/STM32F7xx_HAL_Driver/Src/stm32f7xx_hal_i2c_ex.o
LOAD ./Drivers/STM32F7xx_HAL_Driver/Src/stm32f7xx_hal_pwr.o
LOAD ./Drivers/STM32F7xx_HAL_Driver/Src/stm32f7xx_hal_pwr_ex.o
LOAD ./Drivers/STM32F7xx_HAL_Driver/Src/stm32f7xx_hal_rcc.o
LOAD ./Drivers/STM32F7xx_HAL_Driver/Src/stm32f7xx_hal_rcc_ex.o
LOAD ./Drivers/STM32F7xx_HAL_Driver/Src/stm32f7xx_hal_tim.o
LOAD ./Drivers/STM32F7xx_HAL_Driver/Src/stm32f7xx_hal_tim_ex.o
LOAD ./Drivers/STM32F7xx_HAL_Driver/Src/stm32f7xx_hal_uart.o
LOAD ./Drivers/STM32F7xx_HAL_Driver/Src/stm32f7xx_hal_uart_ex.o
START GROUP
LOAD c:/st/stm32cubeide_1.6.1/stm32cubeide/plugins/com.st.stm32cube.ide.mcu.externaltools.gnu-tools-for-stm32.10.3-2021.10.win32_1.0.0.202111181127/tools/bin/../lib/gcc/arm-none-eabi/10.3.1/../../../../arm-none-eabi/lib/thumb/v7e-m+fp/hard\libc_nano.a
LOAD c:/st/stm32cubeide_1.6.1/stm32cubeide/plugins/com.st.stm32cube.ide.mcu.externaltools.gnu-tools-for-stm32.10.3-2021.10.win32_1.0.0.202111181127/tools/bin/../lib/gcc/arm-none-eabi/10.3.1/../../../../arm-none-eabi/lib/thumb/v7e-m+fp/hard\libm.a
END GROUP
START GROUP
LOAD c:/st/stm32cubeide_1.6.1/stm32cubeide/plugins/com.st.stm32cube.ide.mcu.externaltools.gnu-tools-for-stm32.10.3-2021.10.win32_1.0.0.202111181127/tools/bin/../lib/gcc/arm-none-eabi/10.3.1/thumb/v7e-m+fp/hard\libgcc.a
LOAD c:/st/stm32cubeide_1.6.1/stm32cubeide/plugins/com.st.stm32cube.ide.mcu.externaltools.gnu-tools-for-stm32.10.3-2021.10.win32_1.0.0.202111181127/tools/bin/../lib/gcc/arm-none-eabi/10.3.1/../../../../arm-none-eabi/lib/thumb/v7e-m+fp/hard\libc_nano.a
END GROUP
START GROUP
LOAD c:/st/stm32cubeide_1.6.1/stm32cubeide/plugins/com.st.stm32cube.ide.mcu.externaltools.gnu-tools-for-stm32.10.3-2021.10.win32_1.0.0.202111181127/tools/bin/../lib/gcc/arm-none-eabi/10.3.1/thumb/v7e-m+fp/hard\libgcc.a
LOAD c:/st/stm32cubeide_1.6.1/stm32cubeide/plugins/com.st.stm32cube.ide.mcu.externaltools.gnu-tools-for-stm32.10.3-2021.10.win32_1.0.0.202111181127/tools/bin/../lib/gcc/arm-none-eabi/10.3.1/../../../../arm-none-eabi/lib/thumb/v7e-m+fp/hard\libc_nano.a
LOAD c:/st/stm32cubeide_1.6.1/stm32cubeide/plugins/com.st.stm32cube.ide.mcu.externaltools.gnu-tools-for-stm32.10.3-2021.10.win32_1.0.0.202111181127/tools/bin/../lib/gcc/arm-none-eabi/10.3.1/../../../../arm-none-eabi/lib/thumb/v7e-m+fp/hard\libnosys.a
END GROUP
START GROUP
LOAD c:/st/stm32cubeide_1.6.1/stm32cubeide/plugins/com.st.stm32cube.ide.mcu.externaltools.gnu-tools-for-stm32.10.3-2021.10.win32_1.0.0.202111181127/tools/bin/../lib/gcc/arm-none-eabi/10.3.1/thumb/v7e-m+fp/hard\libgcc.a
LOAD c:/st/stm32cubeide_1.6.1/stm32cubeide/plugins/com.st.stm32cube.ide.mcu.externaltools.gnu-tools-for-stm32.10.3-2021.10.win32_1.0.0.202111181127/tools/bin/../lib/gcc/arm-none-eabi/10.3.1/../../../../arm-none-eabi/lib/thumb/v7e-m+fp/hard\libc_nano.a
LOAD c:/st/stm32cubeide_1.6.1/stm32cubeide/plugins/com.st.stm32cube.ide.mcu.externaltools.gnu-tools-for-stm32.10.3-2021.10.win32_1.0.0.202111181127/tools/bin/../lib/gcc/arm-none-eabi/10.3.1/../../../../arm-none-eabi/lib/thumb/v7e-m+fp/hard\libnosys.a
END GROUP
LOAD c:/st/stm32cubeide_1.6.1/stm32cubeide/plugins/com.st.stm32cube.ide.mcu.externaltools.gnu-tools-for-stm32.10.3-2021.10.win32_1.0.0.202111181127/tools/bin/../lib/gcc/arm-none-eabi/10.3.1/thumb/v7e-m+fp/hard/crtend.o
LOAD c:/st/stm32cubeide_1.6.1/stm32cubeide/plugins/com.st.stm32cube.ide.mcu.externaltools.gnu-tools-for-stm32.10.3-2021.10.win32_1.0.0.202111181127/tools/bin/../lib/gcc/arm-none-eabi/10.3.1/thumb/v7e-m+fp/hard/crtn.o
                0x0000000020050000                _estack = (ORIGIN (RAM) + LENGTH (RAM))
                0x0000000000000200                _Min_Heap_Size = 0x200
                0x0000000000000400                _Min_Stack_Size = 0x400

.isr_vector     0x0000000008000000      0x1c8
                0x0000000008000000                . = ALIGN (0x4)
 *(.isr_vector)
 .isr_vector    0x0000000008000000      0x1c8 ./Core/Startup/startup_stm32f746zgtx.o
                0x0000000008000000                g_pfnVectors
                0x00000000080001c8                . = ALIGN (0x4)

.text           0x00000000080001d0     0xb10c
                0x00000000080001d0                . = ALIGN (0x4)
 *(.text)
 .text          0x00000000080001d0       0x40 c:/st/stm32cubeide_1.6.1/stm32cubeide/plugins/com.st.stm32cube.ide.mcu.externaltools.gnu-tools-for-stm32.10.3-2021.10.win32_1.0.0.202111181127/tools/bin/../lib/gcc/arm-none-eabi/10.3.1/thumb/v7e-m+fp/hard/crtbegin.o
 .text          0x0000000008000210       0xa0 c:/st/stm32cubeide_1.6.1/stm32cubeide/plugins/com.st.stm32cube.ide.mcu.externaltools.gnu-tools-for-stm32.10.3-2021.10.win32_1.0.0.202111181127/tools/bin/../lib/gcc/arm-none-eabi/10.3.1/../../../../arm-none-eabi/lib/thumb/v7e-m+fp/hard\libc_nano.a(lib_a-memchr.o)
                0x0000000008000210                memchr
 .text          0x00000000080002b0      0x378 c:/st/stm32cubeide_1.6.1/stm32cubeide/plugins/com.st.stm32cube.ide.mcu.externaltools.gnu-tools-for-stm32.10.3-2021.10.win32_1.0.0.202111181127/tools/bin/../lib/gcc/arm-none-eabi/10.3.1/thumb/v7e-m+fp/hard\libgcc.a(_arm_addsubdf3.o)
                0x00000000080002b0                __aeabi_drsub
                0x00000000080002b8                __aeabi_dsub
                0x00000000080002b8                __subdf3
                0x00000000080002bc                __aeabi_dadd
                0x00000000080002bc                __adddf3
                0x0000000008000534                __floatunsidf
                0x0000000008000534                __aeabi_ui2d
                0x0000000008000554                __floatsidf
                0x0000000008000554                __aeabi_i2d
                0x0000000008000578                __aeabi_f2d
                0x0000000008000578                __extendsfdf2
                0x00000000080005bc                __floatundidf
                0x00000000080005bc                __aeabi_ul2d
                0x00000000080005cc                __floatdidf
                0x00000000080005cc                __aeabi_l2d
 .text          0x0000000008000628      0x424 c:/st/stm32cubeide_1.6.1/stm32cubeide/plugins/com.st.stm32cube.ide.mcu.externaltools.gnu-tools-for-stm32.10.3-2021.10.win32_1.0.0.202111181127/tools/bin/../lib/gcc/arm-none-eabi/10.3.1/thumb/v7e-m+fp/hard\libgcc.a(_arm_muldivdf3.o)
                0x0000000008000628                __aeabi_dmul
                0x0000000008000628                __muldf3
                0x000000000800087c                __divdf3
                0x000000000800087c                __aeabi_ddiv
 .text          0x0000000008000a4c      0x110 c:/st/stm32cubeide_1.6.1/stm32cubeide/plugins/com.st.stm32cube.ide.mcu.externaltools.gnu-tools-for-stm32.10.3-2021.10.win32_1.0.0.202111181127/tools/bin/../lib/gcc/arm-none-eabi/10.3.1/thumb/v7e-m+fp/hard\libgcc.a(_arm_cmpdf2.o)
                0x0000000008000a4c                __gtdf2
                0x0000000008000a4c                __gedf2
                0x0000000008000a54                __ltdf2
                0x0000000008000a54                __ledf2
                0x0000000008000a5c                __nedf2
                0x0000000008000a5c                __eqdf2
                0x0000000008000a5c                __cmpdf2
                0x0000000008000ad8                __aeabi_cdrcmple
                0x0000000008000ae8                __aeabi_cdcmpeq
                0x0000000008000ae8                __aeabi_cdcmple
                0x0000000008000af8                __aeabi_dcmpeq
                0x0000000008000b0c                __aeabi_dcmplt
                0x0000000008000b20                __aeabi_dcmple
                0x0000000008000b34                __aeabi_dcmpge
                0x0000000008000b48                __aeabi_dcmpgt
 .text          0x0000000008000b5c       0x50 c:/st/stm32cubeide_1.6.1/stm32cubeide/plugins/com.st.stm32cube.ide.mcu.externaltools.gnu-tools-for-stm32.10.3-2021.10.win32_1.0.0.202111181127/tools/bin/../lib/gcc/arm-none-eabi/10.3.1/thumb/v7e-m+fp/hard\libgcc.a(_arm_fixdfsi.o)
                0x0000000008000b5c                __aeabi_d2iz
                0x0000000008000b5c                __fixdfsi
 .text          0x0000000008000bac       0x40 c:/st/stm32cubeide_1.6.1/stm32cubeide/plugins/com.st.stm32cube.ide.mcu.externaltools.gnu-tools-for-stm32.10.3-2021.10.win32_1.0.0.202111181127/tools/bin/../lib/gcc/arm-none-eabi/10.3.1/thumb/v7e-m+fp/hard\libgcc.a(_arm_fixunsdfsi.o)
                0x0000000008000bac                __aeabi_d2uiz
                0x0000000008000bac                __fixunsdfsi
 .text          0x0000000008000bec       0x30 c:/st/stm32cubeide_1.6.1/stm32cubeide/plugins/com.st.stm32cube.ide.mcu.externaltools.gnu-tools-for-stm32.10.3-2021.10.win32_1.0.0.202111181127/tools/bin/../lib/gcc/arm-none-eabi/10.3.1/thumb/v7e-m+fp/hard\libgcc.a(_aeabi_uldivmod.o)
                0x0000000008000bec                __aeabi_uldivmod
 .text          0x0000000008000c1c      0x2d0 c:/st/stm32cubeide_1.6.1/stm32cubeide/plugins/com.st.stm32cube.ide.mcu.externaltools.gnu-tools-for-stm32.10.3-2021.10.win32_1.0.0.202111181127/tools/bin/../lib/gcc/arm-none-eabi/10.3.1/thumb/v7e-m+fp/hard\libgcc.a(_udivmoddi4.o)
                0x0000000008000c1c                __udivmoddi4
 .text          0x0000000008000eec        0x4 c:/st/stm32cubeide_1.6.1/stm32cubeide/plugins/com.st.stm32cube.ide.mcu.externaltools.gnu-tools-for-stm32.10.3-2021.10.win32_1.0.0.202111181127/tools/bin/../lib/gcc/arm-none-eabi/10.3.1/thumb/v7e-m+fp/hard\libgcc.a(_dvmd_tls.o)
                0x0000000008000eec                __aeabi_idiv0
                0x0000000008000eec                __aeabi_ldiv0
 *(.text*)
 .text.ReceiverIR_init
                0x0000000008000ef0        0xc ./Core/Src/ReceiverIR.o
                0x0000000008000ef0                ReceiverIR_init
 .text.init_state
                0x0000000008000efc       0x84 ./Core/Src/ReceiverIR.o
                0x0000000008000efc                init_state
 .text.isr_fall
                0x0000000008000f80      0x7dc ./Core/Src/ReceiverIR.o
                0x0000000008000f80                isr_fall
 *fill*         0x000000000800175c        0x4 
 .text.isr_rise
                0x0000000008001760      0x2a8 ./Core/Src/ReceiverIR.o
                0x0000000008001760                isr_rise
 .text.isr_timeout
                0x0000000008001a08       0x5c ./Core/Src/ReceiverIR.o
                0x0000000008001a08                isr_timeout
 .text.HAL_TIM_PeriodElapsedCallback
                0x0000000008001a64      0x134 ./Core/Src/SCI_bottom.o
                0x0000000008001a64                HAL_TIM_PeriodElapsedCallback
 .text.HAL_GPIO_EXTI_Callback
                0x0000000008001b98       0x68 ./Core/Src/SCI_bottom.o
                0x0000000008001b98                HAL_GPIO_EXTI_Callback
 .text.parsePmm
                0x0000000008001c00       0x64 ./Core/Src/SCI_bottom.o
                0x0000000008001c00                parsePmm
 .text.parseTop
                0x0000000008001c64       0x58 ./Core/Src/SCI_bottom.o
                0x0000000008001c64                parseTop
 .text.parseState
                0x0000000008001cbc       0x90 ./Core/Src/SCI_bottom.o
                0x0000000008001cbc                parseState
 .text.controlMotor
                0x0000000008001d4c       0xf0 ./Core/Src/SCI_bottom.o
                0x0000000008001d4c                controlMotor
 *fill*         0x0000000008001e3c        0x4 
 .text.toRPM    0x0000000008001e40       0xac ./Core/Src/SCI_bottom.o
                0x0000000008001e40                toRPM
 .text.parseCmdvel
                0x0000000008001eec       0x9c ./Core/Src/SCI_bottom.o
                0x0000000008001eec                parseCmdvel
 .text.sendEnc  0x0000000008001f88      0x198 ./Core/Src/SCI_bottom.o
                0x0000000008001f88                sendEnc
 .text.toVW     0x0000000008002120       0xbc ./Core/Src/SCI_bottom.o
                0x0000000008002120                toVW
 .text.parseEnc
                0x00000000080021dc      0x100 ./Core/Src/SCI_bottom.o
                0x00000000080021dc                parseEnc
 .text.parseEnc114
                0x00000000080022dc       0xa4 ./Core/Src/SCI_bottom.o
                0x00000000080022dc                parseEnc114
 .text.parseState114
                0x0000000008002380       0x6c ./Core/Src/SCI_bottom.o
                0x0000000008002380                parseState114
 *fill*         0x00000000080023ec        0x4 
 .text.spinonce
                0x00000000080023f0      0x5f0 ./Core/Src/SCI_bottom.o
                0x00000000080023f0                spinonce
 .text.TransmitterIR_init
                0x00000000080029e0       0x4c ./Core/Src/TransmitterIR.o
                0x00000000080029e0                TransmitterIR_init
 .text.tick     0x0000000008002a2c      0x4b0 ./Core/Src/TransmitterIR.o
                0x0000000008002a2c                tick
 .text.CanInit  0x0000000008002edc       0x98 ./Core/Src/can.o
                0x0000000008002edc                CanInit
 .text.sendCan  0x0000000008002f74       0x74 ./Core/Src/can.o
                0x0000000008002f74                sendCan
 .text.HAL_CAN_RxFifo0MsgPendingCallback
                0x0000000008002fe8       0x40 ./Core/Src/can.o
                0x0000000008002fe8                HAL_CAN_RxFifo0MsgPendingCallback
 .text._write   0x0000000008003028       0x28 ./Core/Src/main.o
                0x0000000008003028                _write
 .text.main     0x0000000008003050       0x7c ./Core/Src/main.o
                0x0000000008003050                main
 .text.SystemClock_Config
                0x00000000080030cc       0xd8 ./Core/Src/main.o
                0x00000000080030cc                SystemClock_Config
 .text.MX_ADC1_Init
                0x00000000080031a4      0x100 ./Core/Src/main.o
 .text.MX_CAN1_Init
                0x00000000080032a4       0x6c ./Core/Src/main.o
 .text.MX_TIM2_Init
                0x0000000008003310       0xec ./Core/Src/main.o
 .text.MX_TIM5_Init
                0x00000000080033fc       0x9c ./Core/Src/main.o
 .text.MX_TIM6_Init
                0x0000000008003498       0x6c ./Core/Src/main.o
 .text.MX_TIM7_Init
                0x0000000008003504       0x6c ./Core/Src/main.o
 .text.MX_TIM9_Init
                0x0000000008003570       0x74 ./Core/Src/main.o
 .text.MX_TIM14_Init
                0x00000000080035e4       0x44 ./Core/Src/main.o
 .text.MX_UART8_Init
                0x0000000008003628       0x60 ./Core/Src/main.o
 .text.MX_USART1_UART_Init
                0x0000000008003688       0x60 ./Core/Src/main.o
 .text.MX_GPIO_Init
                0x00000000080036e8      0x210 ./Core/Src/main.o
 .text.Error_Handler
                0x00000000080038f8        0xa ./Core/Src/main.o
                0x00000000080038f8                Error_Handler
 .text.velocityMode
                0x0000000008003902       0xa0 ./Core/Src/motor_driver_114.o
                0x0000000008003902                velocityMode
 .text.synchronousMode
                0x00000000080039a2       0xa0 ./Core/Src/motor_driver_114.o
                0x00000000080039a2                synchronousMode
 .text.settingEnc
                0x0000000008003a42       0xcc ./Core/Src/motor_driver_114.o
                0x0000000008003a42                settingEnc
 .text.settingPole
                0x0000000008003b0e       0xcc ./Core/Src/motor_driver_114.o
                0x0000000008003b0e                settingPole
 .text.settingBreak
                0x0000000008003bda       0xa8 ./Core/Src/motor_driver_114.o
                0x0000000008003bda                settingBreak
 .text.settingMaxRPM
                0x0000000008003c82       0xb2 ./Core/Src/motor_driver_114.o
                0x0000000008003c82                settingMaxRPM
 .text.settingRatedCurrent
                0x0000000008003d34       0xe4 ./Core/Src/motor_driver_114.o
                0x0000000008003d34                settingRatedCurrent
 .text.settingMaxCurrent
                0x0000000008003e18       0xe4 ./Core/Src/motor_driver_114.o
                0x0000000008003e18                settingMaxCurrent
 .text.settingHallOffset
                0x0000000008003efc       0xcc ./Core/Src/motor_driver_114.o
                0x0000000008003efc                settingHallOffset
 .text.save     0x0000000008003fc8       0xa4 ./Core/Src/motor_driver_114.o
                0x0000000008003fc8                save
 .text.startMotor
                0x000000000800406c       0x14 ./Core/Src/motor_driver_114.o
                0x000000000800406c                startMotor
 .text.enable   0x0000000008004080       0xc8 ./Core/Src/motor_driver_114.o
                0x0000000008004080                enable
 .text.disable  0x0000000008004148       0xa4 ./Core/Src/motor_driver_114.o
                0x0000000008004148                disable
 .text.reset    0x00000000080041ec       0xa0 ./Core/Src/motor_driver_114.o
                0x00000000080041ec                reset
 .text.reqEnc   0x000000000800428c       0x9a ./Core/Src/motor_driver_114.o
                0x000000000800428c                reqEnc
 .text.reqState
                0x0000000008004326       0x9a ./Core/Src/motor_driver_114.o
                0x0000000008004326                reqState
 .text.control  0x00000000080043c0       0xc6 ./Core/Src/motor_driver_114.o
                0x00000000080043c0                control
 .text.settingKP
                0x0000000008004486       0xcc ./Core/Src/motor_driver_114.o
                0x0000000008004486                settingKP
 .text.settingKI
                0x0000000008004552       0xcc ./Core/Src/motor_driver_114.o
                0x0000000008004552                settingKI
 *fill*         0x000000000800461e        0x2 
 .text.settingMotor
                0x0000000008004620       0x60 ./Core/Src/motor_driver_114.o
                0x0000000008004620                settingMotor
 .text.HAL_MspInit
                0x0000000008004680       0x48 ./Core/Src/stm32f7xx_hal_msp.o
                0x0000000008004680                HAL_MspInit
 .text.HAL_ADC_MspInit
                0x00000000080046c8       0x80 ./Core/Src/stm32f7xx_hal_msp.o
                0x00000000080046c8                HAL_ADC_MspInit
 .text.HAL_CAN_MspInit
                0x0000000008004748       0x98 ./Core/Src/stm32f7xx_hal_msp.o
                0x0000000008004748                HAL_CAN_MspInit
 .text.HAL_TIM_Base_MspInit
                0x00000000080047e0      0x150 ./Core/Src/stm32f7xx_hal_msp.o
                0x00000000080047e0                HAL_TIM_Base_MspInit
 .text.HAL_TIM_MspPostInit
                0x0000000008004930       0x6c ./Core/Src/stm32f7xx_hal_msp.o
                0x0000000008004930                HAL_TIM_MspPostInit
 .text.HAL_UART_MspInit
                0x000000000800499c      0x158 ./Core/Src/stm32f7xx_hal_msp.o
                0x000000000800499c                HAL_UART_MspInit
 .text.NMI_Handler
                0x0000000008004af4        0x6 ./Core/Src/stm32f7xx_it.o
                0x0000000008004af4                NMI_Handler
 .text.HardFault_Handler
                0x0000000008004afa        0x6 ./Core/Src/stm32f7xx_it.o
                0x0000000008004afa                HardFault_Handler
 .text.MemManage_Handler
                0x0000000008004b00        0x6 ./Core/Src/stm32f7xx_it.o
                0x0000000008004b00                MemManage_Handler
 .text.BusFault_Handler
                0x0000000008004b06        0x6 ./Core/Src/stm32f7xx_it.o
                0x0000000008004b06                BusFault_Handler
 .text.UsageFault_Handler
                0x0000000008004b0c        0x6 ./Core/Src/stm32f7xx_it.o
                0x0000000008004b0c                UsageFault_Handler
 .text.SVC_Handler
                0x0000000008004b12        0xe ./Core/Src/stm32f7xx_it.o
                0x0000000008004b12                SVC_Handler
 .text.DebugMon_Handler
                0x0000000008004b20        0xe ./Core/Src/stm32f7xx_it.o
                0x0000000008004b20                DebugMon_Handler
 .text.PendSV_Handler
                0x0000000008004b2e        0xe ./Core/Src/stm32f7xx_it.o
                0x0000000008004b2e                PendSV_Handler
 .text.SysTick_Handler
                0x0000000008004b3c        0xc ./Core/Src/stm32f7xx_it.o
                0x0000000008004b3c                SysTick_Handler
 .text.CAN1_RX0_IRQHandler
                0x0000000008004b48       0x14 ./Core/Src/stm32f7xx_it.o
                0x0000000008004b48                CAN1_RX0_IRQHandler
 .text.EXTI9_5_IRQHandler
                0x0000000008004b5c       0x1c ./Core/Src/stm32f7xx_it.o
                0x0000000008004b5c                EXTI9_5_IRQHandler
 .text.TIM1_BRK_TIM9_IRQHandler
                0x0000000008004b78       0x14 ./Core/Src/stm32f7xx_it.o
                0x0000000008004b78                TIM1_BRK_TIM9_IRQHandler
 .text.EXTI15_10_IRQHandler
                0x0000000008004b8c       0x18 ./Core/Src/stm32f7xx_it.o
                0x0000000008004b8c                EXTI15_10_IRQHandler
 .text.TIM8_TRG_COM_TIM14_IRQHandler
                0x0000000008004ba4       0x14 ./Core/Src/stm32f7xx_it.o
                0x0000000008004ba4                TIM8_TRG_COM_TIM14_IRQHandler
 .text.TIM5_IRQHandler
                0x0000000008004bb8       0x14 ./Core/Src/stm32f7xx_it.o
                0x0000000008004bb8                TIM5_IRQHandler
 .text.TIM6_DAC_IRQHandler
                0x0000000008004bcc       0x14 ./Core/Src/stm32f7xx_it.o
                0x0000000008004bcc                TIM6_DAC_IRQHandler
 .text.TIM7_IRQHandler
                0x0000000008004be0       0x14 ./Core/Src/stm32f7xx_it.o
                0x0000000008004be0                TIM7_IRQHandler
 .text.UART8_IRQHandler
                0x0000000008004bf4       0x14 ./Core/Src/stm32f7xx_it.o
                0x0000000008004bf4                UART8_IRQHandler
 .text._read    0x0000000008004c08       0x3a ./Core/Src/syscalls.o
                0x0000000008004c08                _read
 .text._close   0x0000000008004c42       0x18 ./Core/Src/syscalls.o
                0x0000000008004c42                _close
 .text._fstat   0x0000000008004c5a       0x20 ./Core/Src/syscalls.o
                0x0000000008004c5a                _fstat
 .text._isatty  0x0000000008004c7a       0x16 ./Core/Src/syscalls.o
                0x0000000008004c7a                _isatty
 .text._lseek   0x0000000008004c90       0x1a ./Core/Src/syscalls.o
                0x0000000008004c90                _lseek
 *fill*         0x0000000008004caa        0x2 
 .text._sbrk    0x0000000008004cac       0x6c ./Core/Src/sysmem.o
                0x0000000008004cac                _sbrk
 .text.SystemInit
                0x0000000008004d18       0x24 ./Core/Src/system_stm32f7xx.o
                0x0000000008004d18                SystemInit
 .text.Reset_Handler
                0x0000000008004d3c       0x50 ./Core/Startup/startup_stm32f746zgtx.o
                0x0000000008004d3c                Reset_Handler
 .text.Default_Handler
                0x0000000008004d8c        0x2 ./Core/Startup/startup_stm32f746zgtx.o
                0x0000000008004d8c                RTC_Alarm_IRQHandler
                0x0000000008004d8c                EXTI2_IRQHandler
                0x0000000008004d8c                TIM8_CC_IRQHandler
                0x0000000008004d8c                SPI4_IRQHandler
                0x0000000008004d8c                TIM1_CC_IRQHandler
                0x0000000008004d8c                DMA2_Stream5_IRQHandler
                0x0000000008004d8c                DMA1_Stream5_IRQHandler
                0x0000000008004d8c                PVD_IRQHandler
                0x0000000008004d8c                TAMP_STAMP_IRQHandler
                0x0000000008004d8c                CAN2_RX1_IRQHandler
                0x0000000008004d8c                EXTI3_IRQHandler
                0x0000000008004d8c                TIM1_UP_TIM10_IRQHandler
                0x0000000008004d8c                TIM8_UP_TIM13_IRQHandler
                0x0000000008004d8c                I2C3_ER_IRQHandler
                0x0000000008004d8c                EXTI0_IRQHandler
                0x0000000008004d8c                I2C2_EV_IRQHandler
                0x0000000008004d8c                DMA1_Stream2_IRQHandler
                0x0000000008004d8c                FPU_IRQHandler
                0x0000000008004d8c                OTG_HS_WKUP_IRQHandler
                0x0000000008004d8c                LTDC_ER_IRQHandler
                0x0000000008004d8c                CAN2_SCE_IRQHandler
                0x0000000008004d8c                DMA2_Stream2_IRQHandler
                0x0000000008004d8c                SPI1_IRQHandler
                0x0000000008004d8c                DCMI_IRQHandler
                0x0000000008004d8c                CAN2_RX0_IRQHandler
                0x0000000008004d8c                DMA2_Stream3_IRQHandler
                0x0000000008004d8c                SAI2_IRQHandler
                0x0000000008004d8c                USART6_IRQHandler
                0x0000000008004d8c                USART3_IRQHandler
                0x0000000008004d8c                CAN1_RX1_IRQHandler
                0x0000000008004d8c                UART5_IRQHandler
                0x0000000008004d8c                DMA2_Stream0_IRQHandler
                0x0000000008004d8c                TIM4_IRQHandler
                0x0000000008004d8c                QUADSPI_IRQHandler
                0x0000000008004d8c                I2C1_EV_IRQHandler
                0x0000000008004d8c                DMA1_Stream6_IRQHandler
                0x0000000008004d8c                DMA1_Stream1_IRQHandler
                0x0000000008004d8c                UART4_IRQHandler
                0x0000000008004d8c                TIM3_IRQHandler
                0x0000000008004d8c                RCC_IRQHandler
                0x0000000008004d8c                TIM8_BRK_TIM12_IRQHandler
                0x0000000008004d8c                Default_Handler
                0x0000000008004d8c                CEC_IRQHandler
                0x0000000008004d8c                ADC_IRQHandler
                0x0000000008004d8c                DMA1_Stream7_IRQHandler
                0x0000000008004d8c                SPI5_IRQHandler
                0x0000000008004d8c                SDMMC1_IRQHandler
                0x0000000008004d8c                CAN2_TX_IRQHandler
                0x0000000008004d8c                DMA2_Stream7_IRQHandler
                0x0000000008004d8c                I2C3_EV_IRQHandler
                0x0000000008004d8c                RTC_WKUP_IRQHandler
                0x0000000008004d8c                LTDC_IRQHandler
                0x0000000008004d8c                ETH_WKUP_IRQHandler
                0x0000000008004d8c                SPDIF_RX_IRQHandler
                0x0000000008004d8c                SPI2_IRQHandler
                0x0000000008004d8c                OTG_HS_EP1_IN_IRQHandler
                0x0000000008004d8c                DMA1_Stream0_IRQHandler
                0x0000000008004d8c                CAN1_TX_IRQHandler
                0x0000000008004d8c                EXTI4_IRQHandler
                0x0000000008004d8c                RNG_IRQHandler
                0x0000000008004d8c                ETH_IRQHandler
                0x0000000008004d8c                OTG_HS_EP1_OUT_IRQHandler
                0x0000000008004d8c                WWDG_IRQHandler
                0x0000000008004d8c                SPI6_IRQHandler
                0x0000000008004d8c                I2C4_EV_IRQHandler
                0x0000000008004d8c                TIM2_IRQHandler
                0x0000000008004d8c                OTG_FS_WKUP_IRQHandler
                0x0000000008004d8c                TIM1_TRG_COM_TIM11_IRQHandler
                0x0000000008004d8c                OTG_HS_IRQHandler
                0x0000000008004d8c                DMA2D_IRQHandler
                0x0000000008004d8c                EXTI1_IRQHandler
                0x0000000008004d8c                UART7_IRQHandler
                0x0000000008004d8c                USART2_IRQHandler
                0x0000000008004d8c                I2C2_ER_IRQHandler
                0x0000000008004d8c                DMA2_Stream1_IRQHandler
                0x0000000008004d8c                CAN1_SCE_IRQHandler
                0x0000000008004d8c                FLASH_IRQHandler
                0x0000000008004d8c                DMA2_Stream4_IRQHandler
                0x0000000008004d8c                USART1_IRQHandler
                0x0000000008004d8c                OTG_FS_IRQHandler
                0x0000000008004d8c                SPI3_IRQHandler
                0x0000000008004d8c                DMA1_Stream4_IRQHandler
                0x0000000008004d8c                I2C1_ER_IRQHandler
                0x0000000008004d8c                FMC_IRQHandler
                0x0000000008004d8c                LPTIM1_IRQHandler
                0x0000000008004d8c                I2C4_ER_IRQHandler
                0x0000000008004d8c                DMA2_Stream6_IRQHandler
                0x0000000008004d8c                SAI1_IRQHandler
                0x0000000008004d8c                DMA1_Stream3_IRQHandler
 .text.HAL_Init
                0x0000000008004d8e       0x1a ./Drivers/STM32F7xx_HAL_Driver/Src/stm32f7xx_hal.o
                0x0000000008004d8e                HAL_Init
 .text.HAL_InitTick
                0x0000000008004da8       0x60 ./Drivers/STM32F7xx_HAL_Driver/Src/stm32f7xx_hal.o
                0x0000000008004da8                HAL_InitTick
 .text.HAL_IncTick
                0x0000000008004e08       0x28 ./Drivers/STM32F7xx_HAL_Driver/Src/stm32f7xx_hal.o
                0x0000000008004e08                HAL_IncTick
 .text.HAL_GetTick
                0x0000000008004e30       0x18 ./Drivers/STM32F7xx_HAL_Driver/Src/stm32f7xx_hal.o
                0x0000000008004e30                HAL_GetTick
 .text.HAL_Delay
                0x0000000008004e48       0x48 ./Drivers/STM32F7xx_HAL_Driver/Src/stm32f7xx_hal.o
                0x0000000008004e48                HAL_Delay
 .text.HAL_ADC_Init
                0x0000000008004e90       0x88 ./Drivers/STM32F7xx_HAL_Driver/Src/stm32f7xx_hal_adc.o
                0x0000000008004e90                HAL_ADC_Init
 .text.HAL_ADC_Start
                0x0000000008004f18      0x19c ./Drivers/STM32F7xx_HAL_Driver/Src/stm32f7xx_hal_adc.o
                0x0000000008004f18                HAL_ADC_Start
 .text.HAL_ADC_Stop
                0x00000000080050b4       0x68 ./Drivers/STM32F7xx_HAL_Driver/Src/stm32f7xx_hal_adc.o
                0x00000000080050b4                HAL_ADC_Stop
 .text.HAL_ADC_PollForConversion
                0x000000000800511c      0x116 ./Drivers/STM32F7xx_HAL_Driver/Src/stm32f7xx_hal_adc.o
                0x000000000800511c                HAL_ADC_PollForConversion
 .text.HAL_ADC_GetValue
                0x0000000008005232       0x1a ./Drivers/STM32F7xx_HAL_Driver/Src/stm32f7xx_hal_adc.o
                0x0000000008005232                HAL_ADC_GetValue
 .text.HAL_ADC_ConfigChannel
                0x000000000800524c      0x2ac ./Drivers/STM32F7xx_HAL_Driver/Src/stm32f7xx_hal_adc.o
                0x000000000800524c                HAL_ADC_ConfigChannel
 .text.ADC_Init
                0x00000000080054f8      0x1f4 ./Drivers/STM32F7xx_HAL_Driver/Src/stm32f7xx_hal_adc.o
 .text.HAL_CAN_Init
                0x00000000080056ec      0x1f6 ./Drivers/STM32F7xx_HAL_Driver/Src/stm32f7xx_hal_can.o
                0x00000000080056ec                HAL_CAN_Init
 *fill*         0x00000000080058e2        0x2 
 .text.HAL_CAN_ConfigFilter
                0x00000000080058e4      0x1c0 ./Drivers/STM32F7xx_HAL_Driver/Src/stm32f7xx_hal_can.o
                0x00000000080058e4                HAL_CAN_ConfigFilter
 .text.HAL_CAN_Start
                0x0000000008005aa4       0x88 ./Drivers/STM32F7xx_HAL_Driver/Src/stm32f7xx_hal_can.o
                0x0000000008005aa4                HAL_CAN_Start
 .text.HAL_CAN_AddTxMessage
                0x0000000008005b2c      0x1b6 ./Drivers/STM32F7xx_HAL_Driver/Src/stm32f7xx_hal_can.o
                0x0000000008005b2c                HAL_CAN_AddTxMessage
 .text.HAL_CAN_GetTxMailboxesFreeLevel
                0x0000000008005ce2       0x6a ./Drivers/STM32F7xx_HAL_Driver/Src/stm32f7xx_hal_can.o
                0x0000000008005ce2                HAL_CAN_GetTxMailboxesFreeLevel
 .text.HAL_CAN_GetRxMessage
                0x0000000008005d4c      0x224 ./Drivers/STM32F7xx_HAL_Driver/Src/stm32f7xx_hal_can.o
                0x0000000008005d4c                HAL_CAN_GetRxMessage
 .text.HAL_CAN_ActivateNotification
                0x0000000008005f70       0x4c ./Drivers/STM32F7xx_HAL_Driver/Src/stm32f7xx_hal_can.o
                0x0000000008005f70                HAL_CAN_ActivateNotification
 .text.HAL_CAN_IRQHandler
                0x0000000008005fbc      0x36e ./Drivers/STM32F7xx_HAL_Driver/Src/stm32f7xx_hal_can.o
                0x0000000008005fbc                HAL_CAN_IRQHandler
 .text.HAL_CAN_TxMailbox0CompleteCallback
                0x000000000800632a       0x14 ./Drivers/STM32F7xx_HAL_Driver/Src/stm32f7xx_hal_can.o
                0x000000000800632a                HAL_CAN_TxMailbox0CompleteCallback
 .text.HAL_CAN_TxMailbox1CompleteCallback
                0x000000000800633e       0x14 ./Drivers/STM32F7xx_HAL_Driver/Src/stm32f7xx_hal_can.o
                0x000000000800633e                HAL_CAN_TxMailbox1CompleteCallback
 .text.HAL_CAN_TxMailbox2CompleteCallback
                0x0000000008006352       0x14 ./Drivers/STM32F7xx_HAL_Driver/Src/stm32f7xx_hal_can.o
                0x0000000008006352                HAL_CAN_TxMailbox2CompleteCallback
 .text.HAL_CAN_TxMailbox0AbortCallback
                0x0000000008006366       0x14 ./Drivers/STM32F7xx_HAL_Driver/Src/stm32f7xx_hal_can.o
                0x0000000008006366                HAL_CAN_TxMailbox0AbortCallback
 .text.HAL_CAN_TxMailbox1AbortCallback
                0x000000000800637a       0x14 ./Drivers/STM32F7xx_HAL_Driver/Src/stm32f7xx_hal_can.o
                0x000000000800637a                HAL_CAN_TxMailbox1AbortCallback
 .text.HAL_CAN_TxMailbox2AbortCallback
                0x000000000800638e       0x14 ./Drivers/STM32F7xx_HAL_Driver/Src/stm32f7xx_hal_can.o
                0x000000000800638e                HAL_CAN_TxMailbox2AbortCallback
 .text.HAL_CAN_RxFifo0FullCallback
                0x00000000080063a2       0x14 ./Drivers/STM32F7xx_HAL_Driver/Src/stm32f7xx_hal_can.o
                0x00000000080063a2                HAL_CAN_RxFifo0FullCallback
 .text.HAL_CAN_RxFifo1MsgPendingCallback
                0x00000000080063b6       0x14 ./Drivers/STM32F7xx_HAL_Driver/Src/stm32f7xx_hal_can.o
                0x00000000080063b6                HAL_CAN_RxFifo1MsgPendingCallback
 .text.HAL_CAN_RxFifo1FullCallback
                0x00000000080063ca       0x14 ./Drivers/STM32F7xx_HAL_Driver/Src/stm32f7xx_hal_can.o
                0x00000000080063ca                HAL_CAN_RxFifo1FullCallback
 .text.HAL_CAN_SleepCallback
                0x00000000080063de       0x14 ./Drivers/STM32F7xx_HAL_Driver/Src/stm32f7xx_hal_can.o
                0x00000000080063de                HAL_CAN_SleepCallback
 .text.HAL_CAN_WakeUpFromRxMsgCallback
                0x00000000080063f2       0x14 ./Drivers/STM32F7xx_HAL_Driver/Src/stm32f7xx_hal_can.o
                0x00000000080063f2                HAL_CAN_WakeUpFromRxMsgCallback
 .text.HAL_CAN_ErrorCallback
                0x0000000008006406       0x14 ./Drivers/STM32F7xx_HAL_Driver/Src/stm32f7xx_hal_can.o
                0x0000000008006406                HAL_CAN_ErrorCallback
 *fill*         0x000000000800641a        0x2 
 .text.__NVIC_SetPriorityGrouping
                0x000000000800641c       0x48 ./Drivers/STM32F7xx_HAL_Driver/Src/stm32f7xx_hal_cortex.o
 .text.__NVIC_GetPriorityGrouping
                0x0000000008006464       0x1c ./Drivers/STM32F7xx_HAL_Driver/Src/stm32f7xx_hal_cortex.o
 .text.__NVIC_EnableIRQ
                0x0000000008006480       0x3c ./Drivers/STM32F7xx_HAL_Driver/Src/stm32f7xx_hal_cortex.o
 .text.__NVIC_DisableIRQ
                0x00000000080064bc       0x48 ./Drivers/STM32F7xx_HAL_Driver/Src/stm32f7xx_hal_cortex.o
 .text.__NVIC_SetPriority
                0x0000000008006504       0x54 ./Drivers/STM32F7xx_HAL_Driver/Src/stm32f7xx_hal_cortex.o
 .text.NVIC_EncodePriority
                0x0000000008006558       0x66 ./Drivers/STM32F7xx_HAL_Driver/Src/stm32f7xx_hal_cortex.o
 *fill*         0x00000000080065be        0x2 
 .text.SysTick_Config
                0x00000000080065c0       0x44 ./Drivers/STM32F7xx_HAL_Driver/Src/stm32f7xx_hal_cortex.o
 .text.HAL_NVIC_SetPriorityGrouping
                0x0000000008006604       0x16 ./Drivers/STM32F7xx_HAL_Driver/Src/stm32f7xx_hal_cortex.o
                0x0000000008006604                HAL_NVIC_SetPriorityGrouping
 .text.HAL_NVIC_SetPriority
                0x000000000800661a       0x38 ./Drivers/STM32F7xx_HAL_Driver/Src/stm32f7xx_hal_cortex.o
                0x000000000800661a                HAL_NVIC_SetPriority
 .text.HAL_NVIC_EnableIRQ
                0x0000000008006652       0x1c ./Drivers/STM32F7xx_HAL_Driver/Src/stm32f7xx_hal_cortex.o
                0x0000000008006652                HAL_NVIC_EnableIRQ
 .text.HAL_NVIC_DisableIRQ
                0x000000000800666e       0x1c ./Drivers/STM32F7xx_HAL_Driver/Src/stm32f7xx_hal_cortex.o
                0x000000000800666e                HAL_NVIC_DisableIRQ
 .text.HAL_SYSTICK_Config
                0x000000000800668a       0x18 ./Drivers/STM32F7xx_HAL_Driver/Src/stm32f7xx_hal_cortex.o
                0x000000000800668a                HAL_SYSTICK_Config
 .text.HAL_DMA_Abort
                0x00000000080066a2       0xe0 ./Drivers/STM32F7xx_HAL_Driver/Src/stm32f7xx_hal_dma.o
                0x00000000080066a2                HAL_DMA_Abort
 .text.HAL_DMA_Abort_IT
                0x0000000008006782       0x44 ./Drivers/STM32F7xx_HAL_Driver/Src/stm32f7xx_hal_dma.o
                0x0000000008006782                HAL_DMA_Abort_IT
 *fill*         0x00000000080067c6        0x2 
 .text.HAL_GPIO_Init
                0x00000000080067c8      0x358 ./Drivers/STM32F7xx_HAL_Driver/Src/stm32f7xx_hal_gpio.o
                0x00000000080067c8                HAL_GPIO_Init
 .text.HAL_GPIO_ReadPin
                0x0000000008006b20       0x30 ./Drivers/STM32F7xx_HAL_Driver/Src/stm32f7xx_hal_gpio.o
                0x0000000008006b20                HAL_GPIO_ReadPin
 .text.HAL_GPIO_WritePin
                0x0000000008006b50       0x32 ./Drivers/STM32F7xx_HAL_Driver/Src/stm32f7xx_hal_gpio.o
                0x0000000008006b50                HAL_GPIO_WritePin
 .text.HAL_GPIO_TogglePin
                0x0000000008006b82       0x34 ./Drivers/STM32F7xx_HAL_Driver/Src/stm32f7xx_hal_gpio.o
                0x0000000008006b82                HAL_GPIO_TogglePin
 *fill*         0x0000000008006bb6        0x2 
 .text.HAL_GPIO_EXTI_IRQHandler
                0x0000000008006bb8       0x30 ./Drivers/STM32F7xx_HAL_Driver/Src/stm32f7xx_hal_gpio.o
                0x0000000008006bb8                HAL_GPIO_EXTI_IRQHandler
 .text.HAL_PWREx_EnableOverDrive
                0x0000000008006be8       0xa0 ./Drivers/STM32F7xx_HAL_Driver/Src/stm32f7xx_hal_pwr_ex.o
                0x0000000008006be8                HAL_PWREx_EnableOverDrive
 .text.HAL_RCC_OscConfig
                0x0000000008006c88      0x548 ./Drivers/STM32F7xx_HAL_Driver/Src/stm32f7xx_hal_rcc.o
                0x0000000008006c88                HAL_RCC_OscConfig
 .text.HAL_RCC_ClockConfig
                0x00000000080071d0      0x1d8 ./Drivers/STM32F7xx_HAL_Driver/Src/stm32f7xx_hal_rcc.o
                0x00000000080071d0                HAL_RCC_ClockConfig
 .text.HAL_RCC_GetSysClockFreq
                0x00000000080073a8      0x20c ./Drivers/STM32F7xx_HAL_Driver/Src/stm32f7xx_hal_rcc.o
                0x00000000080073a8                HAL_RCC_GetSysClockFreq
 .text.HAL_RCC_GetHCLKFreq
                0x00000000080075b4       0x18 ./Drivers/STM32F7xx_HAL_Driver/Src/stm32f7xx_hal_rcc.o
                0x00000000080075b4                HAL_RCC_GetHCLKFreq
 .text.HAL_RCC_GetPCLK1Freq
                0x00000000080075cc       0x28 ./Drivers/STM32F7xx_HAL_Driver/Src/stm32f7xx_hal_rcc.o
                0x00000000080075cc                HAL_RCC_GetPCLK1Freq
 .text.HAL_RCC_GetPCLK2Freq
                0x00000000080075f4       0x28 ./Drivers/STM32F7xx_HAL_Driver/Src/stm32f7xx_hal_rcc.o
                0x00000000080075f4                HAL_RCC_GetPCLK2Freq
 .text.HAL_RCCEx_PeriphCLKConfig
                0x000000000800761c      0x7e0 ./Drivers/STM32F7xx_HAL_Driver/Src/stm32f7xx_hal_rcc_ex.o
                0x000000000800761c                HAL_RCCEx_PeriphCLKConfig
 .text.HAL_TIM_Base_Init
                0x0000000008007dfc       0xae ./Drivers/STM32F7xx_HAL_Driver/Src/stm32f7xx_hal_tim.o
                0x0000000008007dfc                HAL_TIM_Base_Init
 *fill*         0x0000000008007eaa        0x2 
 .text.HAL_TIM_Base_Start_IT
                0x0000000008007eac       0xf0 ./Drivers/STM32F7xx_HAL_Driver/Src/stm32f7xx_hal_tim.o
                0x0000000008007eac                HAL_TIM_Base_Start_IT
 .text.HAL_TIM_Base_Stop_IT
                0x0000000008007f9c       0x5e ./Drivers/STM32F7xx_HAL_Driver/Src/stm32f7xx_hal_tim.o
                0x0000000008007f9c                HAL_TIM_Base_Stop_IT
 .text.HAL_TIM_PWM_Init
                0x0000000008007ffa       0xae ./Drivers/STM32F7xx_HAL_Driver/Src/stm32f7xx_hal_tim.o
                0x0000000008007ffa                HAL_TIM_PWM_Init
 .text.HAL_TIM_PWM_MspInit
                0x00000000080080a8       0x14 ./Drivers/STM32F7xx_HAL_Driver/Src/stm32f7xx_hal_tim.o
                0x00000000080080a8                HAL_TIM_PWM_MspInit
 .text.HAL_TIM_PWM_Start_IT
                0x00000000080080bc      0x290 ./Drivers/STM32F7xx_HAL_Driver/Src/stm32f7xx_hal_tim.o
                0x00000000080080bc                HAL_TIM_PWM_Start_IT
 .text.HAL_TIM_IRQHandler
                0x000000000800834c      0x23e ./Drivers/STM32F7xx_HAL_Driver/Src/stm32f7xx_hal_tim.o
                0x000000000800834c                HAL_TIM_IRQHandler
 *fill*         0x000000000800858a        0x2 
 .text.HAL_TIM_PWM_ConfigChannel
                0x000000000800858c      0x228 ./Drivers/STM32F7xx_HAL_Driver/Src/stm32f7xx_hal_tim.o
                0x000000000800858c                HAL_TIM_PWM_ConfigChannel
 .text.HAL_TIM_ConfigClockSource
                0x00000000080087b4      0x194 ./Drivers/STM32F7xx_HAL_Driver/Src/stm32f7xx_hal_tim.o
                0x00000000080087b4                HAL_TIM_ConfigClockSource
 .text.HAL_TIM_OC_DelayElapsedCallback
                0x0000000008008948       0x14 ./Drivers/STM32F7xx_HAL_Driver/Src/stm32f7xx_hal_tim.o
                0x0000000008008948                HAL_TIM_OC_DelayElapsedCallback
 .text.HAL_TIM_IC_CaptureCallback
                0x000000000800895c       0x14 ./Drivers/STM32F7xx_HAL_Driver/Src/stm32f7xx_hal_tim.o
                0x000000000800895c                HAL_TIM_IC_CaptureCallback
 .text.HAL_TIM_PWM_PulseFinishedCallback
                0x0000000008008970       0x14 ./Drivers/STM32F7xx_HAL_Driver/Src/stm32f7xx_hal_tim.o
                0x0000000008008970                HAL_TIM_PWM_PulseFinishedCallback
 .text.HAL_TIM_TriggerCallback
                0x0000000008008984       0x14 ./Drivers/STM32F7xx_HAL_Driver/Src/stm32f7xx_hal_tim.o
                0x0000000008008984                HAL_TIM_TriggerCallback
 .text.TIM_Base_SetConfig
                0x0000000008008998      0x140 ./Drivers/STM32F7xx_HAL_Driver/Src/stm32f7xx_hal_tim.o
                0x0000000008008998                TIM_Base_SetConfig
 .text.TIM_OC1_SetConfig
                0x0000000008008ad8       0xe4 ./Drivers/STM32F7xx_HAL_Driver/Src/stm32f7xx_hal_tim.o
 .text.TIM_OC2_SetConfig
                0x0000000008008bbc       0xf0 ./Drivers/STM32F7xx_HAL_Driver/Src/stm32f7xx_hal_tim.o
                0x0000000008008bbc                TIM_OC2_SetConfig
 .text.TIM_OC3_SetConfig
                0x0000000008008cac       0xec ./Drivers/STM32F7xx_HAL_Driver/Src/stm32f7xx_hal_tim.o
 .text.TIM_OC4_SetConfig
                0x0000000008008d98       0xb0 ./Drivers/STM32F7xx_HAL_Driver/Src/stm32f7xx_hal_tim.o
 .text.TIM_OC5_SetConfig
                0x0000000008008e48       0xa4 ./Drivers/STM32F7xx_HAL_Driver/Src/stm32f7xx_hal_tim.o
 .text.TIM_OC6_SetConfig
                0x0000000008008eec       0xa8 ./Drivers/STM32F7xx_HAL_Driver/Src/stm32f7xx_hal_tim.o
 .text.TIM_TI1_ConfigInputStage
                0x0000000008008f94       0x5e ./Drivers/STM32F7xx_HAL_Driver/Src/stm32f7xx_hal_tim.o
 .text.TIM_TI2_ConfigInputStage
                0x0000000008008ff2       0x60 ./Drivers/STM32F7xx_HAL_Driver/Src/stm32f7xx_hal_tim.o
 .text.TIM_ITRx_SetConfig
                0x0000000008009052       0x36 ./Drivers/STM32F7xx_HAL_Driver/Src/stm32f7xx_hal_tim.o
 .text.TIM_ETR_SetConfig
                0x0000000008009088       0x40 ./Drivers/STM32F7xx_HAL_Driver/Src/stm32f7xx_hal_tim.o
                0x0000000008009088                TIM_ETR_SetConfig
 .text.TIM_CCxChannelCmd
                0x00000000080090c8       0x4a ./Drivers/STM32F7xx_HAL_Driver/Src/stm32f7xx_hal_tim.o
                0x00000000080090c8                TIM_CCxChannelCmd
 *fill*         0x0000000008009112        0x2 
 .text.HAL_TIMEx_MasterConfigSynchronization
                0x0000000008009114      0x11c ./Drivers/STM32F7xx_HAL_Driver/Src/stm32f7xx_hal_tim_ex.o
                0x0000000008009114                HAL_TIMEx_MasterConfigSynchronization
 .text.HAL_TIMEx_CommutCallback
                0x0000000008009230       0x14 ./Drivers/STM32F7xx_HAL_Driver/Src/stm32f7xx_hal_tim_ex.o
                0x0000000008009230                HAL_TIMEx_CommutCallback
 .text.HAL_TIMEx_BreakCallback
                0x0000000008009244       0x14 ./Drivers/STM32F7xx_HAL_Driver/Src/stm32f7xx_hal_tim_ex.o
                0x0000000008009244                HAL_TIMEx_BreakCallback
 .text.HAL_TIMEx_Break2Callback
                0x0000000008009258       0x14 ./Drivers/STM32F7xx_HAL_Driver/Src/stm32f7xx_hal_tim_ex.o
                0x0000000008009258                HAL_TIMEx_Break2Callback
 .text.HAL_UART_Init
                0x000000000800926c       0x9c ./Drivers/STM32F7xx_HAL_Driver/Src/stm32f7xx_hal_uart.o
                0x000000000800926c                HAL_UART_Init
 .text.HAL_UART_Transmit
                0x0000000008009308      0x126 ./Drivers/STM32F7xx_HAL_Driver/Src/stm32f7xx_hal_uart.o
                0x0000000008009308                HAL_UART_Transmit
 *fill*         0x000000000800942e        0x2 
 .text.HAL_UART_IRQHandler
                0x0000000008009430      0x594 ./Drivers/STM32F7xx_HAL_Driver/Src/stm32f7xx_hal_uart.o
                0x0000000008009430                HAL_UART_IRQHandler
 .text.HAL_UART_TxCpltCallback
                0x00000000080099c4       0x14 ./Drivers/STM32F7xx_HAL_Driver/Src/stm32f7xx_hal_uart.o
                0x00000000080099c4                HAL_UART_TxCpltCallback
 .text.HAL_UART_ErrorCallback
                0x00000000080099d8       0x14 ./Drivers/STM32F7xx_HAL_Driver/Src/stm32f7xx_hal_uart.o
                0x00000000080099d8                HAL_UART_ErrorCallback
 .text.HAL_UARTEx_RxEventCallback
                0x00000000080099ec       0x18 ./Drivers/STM32F7xx_HAL_Driver/Src/stm32f7xx_hal_uart.o
                0x00000000080099ec                HAL_UARTEx_RxEventCallback
 .text.UART_SetConfig
                0x0000000008009a04      0x4c8 ./Drivers/STM32F7xx_HAL_Driver/Src/stm32f7xx_hal_uart.o
                0x0000000008009a04                UART_SetConfig
 .text.UART_AdvFeatureConfig
                0x0000000008009ecc      0x144 ./Drivers/STM32F7xx_HAL_Driver/Src/stm32f7xx_hal_uart.o
                0x0000000008009ecc                UART_AdvFeatureConfig
 .text.UART_CheckIdleState
                0x000000000800a010       0x66 ./Drivers/STM32F7xx_HAL_Driver/Src/stm32f7xx_hal_uart.o
                0x000000000800a010                UART_CheckIdleState
 .text.UART_WaitOnFlagUntilTimeout
                0x000000000800a076      0x188 ./Drivers/STM32F7xx_HAL_Driver/Src/stm32f7xx_hal_uart.o
                0x000000000800a076                UART_WaitOnFlagUntilTimeout
 .text.UART_EndRxTransfer
                0x000000000800a1fe       0xc6 ./Drivers/STM32F7xx_HAL_Driver/Src/stm32f7xx_hal_uart.o
 .text.UART_DMAAbortOnError
                0x000000000800a2c4       0x2c ./Drivers/STM32F7xx_HAL_Driver/Src/stm32f7xx_hal_uart.o
 .text.UART_EndTransmit_IT
                0x000000000800a2f0       0x54 ./Drivers/STM32F7xx_HAL_Driver/Src/stm32f7xx_hal_uart.o
 .text.__errno  0x000000000800a344        0xc c:/st/stm32cubeide_1.6.1/stm32cubeide/plugins/com.st.stm32cube.ide.mcu.externaltools.gnu-tools-for-stm32.10.3-2021.10.win32_1.0.0.202111181127/tools/bin/../lib/gcc/arm-none-eabi/10.3.1/../../../../arm-none-eabi/lib/thumb/v7e-m+fp/hard\libc_nano.a(lib_a-errno.o)
                0x000000000800a344                __errno
 .text.__libc_init_array
                0x000000000800a350       0x48 c:/st/stm32cubeide_1.6.1/stm32cubeide/plugins/com.st.stm32cube.ide.mcu.externaltools.gnu-tools-for-stm32.10.3-2021.10.win32_1.0.0.202111181127/tools/bin/../lib/gcc/arm-none-eabi/10.3.1/../../../../arm-none-eabi/lib/thumb/v7e-m+fp/hard\libc_nano.a(lib_a-init.o)
                0x000000000800a350                __libc_init_array
 .text.memset   0x000000000800a398       0x10 c:/st/stm32cubeide_1.6.1/stm32cubeide/plugins/com.st.stm32cube.ide.mcu.externaltools.gnu-tools-for-stm32.10.3-2021.10.win32_1.0.0.202111181127/tools/bin/../lib/gcc/arm-none-eabi/10.3.1/../../../../arm-none-eabi/lib/thumb/v7e-m+fp/hard\libc_nano.a(lib_a-memset.o)
                0x000000000800a398                memset
 .text.printf   0x000000000800a3a8       0x30 c:/st/stm32cubeide_1.6.1/stm32cubeide/plugins/com.st.stm32cube.ide.mcu.externaltools.gnu-tools-for-stm32.10.3-2021.10.win32_1.0.0.202111181127/tools/bin/../lib/gcc/arm-none-eabi/10.3.1/../../../../arm-none-eabi/lib/thumb/v7e-m+fp/hard\libc_nano.a(lib_a-printf.o)
                0x000000000800a3a8                iprintf
                0x000000000800a3a8                printf
 .text.__swbuf_r
                0x000000000800a3d8       0xa4 c:/st/stm32cubeide_1.6.1/stm32cubeide/plugins/com.st.stm32cube.ide.mcu.externaltools.gnu-tools-for-stm32.10.3-2021.10.win32_1.0.0.202111181127/tools/bin/../lib/gcc/arm-none-eabi/10.3.1/../../../../arm-none-eabi/lib/thumb/v7e-m+fp/hard\libc_nano.a(lib_a-wbuf.o)
                0x000000000800a3d8                __swbuf_r
 .text.__swsetup_r
                0x000000000800a47c       0xdc c:/st/stm32cubeide_1.6.1/stm32cubeide/plugins/com.st.stm32cube.ide.mcu.externaltools.gnu-tools-for-stm32.10.3-2021.10.win32_1.0.0.202111181127/tools/bin/../lib/gcc/arm-none-eabi/10.3.1/../../../../arm-none-eabi/lib/thumb/v7e-m+fp/hard\libc_nano.a(lib_a-wsetup.o)
                0x000000000800a47c                __swsetup_r
 .text.__sflush_r
                0x000000000800a558      0x10c c:/st/stm32cubeide_1.6.1/stm32cubeide/plugins/com.st.stm32cube.ide.mcu.externaltools.gnu-tools-for-stm32.10.3-2021.10.win32_1.0.0.202111181127/tools/bin/../lib/gcc/arm-none-eabi/10.3.1/../../../../arm-none-eabi/lib/thumb/v7e-m+fp/hard\libc_nano.a(lib_a-fflush.o)
                0x000000000800a558                __sflush_r
 .text._fflush_r
                0x000000000800a664       0x78 c:/st/stm32cubeide_1.6.1/stm32cubeide/plugins/com.st.stm32cube.ide.mcu.externaltools.gnu-tools-for-stm32.10.3-2021.10.win32_1.0.0.202111181127/tools/bin/../lib/gcc/arm-none-eabi/10.3.1/../../../../arm-none-eabi/lib/thumb/v7e-m+fp/hard\libc_nano.a(lib_a-fflush.o)
                0x000000000800a664                _fflush_r
 .text.std      0x000000000800a6dc       0x48 c:/st/stm32cubeide_1.6.1/stm32cubeide/plugins/com.st.stm32cube.ide.mcu.externaltools.gnu-tools-for-stm32.10.3-2021.10.win32_1.0.0.202111181127/tools/bin/../lib/gcc/arm-none-eabi/10.3.1/../../../../arm-none-eabi/lib/thumb/v7e-m+fp/hard\libc_nano.a(lib_a-findfp.o)
 .text._cleanup_r
                0x000000000800a724        0xc c:/st/stm32cubeide_1.6.1/stm32cubeide/plugins/com.st.stm32cube.ide.mcu.externaltools.gnu-tools-for-stm32.10.3-2021.10.win32_1.0.0.202111181127/tools/bin/../lib/gcc/arm-none-eabi/10.3.1/../../../../arm-none-eabi/lib/thumb/v7e-m+fp/hard\libc_nano.a(lib_a-findfp.o)
                0x000000000800a724                _cleanup_r
 .text.__sfmoreglue
                0x000000000800a730       0x2c c:/st/stm32cubeide_1.6.1/stm32cubeide/plugins/com.st.stm32cube.ide.mcu.externaltools.gnu-tools-for-stm32.10.3-2021.10.win32_1.0.0.202111181127/tools/bin/../lib/gcc/arm-none-eabi/10.3.1/../../../../arm-none-eabi/lib/thumb/v7e-m+fp/hard\libc_nano.a(lib_a-findfp.o)
                0x000000000800a730                __sfmoreglue
 .text.__sfp_lock_acquire
                0x000000000800a75c        0xc c:/st/stm32cubeide_1.6.1/stm32cubeide/plugins/com.st.stm32cube.ide.mcu.externaltools.gnu-tools-for-stm32.10.3-2021.10.win32_1.0.0.202111181127/tools/bin/../lib/gcc/arm-none-eabi/10.3.1/../../../../arm-none-eabi/lib/thumb/v7e-m+fp/hard\libc_nano.a(lib_a-findfp.o)
                0x000000000800a75c                __sfp_lock_acquire
 .text.__sfp_lock_release
                0x000000000800a768        0xc c:/st/stm32cubeide_1.6.1/stm32cubeide/plugins/com.st.stm32cube.ide.mcu.externaltools.gnu-tools-for-stm32.10.3-2021.10.win32_1.0.0.202111181127/tools/bin/../lib/gcc/arm-none-eabi/10.3.1/../../../../arm-none-eabi/lib/thumb/v7e-m+fp/hard\libc_nano.a(lib_a-findfp.o)
                0x000000000800a768                __sfp_lock_release
 .text.__sinit_lock_acquire
                0x000000000800a774        0xc c:/st/stm32cubeide_1.6.1/stm32cubeide/plugins/com.st.stm32cube.ide.mcu.externaltools.gnu-tools-for-stm32.10.3-2021.10.win32_1.0.0.202111181127/tools/bin/../lib/gcc/arm-none-eabi/10.3.1/../../../../arm-none-eabi/lib/thumb/v7e-m+fp/hard\libc_nano.a(lib_a-findfp.o)
                0x000000000800a774                __sinit_lock_acquire
 .text.__sinit_lock_release
                0x000000000800a780        0xc c:/st/stm32cubeide_1.6.1/stm32cubeide/plugins/com.st.stm32cube.ide.mcu.externaltools.gnu-tools-for-stm32.10.3-2021.10.win32_1.0.0.202111181127/tools/bin/../lib/gcc/arm-none-eabi/10.3.1/../../../../arm-none-eabi/lib/thumb/v7e-m+fp/hard\libc_nano.a(lib_a-findfp.o)
                0x000000000800a780                __sinit_lock_release
 .text.__sinit  0x000000000800a78c       0x70 c:/st/stm32cubeide_1.6.1/stm32cubeide/plugins/com.st.stm32cube.ide.mcu.externaltools.gnu-tools-for-stm32.10.3-2021.10.win32_1.0.0.202111181127/tools/bin/../lib/gcc/arm-none-eabi/10.3.1/../../../../arm-none-eabi/lib/thumb/v7e-m+fp/hard\libc_nano.a(lib_a-findfp.o)
                0x000000000800a78c                __sinit
 .text.__sfp    0x000000000800a7fc       0x8c c:/st/stm32cubeide_1.6.1/stm32cubeide/plugins/com.st.stm32cube.ide.mcu.externaltools.gnu-tools-for-stm32.10.3-2021.10.win32_1.0.0.202111181127/tools/bin/../lib/gcc/arm-none-eabi/10.3.1/../../../../arm-none-eabi/lib/thumb/v7e-m+fp/hard\libc_nano.a(lib_a-findfp.o)
                0x000000000800a7fc                __sfp
 .text._fwalk_reent
                0x000000000800a888       0x3e c:/st/stm32cubeide_1.6.1/stm32cubeide/plugins/com.st.stm32cube.ide.mcu.externaltools.gnu-tools-for-stm32.10.3-2021.10.win32_1.0.0.202111181127/tools/bin/../lib/gcc/arm-none-eabi/10.3.1/../../../../arm-none-eabi/lib/thumb/v7e-m+fp/hard\libc_nano.a(lib_a-fwalk.o)
                0x000000000800a888                _fwalk_reent
 .text.__retarget_lock_init_recursive
                0x000000000800a8c6        0x2 c:/st/stm32cubeide_1.6.1/stm32cubeide/plugins/com.st.stm32cube.ide.mcu.externaltools.gnu-tools-for-stm32.10.3-2021.10.win32_1.0.0.202111181127/tools/bin/../lib/gcc/arm-none-eabi/10.3.1/../../../../arm-none-eabi/lib/thumb/v7e-m+fp/hard\libc_nano.a(lib_a-lock.o)
                0x000000000800a8c6                __retarget_lock_init_recursive
 .text.__retarget_lock_acquire_recursive
                0x000000000800a8c8        0x2 c:/st/stm32cubeide_1.6.1/stm32cubeide/plugins/com.st.stm32cube.ide.mcu.externaltools.gnu-tools-for-stm32.10.3-2021.10.win32_1.0.0.202111181127/tools/bin/../lib/gcc/arm-none-eabi/10.3.1/../../../../arm-none-eabi/lib/thumb/v7e-m+fp/hard\libc_nano.a(lib_a-lock.o)
                0x000000000800a8c8                __retarget_lock_acquire_recursive
 .text.__retarget_lock_release_recursive
                0x000000000800a8ca        0x2 c:/st/stm32cubeide_1.6.1/stm32cubeide/plugins/com.st.stm32cube.ide.mcu.externaltools.gnu-tools-for-stm32.10.3-2021.10.win32_1.0.0.202111181127/tools/bin/../lib/gcc/arm-none-eabi/10.3.1/../../../../arm-none-eabi/lib/thumb/v7e-m+fp/hard\libc_nano.a(lib_a-lock.o)
                0x000000000800a8ca                __retarget_lock_release_recursive
 .text.__swhatbuf_r
                0x000000000800a8cc       0x4a c:/st/stm32cubeide_1.6.1/stm32cubeide/plugins/com.st.stm32cube.ide.mcu.externaltools.gnu-tools-for-stm32.10.3-2021.10.win32_1.0.0.202111181127/tools/bin/../lib/gcc/arm-none-eabi/10.3.1/../../../../arm-none-eabi/lib/thumb/v7e-m+fp/hard\libc_nano.a(lib_a-makebuf.o)
                0x000000000800a8cc                __swhatbuf_r
 *fill*         0x000000000800a916        0x2 
 .text.__smakebuf_r
                0x000000000800a918       0x80 c:/st/stm32cubeide_1.6.1/stm32cubeide/plugins/com.st.stm32cube.ide.mcu.externaltools.gnu-tools-for-stm32.10.3-2021.10.win32_1.0.0.202111181127/tools/bin/../lib/gcc/arm-none-eabi/10.3.1/../../../../arm-none-eabi/lib/thumb/v7e-m+fp/hard\libc_nano.a(lib_a-makebuf.o)
                0x000000000800a918                __smakebuf_r
 .text._free_r  0x000000000800a998       0x98 c:/st/stm32cubeide_1.6.1/stm32cubeide/plugins/com.st.stm32cube.ide.mcu.externaltools.gnu-tools-for-stm32.10.3-2021.10.win32_1.0.0.202111181127/tools/bin/../lib/gcc/arm-none-eabi/10.3.1/../../../../arm-none-eabi/lib/thumb/v7e-m+fp/hard\libc_nano.a(lib_a-nano-freer.o)
                0x000000000800a998                _free_r
 .text.sbrk_aligned
                0x000000000800aa30       0x40 c:/st/stm32cubeide_1.6.1/stm32cubeide/plugins/com.st.stm32cube.ide.mcu.externaltools.gnu-tools-for-stm32.10.3-2021.10.win32_1.0.0.202111181127/tools/bin/../lib/gcc/arm-none-eabi/10.3.1/../../../../arm-none-eabi/lib/thumb/v7e-m+fp/hard\libc_nano.a(lib_a-nano-mallocr.o)
 .text._malloc_r
                0x000000000800aa70       0xe8 c:/st/stm32cubeide_1.6.1/stm32cubeide/plugins/com.st.stm32cube.ide.mcu.externaltools.gnu-tools-for-stm32.10.3-2021.10.win32_1.0.0.202111181127/tools/bin/../lib/gcc/arm-none-eabi/10.3.1/../../../../arm-none-eabi/lib/thumb/v7e-m+fp/hard\libc_nano.a(lib_a-nano-mallocr.o)
                0x000000000800aa70                _malloc_r
 .text.__sfputc_r
                0x000000000800ab58       0x2e c:/st/stm32cubeide_1.6.1/stm32cubeide/plugins/com.st.stm32cube.ide.mcu.externaltools.gnu-tools-for-stm32.10.3-2021.10.win32_1.0.0.202111181127/tools/bin/../lib/gcc/arm-none-eabi/10.3.1/../../../../arm-none-eabi/lib/thumb/v7e-m+fp/hard\libc_nano.a(lib_a-nano-vfprintf.o)
 .text.__sfputs_r
                0x000000000800ab86       0x24 c:/st/stm32cubeide_1.6.1/stm32cubeide/plugins/com.st.stm32cube.ide.mcu.externaltools.gnu-tools-for-stm32.10.3-2021.10.win32_1.0.0.202111181127/tools/bin/../lib/gcc/arm-none-eabi/10.3.1/../../../../arm-none-eabi/lib/thumb/v7e-m+fp/hard\libc_nano.a(lib_a-nano-vfprintf.o)
                0x000000000800ab86                __sfputs_r
 *fill*         0x000000000800abaa        0x2 
 .text._vfprintf_r
                0x000000000800abac      0x260 c:/st/stm32cubeide_1.6.1/stm32cubeide/plugins/com.st.stm32cube.ide.mcu.externaltools.gnu-tools-for-stm32.10.3-2021.10.win32_1.0.0.202111181127/tools/bin/../lib/gcc/arm-none-eabi/10.3.1/../../../../arm-none-eabi/lib/thumb/v7e-m+fp/hard\libc_nano.a(lib_a-nano-vfprintf.o)
                0x000000000800abac                _vfprintf_r
                0x000000000800abac                _vfiprintf_r
 .text._printf_common
                0x000000000800ae0c       0xda c:/st/stm32cubeide_1.6.1/stm32cubeide/plugins/com.st.stm32cube.ide.mcu.externaltools.gnu-tools-for-stm32.10.3-2021.10.win32_1.0.0.202111181127/tools/bin/../lib/gcc/arm-none-eabi/10.3.1/../../../../arm-none-eabi/lib/thumb/v7e-m+fp/hard\libc_nano.a(lib_a-nano-vfprintf_i.o)
                0x000000000800ae0c                _printf_common
 *fill*         0x000000000800aee6        0x2 
 .text._printf_i
                0x000000000800aee8      0x24c c:/st/stm32cubeide_1.6.1/stm32cubeide/plugins/com.st.stm32cube.ide.mcu.externaltools.gnu-tools-for-stm32.10.3-2021.10.win32_1.0.0.202111181127/tools/bin/../lib/gcc/arm-none-eabi/10.3.1/../../../../arm-none-eabi/lib/thumb/v7e-m+fp/hard\libc_nano.a(lib_a-nano-vfprintf_i.o)
                0x000000000800aee8                _printf_i
 .text._sbrk_r  0x000000000800b134       0x20 c:/st/stm32cubeide_1.6.1/stm32cubeide/plugins/com.st.stm32cube.ide.mcu.externaltools.gnu-tools-for-stm32.10.3-2021.10.win32_1.0.0.202111181127/tools/bin/../lib/gcc/arm-none-eabi/10.3.1/../../../../arm-none-eabi/lib/thumb/v7e-m+fp/hard\libc_nano.a(lib_a-sbrkr.o)
                0x000000000800b134                _sbrk_r
 .text.__sread  0x000000000800b154       0x22 c:/st/stm32cubeide_1.6.1/stm32cubeide/plugins/com.st.stm32cube.ide.mcu.externaltools.gnu-tools-for-stm32.10.3-2021.10.win32_1.0.0.202111181127/tools/bin/../lib/gcc/arm-none-eabi/10.3.1/../../../../arm-none-eabi/lib/thumb/v7e-m+fp/hard\libc_nano.a(lib_a-stdio.o)
                0x000000000800b154                __sread
 .text.__swrite
                0x000000000800b176       0x38 c:/st/stm32cubeide_1.6.1/stm32cubeide/plugins/com.st.stm32cube.ide.mcu.externaltools.gnu-tools-for-stm32.10.3-2021.10.win32_1.0.0.202111181127/tools/bin/../lib/gcc/arm-none-eabi/10.3.1/../../../../arm-none-eabi/lib/thumb/v7e-m+fp/hard\libc_nano.a(lib_a-stdio.o)
                0x000000000800b176                __swrite
 .text.__sseek  0x000000000800b1ae       0x24 c:/st/stm32cubeide_1.6.1/stm32cubeide/plugins/com.st.stm32cube.ide.mcu.externaltools.gnu-tools-for-stm32.10.3-2021.10.win32_1.0.0.202111181127/tools/bin/../lib/gcc/arm-none-eabi/10.3.1/../../../../arm-none-eabi/lib/thumb/v7e-m+fp/hard\libc_nano.a(lib_a-stdio.o)
                0x000000000800b1ae                __sseek
 .text.__sclose
                0x000000000800b1d2        0x8 c:/st/stm32cubeide_1.6.1/stm32cubeide/plugins/com.st.stm32cube.ide.mcu.externaltools.gnu-tools-for-stm32.10.3-2021.10.win32_1.0.0.202111181127/tools/bin/../lib/gcc/arm-none-eabi/10.3.1/../../../../arm-none-eabi/lib/thumb/v7e-m+fp/hard\libc_nano.a(lib_a-stdio.o)
                0x000000000800b1d2                __sclose
 *fill*         0x000000000800b1da        0x2 
 .text._write_r
                0x000000000800b1dc       0x24 c:/st/stm32cubeide_1.6.1/stm32cubeide/plugins/com.st.stm32cube.ide.mcu.externaltools.gnu-tools-for-stm32.10.3-2021.10.win32_1.0.0.202111181127/tools/bin/../lib/gcc/arm-none-eabi/10.3.1/../../../../arm-none-eabi/lib/thumb/v7e-m+fp/hard\libc_nano.a(lib_a-writer.o)
                0x000000000800b1dc                _write_r
 .text._close_r
                0x000000000800b200       0x20 c:/st/stm32cubeide_1.6.1/stm32cubeide/plugins/com.st.stm32cube.ide.mcu.externaltools.gnu-tools-for-stm32.10.3-2021.10.win32_1.0.0.202111181127/tools/bin/../lib/gcc/arm-none-eabi/10.3.1/../../../../arm-none-eabi/lib/thumb/v7e-m+fp/hard\libc_nano.a(lib_a-closer.o)
                0x000000000800b200                _close_r
 .text._fstat_r
                0x000000000800b220       0x24 c:/st/stm32cubeide_1.6.1/stm32cubeide/plugins/com.st.stm32cube.ide.mcu.externaltools.gnu-tools-for-stm32.10.3-2021.10.win32_1.0.0.202111181127/tools/bin/../lib/gcc/arm-none-eabi/10.3.1/../../../../arm-none-eabi/lib/thumb/v7e-m+fp/hard\libc_nano.a(lib_a-fstatr.o)
                0x000000000800b220                _fstat_r
 .text._isatty_r
                0x000000000800b244       0x20 c:/st/stm32cubeide_1.6.1/stm32cubeide/plugins/com.st.stm32cube.ide.mcu.externaltools.gnu-tools-for-stm32.10.3-2021.10.win32_1.0.0.202111181127/tools/bin/../lib/gcc/arm-none-eabi/10.3.1/../../../../arm-none-eabi/lib/thumb/v7e-m+fp/hard\libc_nano.a(lib_a-isattyr.o)
                0x000000000800b244                _isatty_r
 .text._lseek_r
                0x000000000800b264       0x24 c:/st/stm32cubeide_1.6.1/stm32cubeide/plugins/com.st.stm32cube.ide.mcu.externaltools.gnu-tools-for-stm32.10.3-2021.10.win32_1.0.0.202111181127/tools/bin/../lib/gcc/arm-none-eabi/10.3.1/../../../../arm-none-eabi/lib/thumb/v7e-m+fp/hard\libc_nano.a(lib_a-lseekr.o)
                0x000000000800b264                _lseek_r
 .text.__malloc_lock
                0x000000000800b288        0xc c:/st/stm32cubeide_1.6.1/stm32cubeide/plugins/com.st.stm32cube.ide.mcu.externaltools.gnu-tools-for-stm32.10.3-2021.10.win32_1.0.0.202111181127/tools/bin/../lib/gcc/arm-none-eabi/10.3.1/../../../../arm-none-eabi/lib/thumb/v7e-m+fp/hard\libc_nano.a(lib_a-mlock.o)
                0x000000000800b288                __malloc_lock
 .text.__malloc_unlock
                0x000000000800b294        0xc c:/st/stm32cubeide_1.6.1/stm32cubeide/plugins/com.st.stm32cube.ide.mcu.externaltools.gnu-tools-for-stm32.10.3-2021.10.win32_1.0.0.202111181127/tools/bin/../lib/gcc/arm-none-eabi/10.3.1/../../../../arm-none-eabi/lib/thumb/v7e-m+fp/hard\libc_nano.a(lib_a-mlock.o)
                0x000000000800b294                __malloc_unlock
 .text._read_r  0x000000000800b2a0       0x24 c:/st/stm32cubeide_1.6.1/stm32cubeide/plugins/com.st.stm32cube.ide.mcu.externaltools.gnu-tools-for-stm32.10.3-2021.10.win32_1.0.0.202111181127/tools/bin/../lib/gcc/arm-none-eabi/10.3.1/../../../../arm-none-eabi/lib/thumb/v7e-m+fp/hard\libc_nano.a(lib_a-readr.o)
                0x000000000800b2a0                _read_r
 *(.glue_7)
 .glue_7        0x000000000800b2c4        0x0 linker stubs
 *(.glue_7t)
 .glue_7t       0x000000000800b2c4        0x0 linker stubs
 *(.eh_frame)
 .eh_frame      0x000000000800b2c4        0x0 c:/st/stm32cubeide_1.6.1/stm32cubeide/plugins/com.st.stm32cube.ide.mcu.externaltools.gnu-tools-for-stm32.10.3-2021.10.win32_1.0.0.202111181127/tools/bin/../lib/gcc/arm-none-eabi/10.3.1/thumb/v7e-m+fp/hard/crtbegin.o
 *(.init)
 .init          0x000000000800b2c4        0x4 c:/st/stm32cubeide_1.6.1/stm32cubeide/plugins/com.st.stm32cube.ide.mcu.externaltools.gnu-tools-for-stm32.10.3-2021.10.win32_1.0.0.202111181127/tools/bin/../lib/gcc/arm-none-eabi/10.3.1/thumb/v7e-m+fp/hard/crti.o
                0x000000000800b2c4                _init
 .init          0x000000000800b2c8        0x8 c:/st/stm32cubeide_1.6.1/stm32cubeide/plugins/com.st.stm32cube.ide.mcu.externaltools.gnu-tools-for-stm32.10.3-2021.10.win32_1.0.0.202111181127/tools/bin/../lib/gcc/arm-none-eabi/10.3.1/thumb/v7e-m+fp/hard/crtn.o
 *(.fini)
 .fini          0x000000000800b2d0        0x4 c:/st/stm32cubeide_1.6.1/stm32cubeide/plugins/com.st.stm32cube.ide.mcu.externaltools.gnu-tools-for-stm32.10.3-2021.10.win32_1.0.0.202111181127/tools/bin/../lib/gcc/arm-none-eabi/10.3.1/thumb/v7e-m+fp/hard/crti.o
                0x000000000800b2d0                _fini
 .fini          0x000000000800b2d4        0x8 c:/st/stm32cubeide_1.6.1/stm32cubeide/plugins/com.st.stm32cube.ide.mcu.externaltools.gnu-tools-for-stm32.10.3-2021.10.win32_1.0.0.202111181127/tools/bin/../lib/gcc/arm-none-eabi/10.3.1/thumb/v7e-m+fp/hard/crtn.o
                0x000000000800b2dc                . = ALIGN (0x4)
                0x000000000800b2dc                _etext = .

.vfp11_veneer   0x000000000800b2dc        0x0
 .vfp11_veneer  0x000000000800b2dc        0x0 linker stubs

.v4_bx          0x000000000800b2dc        0x0
 .v4_bx         0x000000000800b2dc        0x0 linker stubs

.iplt           0x000000000800b2dc        0x0
 .iplt          0x000000000800b2dc        0x0 c:/st/stm32cubeide_1.6.1/stm32cubeide/plugins/com.st.stm32cube.ide.mcu.externaltools.gnu-tools-for-stm32.10.3-2021.10.win32_1.0.0.202111181127/tools/bin/../lib/gcc/arm-none-eabi/10.3.1/thumb/v7e-m+fp/hard/crtbegin.o

.rodata         0x000000000800b2dc      0x124
                0x000000000800b2dc                . = ALIGN (0x4)
 *(.rodata)
 .rodata        0x000000000800b2dc       0x40 ./Core/Src/SCI_bottom.o
 *(.rodata*)
 .rodata.MINIMUM_LEADER_WIDTH.0
                0x000000000800b31c        0x4 ./Core/Src/ReceiverIR.o
 .rodata.LEADER_NEC_HEAD.11
                0x000000000800b320        0x4 ./Core/Src/TransmitterIR.o
 .rodata.LEADER_NEC_TAIL.10
                0x000000000800b324        0x4 ./Core/Src/TransmitterIR.o
 .rodata.LEADER_AEHA_HEAD.9
                0x000000000800b328        0x4 ./Core/Src/TransmitterIR.o
 .rodata.LEADER_AEHA_TAIL.8
                0x000000000800b32c        0x4 ./Core/Src/TransmitterIR.o
 .rodata.LEADER_SONY_HEAD.7
                0x000000000800b330        0x4 ./Core/Src/TransmitterIR.o
 .rodata.LEADER_SONY_TAIL.6
                0x000000000800b334        0x4 ./Core/Src/TransmitterIR.o
 .rodata.TRAILER_NEC_HEAD.5
                0x000000000800b338        0x4 ./Core/Src/TransmitterIR.o
 .rodata.TRAILER_NEC_TAIL.4
                0x000000000800b33c        0x4 ./Core/Src/TransmitterIR.o
 .rodata.TRAILER_AEHA_HEAD.3
                0x000000000800b340        0x4 ./Core/Src/TransmitterIR.o
 .rodata.TRAILER_AEHA_TAIL.2
                0x000000000800b344        0x4 ./Core/Src/TransmitterIR.o
 .rodata.TRAILER_SONY_HEAD.1
                0x000000000800b348        0x4 ./Core/Src/TransmitterIR.o
 .rodata.TRAILER_SONY_TAIL.0
                0x000000000800b34c        0x4 ./Core/Src/TransmitterIR.o
 .rodata.AHBPrescTable
                0x000000000800b350       0x10 ./Core/Src/system_stm32f7xx.o
                0x000000000800b350                AHBPrescTable
 .rodata.APBPrescTable
                0x000000000800b360        0x8 ./Core/Src/system_stm32f7xx.o
                0x000000000800b360                APBPrescTable
 .rodata._global_impure_ptr
                0x000000000800b368        0x4 c:/st/stm32cubeide_1.6.1/stm32cubeide/plugins/com.st.stm32cube.ide.mcu.externaltools.gnu-tools-for-stm32.10.3-2021.10.win32_1.0.0.202111181127/tools/bin/../lib/gcc/arm-none-eabi/10.3.1/../../../../arm-none-eabi/lib/thumb/v7e-m+fp/hard\libc_nano.a(lib_a-impure.o)
                0x000000000800b368                _global_impure_ptr
 .rodata.__sf_fake_stderr
                0x000000000800b36c       0x20 c:/st/stm32cubeide_1.6.1/stm32cubeide/plugins/com.st.stm32cube.ide.mcu.externaltools.gnu-tools-for-stm32.10.3-2021.10.win32_1.0.0.202111181127/tools/bin/../lib/gcc/arm-none-eabi/10.3.1/../../../../arm-none-eabi/lib/thumb/v7e-m+fp/hard\libc_nano.a(lib_a-findfp.o)
                0x000000000800b36c                __sf_fake_stderr
 .rodata.__sf_fake_stdin
                0x000000000800b38c       0x20 c:/st/stm32cubeide_1.6.1/stm32cubeide/plugins/com.st.stm32cube.ide.mcu.externaltools.gnu-tools-for-stm32.10.3-2021.10.win32_1.0.0.202111181127/tools/bin/../lib/gcc/arm-none-eabi/10.3.1/../../../../arm-none-eabi/lib/thumb/v7e-m+fp/hard\libc_nano.a(lib_a-findfp.o)
                0x000000000800b38c                __sf_fake_stdin
 .rodata.__sf_fake_stdout
                0x000000000800b3ac       0x20 c:/st/stm32cubeide_1.6.1/stm32cubeide/plugins/com.st.stm32cube.ide.mcu.externaltools.gnu-tools-for-stm32.10.3-2021.10.win32_1.0.0.202111181127/tools/bin/../lib/gcc/arm-none-eabi/10.3.1/../../../../arm-none-eabi/lib/thumb/v7e-m+fp/hard\libc_nano.a(lib_a-findfp.o)
                0x000000000800b3ac                __sf_fake_stdout
 .rodata._vfprintf_r.str1.1
                0x000000000800b3cc       0x11 c:/st/stm32cubeide_1.6.1/stm32cubeide/plugins/com.st.stm32cube.ide.mcu.externaltools.gnu-tools-for-stm32.10.3-2021.10.win32_1.0.0.202111181127/tools/bin/../lib/gcc/arm-none-eabi/10.3.1/../../../../arm-none-eabi/lib/thumb/v7e-m+fp/hard\libc_nano.a(lib_a-nano-vfprintf.o)
 .rodata._printf_i.str1.1
                0x000000000800b3dd       0x22 c:/st/stm32cubeide_1.6.1/stm32cubeide/plugins/com.st.stm32cube.ide.mcu.externaltools.gnu-tools-for-stm32.10.3-2021.10.win32_1.0.0.202111181127/tools/bin/../lib/gcc/arm-none-eabi/10.3.1/../../../../arm-none-eabi/lib/thumb/v7e-m+fp/hard\libc_nano.a(lib_a-nano-vfprintf_i.o)
                0x000000000800b400                . = ALIGN (0x4)
 *fill*         0x000000000800b3ff        0x1 

.ARM.extab      0x000000000800b400        0x0
                0x000000000800b400                . = ALIGN (0x4)
 *(.ARM.extab* .gnu.linkonce.armextab.*)
                0x000000000800b400                . = ALIGN (0x4)

.ARM            0x000000000800b400        0x8
                0x000000000800b400                . = ALIGN (0x4)
                0x000000000800b400                __exidx_start = .
 *(.ARM.exidx*)
 .ARM.exidx     0x000000000800b400        0x8 c:/st/stm32cubeide_1.6.1/stm32cubeide/plugins/com.st.stm32cube.ide.mcu.externaltools.gnu-tools-for-stm32.10.3-2021.10.win32_1.0.0.202111181127/tools/bin/../lib/gcc/arm-none-eabi/10.3.1/thumb/v7e-m+fp/hard\libgcc.a(_udivmoddi4.o)
                0x000000000800b408                __exidx_end = .
                0x000000000800b408                . = ALIGN (0x4)

.rel.dyn        0x000000000800b408        0x0
 .rel.iplt      0x000000000800b408        0x0 c:/st/stm32cubeide_1.6.1/stm32cubeide/plugins/com.st.stm32cube.ide.mcu.externaltools.gnu-tools-for-stm32.10.3-2021.10.win32_1.0.0.202111181127/tools/bin/../lib/gcc/arm-none-eabi/10.3.1/thumb/v7e-m+fp/hard/crtbegin.o

.preinit_array  0x000000000800b408        0x0
                0x000000000800b408                . = ALIGN (0x4)
                0x000000000800b408                PROVIDE (__preinit_array_start = .)
 *(.preinit_array*)
                0x000000000800b408                PROVIDE (__preinit_array_end = .)
                0x000000000800b408                . = ALIGN (0x4)

.init_array     0x000000000800b408        0x4
                0x000000000800b408                . = ALIGN (0x4)
                0x000000000800b408                PROVIDE (__init_array_start = .)
 *(SORT_BY_NAME(.init_array.*))
 *(.init_array*)
 .init_array    0x000000000800b408        0x4 c:/st/stm32cubeide_1.6.1/stm32cubeide/plugins/com.st.stm32cube.ide.mcu.externaltools.gnu-tools-for-stm32.10.3-2021.10.win32_1.0.0.202111181127/tools/bin/../lib/gcc/arm-none-eabi/10.3.1/thumb/v7e-m+fp/hard/crtbegin.o
                0x000000000800b40c                PROVIDE (__init_array_end = .)
                0x000000000800b40c                . = ALIGN (0x4)

.fini_array     0x000000000800b40c        0x4
                0x000000000800b40c                . = ALIGN (0x4)
                [!provide]                        PROVIDE (__fini_array_start = .)
 *(SORT_BY_NAME(.fini_array.*))
 *(.fini_array*)
 .fini_array    0x000000000800b40c        0x4 c:/st/stm32cubeide_1.6.1/stm32cubeide/plugins/com.st.stm32cube.ide.mcu.externaltools.gnu-tools-for-stm32.10.3-2021.10.win32_1.0.0.202111181127/tools/bin/../lib/gcc/arm-none-eabi/10.3.1/thumb/v7e-m+fp/hard/crtbegin.o
                [!provide]                        PROVIDE (__fini_array_end = .)
                0x000000000800b410                . = ALIGN (0x4)
                0x000000000800b410                _sidata = LOADADDR (.data)

.data           0x0000000020000000       0x74 load address 0x000000000800b410
                0x0000000020000000                . = ALIGN (0x4)
                0x0000000020000000                _sdata = .
 *(.data)
 *(.data*)
 .data.motor_sw
                0x0000000020000000        0x1 ./Core/Src/SCI_bottom.o
                0x0000000020000000                motor_sw
 *fill*         0x0000000020000001        0x3 
 .data.SystemCoreClock
                0x0000000020000004        0x4 ./Core/Src/system_stm32f7xx.o
                0x0000000020000004                SystemCoreClock
 .data.uwTickPrio
                0x0000000020000008        0x4 ./Drivers/STM32F7xx_HAL_Driver/Src/stm32f7xx_hal.o
                0x0000000020000008                uwTickPrio
 .data.uwTickFreq
                0x000000002000000c        0x1 ./Drivers/STM32F7xx_HAL_Driver/Src/stm32f7xx_hal.o
                0x000000002000000c                uwTickFreq
 *fill*         0x000000002000000d        0x3 
 .data._impure_ptr
                0x0000000020000010        0x4 c:/st/stm32cubeide_1.6.1/stm32cubeide/plugins/com.st.stm32cube.ide.mcu.externaltools.gnu-tools-for-stm32.10.3-2021.10.win32_1.0.0.202111181127/tools/bin/../lib/gcc/arm-none-eabi/10.3.1/../../../../arm-none-eabi/lib/thumb/v7e-m+fp/hard\libc_nano.a(lib_a-impure.o)
                0x0000000020000010                _impure_ptr
 .data.impure_data
                0x0000000020000014       0x60 c:/st/stm32cubeide_1.6.1/stm32cubeide/plugins/com.st.stm32cube.ide.mcu.externaltools.gnu-tools-for-stm32.10.3-2021.10.win32_1.0.0.202111181127/tools/bin/../lib/gcc/arm-none-eabi/10.3.1/../../../../arm-none-eabi/lib/thumb/v7e-m+fp/hard\libc_nano.a(lib_a-impure.o)
 *(.RamFunc)
 *(.RamFunc*)
                0x0000000020000074                . = ALIGN (0x4)
                0x0000000020000074                _edata = .

.igot.plt       0x0000000020000074        0x0 load address 0x000000000800b484
 .igot.plt      0x0000000020000074        0x0 c:/st/stm32cubeide_1.6.1/stm32cubeide/plugins/com.st.stm32cube.ide.mcu.externaltools.gnu-tools-for-stm32.10.3-2021.10.win32_1.0.0.202111181127/tools/bin/../lib/gcc/arm-none-eabi/10.3.1/thumb/v7e-m+fp/hard/crtbegin.o
                0x0000000020000074                . = ALIGN (0x4)

.bss            0x0000000020000074      0x538 load address 0x000000000800b484
                0x0000000020000074                _sbss = .
                0x0000000020000074                __bss_start__ = _sbss
 *(.bss)
 .bss           0x0000000020000074       0x1c c:/st/stm32cubeide_1.6.1/stm32cubeide/plugins/com.st.stm32cube.ide.mcu.externaltools.gnu-tools-for-stm32.10.3-2021.10.win32_1.0.0.202111181127/tools/bin/../lib/gcc/arm-none-eabi/10.3.1/thumb/v7e-m+fp/hard/crtbegin.o
 *(.bss*)
 .bss.data      0x0000000020000090       0x48 ./Core/Src/ReceiverIR.o
                0x0000000020000090                data
 .bss.work      0x00000000200000d8       0x18 ./Core/Src/ReceiverIR.o
                0x00000000200000d8                work
 .bss.us_Tick   0x00000000200000f0        0x4 ./Core/Src/SCI_bottom.o
                0x00000000200000f0                us_Tick
 .bss.gTick     0x00000000200000f4        0x4 ./Core/Src/SCI_bottom.o
                0x00000000200000f4                gTick
 .bss.pre_usTick
                0x00000000200000f8        0x4 ./Core/Src/SCI_bottom.o
                0x00000000200000f8                pre_usTick
 .bss.Tick_100ms
                0x00000000200000fc        0x4 ./Core/Src/SCI_bottom.o
                0x00000000200000fc                Tick_100ms
 .bss.Tick_500ms
                0x0000000020000100        0x4 ./Core/Src/SCI_bottom.o
                0x0000000020000100                Tick_500ms
 .bss.toggle_seq
                0x0000000020000104        0x4 ./Core/Src/SCI_bottom.o
                0x0000000020000104                toggle_seq
 .bss.FDsen_seq
                0x0000000020000108        0x4 ./Core/Src/SCI_bottom.o
                0x0000000020000108                FDsen_seq
 .bss.TIR_setData_flag
                0x000000002000010c        0x1 ./Core/Src/SCI_bottom.o
                0x000000002000010c                TIR_setData_flag
 *fill*         0x000000002000010d        0x3 
 .bss.IR_NEC_Tick
                0x0000000020000110        0x4 ./Core/Src/SCI_bottom.o
                0x0000000020000110                IR_NEC_Tick
 .bss.isr_timeout_counter
                0x0000000020000114        0x1 ./Core/Src/SCI_bottom.o
                0x0000000020000114                isr_timeout_counter
 .bss.isr_timeout_flag
                0x0000000020000115        0x1 ./Core/Src/SCI_bottom.o
                0x0000000020000115                isr_timeout_flag
 *fill*         0x0000000020000116        0x2 
 .bss.sendsensor_seq
                0x0000000020000118        0x4 ./Core/Src/SCI_bottom.o
                0x0000000020000118                sendsensor_seq
 .bss.controlmotor_seq
                0x000000002000011c        0x4 ./Core/Src/SCI_bottom.o
                0x000000002000011c                controlmotor_seq
 .bss.reqmotor_seq
                0x0000000020000120        0x4 ./Core/Src/SCI_bottom.o
                0x0000000020000120                reqmotor_seq
 .bss.motor_break
                0x0000000020000124        0x4 ./Core/Src/SCI_bottom.o
                0x0000000020000124                motor_break
 .bss.motor_disable_flag
                0x0000000020000128        0x4 ./Core/Src/SCI_bottom.o
                0x0000000020000128                motor_disable_flag
 .bss.USS_start
                0x000000002000012c       0x18 ./Core/Src/SCI_bottom.o
                0x000000002000012c                USS_start
 .bss.USS_end   0x0000000020000144       0x18 ./Core/Src/SCI_bottom.o
                0x0000000020000144                USS_end
 .bss.USS_calc  0x000000002000015c       0x18 ./Core/Src/SCI_bottom.o
                0x000000002000015c                USS_calc
 .bss.USS_tmp   0x0000000020000174        0x4 ./Core/Src/SCI_bottom.o
                0x0000000020000174                USS_tmp
 .bss.USS_tick  0x0000000020000178        0x4 ./Core/Src/SCI_bottom.o
                0x0000000020000178                USS_tick
 .bss.robot_state
                0x000000002000017c        0x4 ./Core/Src/SCI_bottom.o
                0x000000002000017c                robot_state
 .bss.air_sw    0x0000000020000180        0x1 ./Core/Src/SCI_bottom.o
                0x0000000020000180                air_sw
 .bss.uv_sw     0x0000000020000181        0x1 ./Core/Src/SCI_bottom.o
                0x0000000020000181                uv_sw
 .bss.charge_relay_sw
                0x0000000020000182        0x1 ./Core/Src/SCI_bottom.o
                0x0000000020000182                charge_relay_sw
 .bss.charger_sw
                0x0000000020000183        0x1 ./Core/Src/SCI_bottom.o
                0x0000000020000183                charger_sw
 .bss.check_docking_sig
                0x0000000020000184        0x1 ./Core/Src/SCI_bottom.o
                0x0000000020000184                check_docking_sig
 .bss.touch     0x0000000020000185        0x1 ./Core/Src/SCI_bottom.o
                0x0000000020000185                touch
 *fill*         0x0000000020000186        0x2 
 .bss.pir       0x0000000020000188        0x6 ./Core/Src/SCI_bottom.o
                0x0000000020000188                pir
 *fill*         0x000000002000018e        0x2 
 .bss.sensor_state
                0x0000000020000190        0x4 ./Core/Src/SCI_bottom.o
                0x0000000020000190                sensor_state
 .bss.battery   0x0000000020000194        0x4 ./Core/Src/SCI_bottom.o
                0x0000000020000194                battery
 .bss.ready_flag
                0x0000000020000198        0x1 ./Core/Src/SCI_bottom.o
                0x0000000020000198                ready_flag
 .bss.start_docking_flag
                0x0000000020000199        0x1 ./Core/Src/SCI_bottom.o
                0x0000000020000199                start_docking_flag
 *fill*         0x000000002000019a        0x2 
 .bss.check_msg
                0x000000002000019c        0x4 ./Core/Src/SCI_bottom.o
                0x000000002000019c                check_msg
 .bss.motor     0x00000000200001a0        0x4 ./Core/Src/SCI_bottom.o
                0x00000000200001a0                motor
 .bss.count.0   0x00000000200001a4        0x4 ./Core/Src/SCI_bottom.o
 .bss.TIR_data  0x00000000200001a8       0x48 ./Core/Src/TransmitterIR.o
                0x00000000200001a8                TIR_data
 .bss.TIR_work  0x00000000200001f0       0x14 ./Core/Src/TransmitterIR.o
                0x00000000200001f0                TIR_work
 .bss.FLAG_RxCplt
                0x0000000020000204        0x4 ./Core/Src/can.o
                0x0000000020000204                FLAG_RxCplt
 .bss.g_uCAN_Rx_Data
                0x0000000020000208        0x8 ./Core/Src/can.o
                0x0000000020000208                g_uCAN_Rx_Data
 .bss.g_tCan_Rx_Header
                0x0000000020000210       0x1c ./Core/Src/can.o
                0x0000000020000210                g_tCan_Rx_Header
 .bss.sFilterConfig
                0x000000002000022c       0x28 ./Core/Src/can.o
                0x000000002000022c                sFilterConfig
 .bss.hadc1     0x0000000020000254       0x48 ./Core/Src/main.o
                0x0000000020000254                hadc1
 .bss.hcan1     0x000000002000029c       0x28 ./Core/Src/main.o
                0x000000002000029c                hcan1
 .bss.htim2     0x00000000200002c4       0x4c ./Core/Src/main.o
                0x00000000200002c4                htim2
 .bss.htim5     0x0000000020000310       0x4c ./Core/Src/main.o
                0x0000000020000310                htim5
 .bss.htim6     0x000000002000035c       0x4c ./Core/Src/main.o
                0x000000002000035c                htim6
 .bss.htim7     0x00000000200003a8       0x4c ./Core/Src/main.o
                0x00000000200003a8                htim7
 .bss.htim9     0x00000000200003f4       0x4c ./Core/Src/main.o
                0x00000000200003f4                htim9
 .bss.htim14    0x0000000020000440       0x4c ./Core/Src/main.o
                0x0000000020000440                htim14
 .bss.huart8    0x000000002000048c       0x84 ./Core/Src/main.o
                0x000000002000048c                huart8
 .bss.huart1    0x0000000020000510       0x84 ./Core/Src/main.o
                0x0000000020000510                huart1
 .bss.__sbrk_heap_end
                0x0000000020000594        0x4 ./Core/Src/sysmem.o
 .bss.uwTick    0x0000000020000598        0x4 ./Drivers/STM32F7xx_HAL_Driver/Src/stm32f7xx_hal.o
                0x0000000020000598                uwTick
 .bss.__lock___malloc_recursive_mutex
                0x000000002000059c        0x1 c:/st/stm32cubeide_1.6.1/stm32cubeide/plugins/com.st.stm32cube.ide.mcu.externaltools.gnu-tools-for-stm32.10.3-2021.10.win32_1.0.0.202111181127/tools/bin/../lib/gcc/arm-none-eabi/10.3.1/../../../../arm-none-eabi/lib/thumb/v7e-m+fp/hard\libc_nano.a(lib_a-lock.o)
                0x000000002000059c                __lock___malloc_recursive_mutex
 .bss.__lock___sfp_recursive_mutex
                0x000000002000059d        0x1 c:/st/stm32cubeide_1.6.1/stm32cubeide/plugins/com.st.stm32cube.ide.mcu.externaltools.gnu-tools-for-stm32.10.3-2021.10.win32_1.0.0.202111181127/tools/bin/../lib/gcc/arm-none-eabi/10.3.1/../../../../arm-none-eabi/lib/thumb/v7e-m+fp/hard\libc_nano.a(lib_a-lock.o)
                0x000000002000059d                __lock___sfp_recursive_mutex
 .bss.__lock___sinit_recursive_mutex
                0x000000002000059e        0x1 c:/st/stm32cubeide_1.6.1/stm32cubeide/plugins/com.st.stm32cube.ide.mcu.externaltools.gnu-tools-for-stm32.10.3-2021.10.win32_1.0.0.202111181127/tools/bin/../lib/gcc/arm-none-eabi/10.3.1/../../../../arm-none-eabi/lib/thumb/v7e-m+fp/hard\libc_nano.a(lib_a-lock.o)
                0x000000002000059e                __lock___sinit_recursive_mutex
 *fill*         0x000000002000059f        0x1 
 .bss.__malloc_free_list
                0x00000000200005a0        0x4 c:/st/stm32cubeide_1.6.1/stm32cubeide/plugins/com.st.stm32cube.ide.mcu.externaltools.gnu-tools-for-stm32.10.3-2021.10.win32_1.0.0.202111181127/tools/bin/../lib/gcc/arm-none-eabi/10.3.1/../../../../arm-none-eabi/lib/thumb/v7e-m+fp/hard\libc_nano.a(lib_a-nano-mallocr.o)
                0x00000000200005a0                __malloc_free_list
 .bss.__malloc_sbrk_start
                0x00000000200005a4        0x4 c:/st/stm32cubeide_1.6.1/stm32cubeide/plugins/com.st.stm32cube.ide.mcu.externaltools.gnu-tools-for-stm32.10.3-2021.10.win32_1.0.0.202111181127/tools/bin/../lib/gcc/arm-none-eabi/10.3.1/../../../../arm-none-eabi/lib/thumb/v7e-m+fp/hard\libc_nano.a(lib_a-nano-mallocr.o)
                0x00000000200005a4                __malloc_sbrk_start
 .bss.errno     0x00000000200005a8        0x4 c:/st/stm32cubeide_1.6.1/stm32cubeide/plugins/com.st.stm32cube.ide.mcu.externaltools.gnu-tools-for-stm32.10.3-2021.10.win32_1.0.0.202111181127/tools/bin/../lib/gcc/arm-none-eabi/10.3.1/../../../../arm-none-eabi/lib/thumb/v7e-m+fp/hard\libc_nano.a(lib_a-reent.o)
                0x00000000200005a8                errno
 *(COMMON)
                0x00000000200005ac                . = ALIGN (0x4)
                0x00000000200005ac                _ebss = .
                0x00000000200005ac                __bss_end__ = _ebss

._user_heap_stack
                0x00000000200005ac      0x604 load address 0x000000000800b484
                0x00000000200005b0                . = ALIGN (0x8)
 *fill*         0x00000000200005ac        0x4 
                [!provide]                        PROVIDE (end = .)
                0x00000000200005b0                PROVIDE (_end = .)
                0x00000000200007b0                . = (. + _Min_Heap_Size)
 *fill*         0x00000000200005b0      0x200 
                0x0000000020000bb0                . = (. + _Min_Stack_Size)
 *fill*         0x00000000200007b0      0x400 
                0x0000000020000bb0                . = ALIGN (0x8)

/DISCARD/
 libc.a(*)
 libm.a(*)
 libgcc.a(*)

.ARM.attributes
                0x0000000000000000       0x30
 *(.ARM.attributes)
 .ARM.attributes
                0x0000000000000000       0x1e c:/st/stm32cubeide_1.6.1/stm32cubeide/plugins/com.st.stm32cube.ide.mcu.externaltools.gnu-tools-for-stm32.10.3-2021.10.win32_1.0.0.202111181127/tools/bin/../lib/gcc/arm-none-eabi/10.3.1/thumb/v7e-m+fp/hard/crti.o
 .ARM.attributes
                0x000000000000001e       0x34 c:/st/stm32cubeide_1.6.1/stm32cubeide/plugins/com.st.stm32cube.ide.mcu.externaltools.gnu-tools-for-stm32.10.3-2021.10.win32_1.0.0.202111181127/tools/bin/../lib/gcc/arm-none-eabi/10.3.1/thumb/v7e-m+fp/hard/crtbegin.o
 .ARM.attributes
                0x0000000000000052       0x34 ./Core/Src/ReceiverIR.o
 .ARM.attributes
                0x0000000000000086       0x34 ./Core/Src/SCI_bottom.o
 .ARM.attributes
                0x00000000000000ba       0x34 ./Core/Src/TransmitterIR.o
 .ARM.attributes
                0x00000000000000ee       0x34 ./Core/Src/can.o
 .ARM.attributes
                0x0000000000000122       0x34 ./Core/Src/main.o
 .ARM.attributes
                0x0000000000000156       0x34 ./Core/Src/motor_driver_114.o
 .ARM.attributes
                0x000000000000018a       0x34 ./Core/Src/stm32f7xx_hal_msp.o
 .ARM.attributes
                0x00000000000001be       0x34 ./Core/Src/stm32f7xx_it.o
 .ARM.attributes
                0x00000000000001f2       0x34 ./Core/Src/syscalls.o
 .ARM.attributes
                0x0000000000000226       0x34 ./Core/Src/sysmem.o
 .ARM.attributes
                0x000000000000025a       0x34 ./Core/Src/system_stm32f7xx.o
 .ARM.attributes
                0x000000000000028e       0x21 ./Core/Startup/startup_stm32f746zgtx.o
 .ARM.attributes
                0x00000000000002af       0x34 ./Drivers/STM32F7xx_HAL_Driver/Src/stm32f7xx_hal.o
 .ARM.attributes
                0x00000000000002e3       0x34 ./Drivers/STM32F7xx_HAL_Driver/Src/stm32f7xx_hal_adc.o
 .ARM.attributes
                0x0000000000000317       0x34 ./Drivers/STM32F7xx_HAL_Driver/Src/stm32f7xx_hal_can.o
 .ARM.attributes
                0x000000000000034b       0x34 ./Drivers/STM32F7xx_HAL_Driver/Src/stm32f7xx_hal_cortex.o
 .ARM.attributes
                0x000000000000037f       0x34 ./Drivers/STM32F7xx_HAL_Driver/Src/stm32f7xx_hal_dma.o
 .ARM.attributes
                0x00000000000003b3       0x34 ./Drivers/STM32F7xx_HAL_Driver/Src/stm32f7xx_hal_gpio.o
 .ARM.attributes
                0x00000000000003e7       0x34 ./Drivers/STM32F7xx_HAL_Driver/Src/stm32f7xx_hal_pwr_ex.o
 .ARM.attributes
                0x000000000000041b       0x34 ./Drivers/STM32F7xx_HAL_Driver/Src/stm32f7xx_hal_rcc.o
 .ARM.attributes
                0x000000000000044f       0x34 ./Drivers/STM32F7xx_HAL_Driver/Src/stm32f7xx_hal_rcc_ex.o
 .ARM.attributes
                0x0000000000000483       0x34 ./Drivers/STM32F7xx_HAL_Driver/Src/stm32f7xx_hal_tim.o
 .ARM.attributes
                0x00000000000004b7       0x34 ./Drivers/STM32F7xx_HAL_Driver/Src/stm32f7xx_hal_tim_ex.o
 .ARM.attributes
                0x00000000000004eb       0x34 ./Drivers/STM32F7xx_HAL_Driver/Src/stm32f7xx_hal_uart.o
 .ARM.attributes