Archive member included to satisfy reference by file (symbol)

c:/st/stm32cubeide_1.6.1/stm32cubeide/plugins/com.st.stm32cube.ide.mcu.externaltools.gnu-tools-for-stm32.10.3-2021.10.win32_1.0.0.202111181127/tools/bin/../lib/gcc/arm-none-eabi/10.3.1/../../../../arm-none-eabi/lib/thumb/v7e-m+fp/hard\libc_nano.a(lib_a-errno.o)
                              ./Core/Src/syscalls.o (__errno)
c:/st/stm32cubeide_1.6.1/stm32cubeide/plugins/com.st.stm32cube.ide.mcu.externaltools.gnu-tools-for-stm32.10.3-2021.10.win32_1.0.0.202111181127/tools/bin/../lib/gcc/arm-none-eabi/10.3.1/../../../../arm-none-eabi/lib/thumb/v7e-m+fp/hard\libc_nano.a(lib_a-exit.o)
                              c:/st/stm32cubeide_1.6.1/stm32cubeide/plugins/com.st.stm32cube.ide.mcu.externaltools.gnu-tools-for-stm32.10.3-2021.10.win32_1.0.0.202111181127/tools/bin/../lib/gcc/arm-none-eabi/10.3.1/../../../../arm-none-eabi/lib/thumb/v7e-m+fp/hard/crt0.o (exit)
c:/st/stm32cubeide_1.6.1/stm32cubeide/plugins/com.st.stm32cube.ide.mcu.externaltools.gnu-tools-for-stm32.10.3-2021.10.win32_1.0.0.202111181127/tools/bin/../lib/gcc/arm-none-eabi/10.3.1/../../../../arm-none-eabi/lib/thumb/v7e-m+fp/hard\libc_nano.a(lib_a-impure.o)
                              c:/st/stm32cubeide_1.6.1/stm32cubeide/plugins/com.st.stm32cube.ide.mcu.externaltools.gnu-tools-for-stm32.10.3-2021.10.win32_1.0.0.202111181127/tools/bin/../lib/gcc/arm-none-eabi/10.3.1/../../../../arm-none-eabi/lib/thumb/v7e-m+fp/hard\libc_nano.a(lib_a-exit.o) (_global_impure_ptr)
c:/st/stm32cubeide_1.6.1/stm32cubeide/plugins/com.st.stm32cube.ide.mcu.externaltools.gnu-tools-for-stm32.10.3-2021.10.win32_1.0.0.202111181127/tools/bin/../lib/gcc/arm-none-eabi/10.3.1/../../../../arm-none-eabi/lib/thumb/v7e-m+fp/hard\libc_nano.a(lib_a-init.o)
                              c:/st/stm32cubeide_1.6.1/stm32cubeide/plugins/com.st.stm32cube.ide.mcu.externaltools.gnu-tools-for-stm32.10.3-2021.10.win32_1.0.0.202111181127/tools/bin/../lib/gcc/arm-none-eabi/10.3.1/../../../../arm-none-eabi/lib/thumb/v7e-m+fp/hard/crt0.o (__libc_init_array)
c:/st/stm32cubeide_1.6.1/stm32cubeide/plugins/com.st.stm32cube.ide.mcu.externaltools.gnu-tools-for-stm32.10.3-2021.10.win32_1.0.0.202111181127/tools/bin/../lib/gcc/arm-none-eabi/10.3.1/../../../../arm-none-eabi/lib/thumb/v7e-m+fp/hard\libc_nano.a(lib_a-memset.o)
                              c:/st/stm32cubeide_1.6.1/stm32cubeide/plugins/com.st.stm32cube.ide.mcu.externaltools.gnu-tools-for-stm32.10.3-2021.10.win32_1.0.0.202111181127/tools/bin/../lib/gcc/arm-none-eabi/10.3.1/../../../../arm-none-eabi/lib/thumb/v7e-m+fp/hard/crt0.o (memset)
c:/st/stm32cubeide_1.6.1/stm32cubeide/plugins/com.st.stm32cube.ide.mcu.externaltools.gnu-tools-for-stm32.10.3-2021.10.win32_1.0.0.202111181127/tools/bin/../lib/gcc/arm-none-eabi/10.3.1/thumb/v7e-m+fp/hard\libgcc.a(_arm_muldf3.o)
                              ./Core/Src/SCI_bottom.o (__aeabi_dmul)
c:/st/stm32cubeide_1.6.1/stm32cubeide/plugins/com.st.stm32cube.ide.mcu.externaltools.gnu-tools-for-stm32.10.3-2021.10.win32_1.0.0.202111181127/tools/bin/../lib/gcc/arm-none-eabi/10.3.1/thumb/v7e-m+fp/hard\libgcc.a(_arm_addsubdf3.o)
                              ./Core/Src/SCI_bottom.o (__aeabi_dsub)
c:/st/stm32cubeide_1.6.1/stm32cubeide/plugins/com.st.stm32cube.ide.mcu.externaltools.gnu-tools-for-stm32.10.3-2021.10.win32_1.0.0.202111181127/tools/bin/../lib/gcc/arm-none-eabi/10.3.1/thumb/v7e-m+fp/hard\libgcc.a(_arm_muldivdf3.o)
                              ./Core/Src/SCI_bottom.o (__aeabi_ddiv)
c:/st/stm32cubeide_1.6.1/stm32cubeide/plugins/com.st.stm32cube.ide.mcu.externaltools.gnu-tools-for-stm32.10.3-2021.10.win32_1.0.0.202111181127/tools/bin/../lib/gcc/arm-none-eabi/10.3.1/thumb/v7e-m+fp/hard\libgcc.a(_arm_fixdfsi.o)
                              ./Core/Src/SCI_bottom.o (__aeabi_d2iz)
c:/st/stm32cubeide_1.6.1/stm32cubeide/plugins/com.st.stm32cube.ide.mcu.externaltools.gnu-tools-for-stm32.10.3-2021.10.win32_1.0.0.202111181127/tools/bin/../lib/gcc/arm-none-eabi/10.3.1/thumb/v7e-m+fp/hard\libgcc.a(_arm_fixunsdfsi.o)
                              ./Core/Src/SCI_bottom.o (__aeabi_d2uiz)
c:/st/stm32cubeide_1.6.1/stm32cubeide/plugins/com.st.stm32cube.ide.mcu.externaltools.gnu-tools-for-stm32.10.3-2021.10.win32_1.0.0.202111181127/tools/bin/../lib/gcc/arm-none-eabi/10.3.1/thumb/v7e-m+fp/hard\libgcc.a(_aeabi_uldivmod.o)
                              ./Drivers/STM32F7xx_HAL_Driver/Src/stm32f7xx_hal_rcc.o (__aeabi_uldivmod)
c:/st/stm32cubeide_1.6.1/stm32cubeide/plugins/com.st.stm32cube.ide.mcu.externaltools.gnu-tools-for-stm32.10.3-2021.10.win32_1.0.0.202111181127/tools/bin/../lib/gcc/arm-none-eabi/10.3.1/thumb/v7e-m+fp/hard\libgcc.a(_udivmoddi4.o)
                              c:/st/stm32cubeide_1.6.1/stm32cubeide/plugins/com.st.stm32cube.ide.mcu.externaltools.gnu-tools-for-stm32.10.3-2021.10.win32_1.0.0.202111181127/tools/bin/../lib/gcc/arm-none-eabi/10.3.1/thumb/v7e-m+fp/hard\libgcc.a(_aeabi_uldivmod.o) (__udivmoddi4)
[...]
Memory Configuration

Name             Origin             Length             Attributes
RAM              0x0000000020000000 0x0000000000050000 xrw
FLASH            0x0000000008000000 0x0000000000100000 xr
*default*        0x0000000000000000 0xffffffffffffffff

Linker script and memory map

LOAD c:/st/stm32cubeide_1.6.1/stm32cubeide/plugins/com.st.stm32cube.ide.mcu.externaltools.gnu-tools-for-stm32.10.3-2021.10.win32_1.0.0.202111181127/tools/bin/../lib/gcc/arm-none-eabi/10.3.1/thumb/v7e-m+fp/hard/crti.o
LOAD c:/st/stm32cubeide_1.6.1/stm32cubeide/plugins/com.st.stm32cube.ide.mcu.externaltools.gnu-tools-for-stm32.10.3-2021.10.win32_1.0.0.202111181127/tools/bin/../lib/gcc/arm-none-eabi/10.3.1/thumb/v7e-m+fp/hard/crtbegin.o
LOAD c:/st/stm32cubeide_1.6.1/stm32cubeide/plugins/com.st.stm32cube.ide.mcu.externaltools.gnu-tools-for-stm32.10.3-2021.10.win32_1.0.0.202111181127/tools/bin/../lib/gcc/arm-none-eabi/10.3.1/../../../../arm-none-eabi/lib/thumb/v7e-m+fp/hard/crt0.o
LOAD ./Core/Src/SCI_bottom.o
LOAD ./Core/Src/can.o
LOAD ./Core/Src/main.o
LOAD ./Core/Src/motor_driver_114.o
LOAD ./Core/Src/stm32f7xx_hal_msp.o
LOAD ./Core/Src/stm32f7xx_it.o
LOAD ./Core/Src/syscalls.o
LOAD ./Core/Src/sysmem.o
LOAD ./Core/Src/system_stm32f7xx.o
LOAD ./Core/Src/ultrasonic.o
LOAD ./Core/Startup/startup_stm32f746zgtx.o
LOAD ./Drivers/STM32F7xx_HAL_Driver/Src/stm32f7xx_hal.o
LOAD ./Drivers/STM32F7xx_HAL_Driver/Src/stm32f7xx_hal_can.o
LOAD ./Drivers/STM32F7xx_HAL_Driver/Src/stm32f7xx_hal_cortex.o
LOAD ./Drivers/STM32F7xx_HAL_Driver/Src/stm32f7xx_hal_dma.o
LOAD ./Drivers/STM32F7xx_HAL_Driver/Src/stm32f7xx_hal_dma_ex.o
LOAD ./Drivers/STM32F7xx_HAL_Driver/Src/stm32f7xx_hal_exti.o
LOAD ./Drivers/STM32F7xx_HAL_Driver/Src/stm32f7xx_hal_flash.o
LOAD ./Drivers/STM32F7xx_HAL_Driver/Src/stm32f7xx_hal_flash_ex.o
LOAD ./Drivers/STM32F7xx_HAL_Driver/Src/stm32f7xx_hal_gpio.o
LOAD ./Drivers/STM32F7xx_HAL_Driver/Src/stm32f7xx_hal_i2c.o
LOAD ./Drivers/STM32F7xx_HAL_Driver/Src/stm32f7xx_hal_i2c_ex.o
LOAD ./Drivers/STM32F7xx_HAL_Driver/Src/stm32f7xx_hal_pwr.o
LOAD ./Drivers/STM32F7xx_HAL_Driver/Src/stm32f7xx_hal_pwr_ex.o
LOAD ./Drivers/STM32F7xx_HAL_Driver/Src/stm32f7xx_hal_rcc.o
LOAD ./Drivers/STM32F7xx_HAL_Driver/Src/stm32f7xx_hal_rcc_ex.o
LOAD ./Drivers/STM32F7xx_HAL_Driver/Src/stm32f7xx_hal_tim.o
LOAD ./Drivers/STM32F7xx_HAL_Driver/Src/stm32f7xx_hal_tim_ex.o
LOAD ./Drivers/STM32F7xx_HAL_Driver/Src/stm32f7xx_hal_uart.o
LOAD ./Drivers/STM32F7xx_HAL_Driver/Src/stm32f7xx_hal_uart_ex.o
START GROUP
LOAD c:/st/stm32cubeide_1.6.1/stm32cubeide/plugins/com.st.stm32cube.ide.mcu.externaltools.gnu-tools-for-stm32.10.3-2021.10.win32_1.0.0.202111181127/tools/bin/../lib/gcc/arm-none-eabi/10.3.1/../../../../arm-none-eabi/lib/thumb/v7e-m+fp/hard\libc_nano.a
LOAD c:/st/stm32cubeide_1.6.1/stm32cubeide/plugins/com.st.stm32cube.ide.mcu.externaltools.gnu-tools-for-stm32.10.3-2021.10.win32_1.0.0.202111181127/tools/bin/../lib/gcc/arm-none-eabi/10.3.1/../../../../arm-none-eabi/lib/thumb/v7e-m+fp/hard\libm.a
END GROUP
START GROUP
LOAD c:/st/stm32cubeide_1.6.1/stm32cubeide/plugins/com.st.stm32cube.ide.mcu.externaltools.gnu-tools-for-stm32.10.3-2021.10.win32_1.0.0.202111181127/tools/bin/../lib/gcc/arm-none-eabi/10.3.1/thumb/v7e-m+fp/hard\libgcc.a
LOAD c:/st/stm32cubeide_1.6.1/stm32cubeide/plugins/com.st.stm32cube.ide.mcu.externaltools.gnu-tools-for-stm32.10.3-2021.10.win32_1.0.0.202111181127/tools/bin/../lib/gcc/arm-none-eabi/10.3.1/../../../../arm-none-eabi/lib/thumb/v7e-m+fp/hard\libc_nano.a
END GROUP
START GROUP
LOAD c:/st/stm32cubeide_1.6.1/stm32cubeide/plugins/com.st.stm32cube.ide.mcu.externaltools.gnu-tools-for-stm32.10.3-2021.10.win32_1.0.0.202111181127/tools/bin/../lib/gcc/arm-none-eabi/10.3.1/thumb/v7e-m+fp/hard\libgcc.a
LOAD c:/st/stm32cubeide_1.6.1/stm32cubeide/plugins/com.st.stm32cube.ide.mcu.externaltools.gnu-tools-for-stm32.10.3-2021.10.win32_1.0.0.202111181127/tools/bin/../lib/gcc/arm-none-eabi/10.3.1/../../../../arm-none-eabi/lib/thumb/v7e-m+fp/hard\libc_nano.a
LOAD c:/st/stm32cubeide_1.6.1/stm32cubeide/plugins/com.st.stm32cube.ide.mcu.externaltools.gnu-tools-for-stm32.10.3-2021.10.win32_1.0.0.202111181127/tools/bin/../lib/gcc/arm-none-eabi/10.3.1/../../../../arm-none-eabi/lib/thumb/v7e-m+fp/hard\libnosys.a
END GROUP
START GROUP
LOAD c:/st/stm32cubeide_1.6.1/stm32cubeide/plugins/com.st.stm32cube.ide.mcu.externaltools.gnu-tools-for-stm32.10.3-2021.10.win32_1.0.0.202111181127/tools/bin/../lib/gcc/arm-none-eabi/10.3.1/thumb/v7e-m+fp/hard\libgcc.a
LOAD c:/st/stm32cubeide_1.6.1/stm32cubeide/plugins/com.st.stm32cube.ide.mcu.externaltools.gnu-tools-for-stm32.10.3-2021.10.win32_1.0.0.202111181127/tools/bin/../lib/gcc/arm-none-eabi/10.3.1/../../../../arm-none-eabi/lib/thumb/v7e-m+fp/hard\libc_nano.a
LOAD c:/st/stm32cubeide_1.6.1/stm32cubeide/plugins/com.st.stm32cube.ide.mcu.externaltools.gnu-tools-for-stm32.10.3-2021.10.win32_1.0.0.202111181127/tools/bin/../lib/gcc/arm-none-eabi/10.3.1/../../../../arm-none-eabi/lib/thumb/v7e-m+fp/hard\libnosys.a
END GROUP
LOAD c:/st/stm32cubeide_1.6.1/stm32cubeide/plugins/com.st.stm32cube.ide.mcu.externaltools.gnu-tools-for-stm32.10.3-2021.10.win32_1.0.0.202111181127/tools/bin/../lib/gcc/arm-none-eabi/10.3.1/thumb/v7e-m+fp/hard/crtend.o
LOAD c:/st/stm32cubeide_1.6.1/stm32cubeide/plugins/com.st.stm32cube.ide.mcu.externaltools.gnu-tools-for-stm32.10.3-2021.10.win32_1.0.0.202111181127/tools/bin/../lib/gcc/arm-none-eabi/10.3.1/thumb/v7e-m+fp/hard/crtn.o
                0x0000000020050000                _estack = (ORIGIN (RAM) + LENGTH (RAM))
                0x0000000000000200                _Min_Heap_Size = 0x200
                0x0000000000000400                _Min_Stack_Size = 0x400

.isr_vector     0x0000000008000000      0x1c8
                0x0000000008000000                . = ALIGN (0x4)
 *(.isr_vector)
 .isr_vector    0x0000000008000000      0x1c8 ./Core/Startup/startup_stm32f746zgtx.o
                0x0000000008000000                g_pfnVectors
                0x00000000080001c8                . = ALIGN (0x4)

.text           0x00000000080001c8     0x6c1c
                0x00000000080001c8                . = ALIGN (0x4)
 *(.text)
 .text          0x00000000080001c8       0x40 c:/st/stm32cubeide_1.6.1/stm32cubeide/plugins/com.st.stm32cube.ide.mcu.externaltools.gnu-tools-for-stm32.10.3-2021.10.win32_1.0.0.202111181127/tools/bin/../lib/gcc/arm-none-eabi/10.3.1/thumb/v7e-m+fp/hard/crtbegin.o
 .text          0x0000000008000208      0x378 c:/st/stm32cubeide_1.6.1/stm32cubeide/plugins/com.st.stm32cube.ide.mcu.externaltools.gnu-tools-for-stm32.10.3-2021.10.win32_1.0.0.202111181127/tools/bin/../lib/gcc/arm-none-eabi/10.3.1/thumb/v7e-m+fp/hard\libgcc.a(_arm_addsubdf3.o)
                0x0000000008000208                __aeabi_drsub
                0x0000000008000210                __aeabi_dsub
                0x0000000008000210                __subdf3
                0x0000000008000214                __aeabi_dadd
                0x0000000008000214                __adddf3
                0x000000000800048c                __floatunsidf
                0x000000000800048c                __aeabi_ui2d
                0x00000000080004ac                __floatsidf
                0x00000000080004ac                __aeabi_i2d
                0x00000000080004d0                __aeabi_f2d
                0x00000000080004d0                __extendsfdf2
                0x0000000008000514                __floatundidf
                0x0000000008000514                __aeabi_ul2d
                0x0000000008000524                __floatdidf
                0x0000000008000524                __aeabi_l2d
 .text          0x0000000008000580      0x424 c:/st/stm32cubeide_1.6.1/stm32cubeide/plugins/com.st.stm32cube.ide.mcu.externaltools.gnu-tools-for-stm32.10.3-2021.10.win32_1.0.0.202111181127/tools/bin/../lib/gcc/arm-none-eabi/10.3.1/thumb/v7e-m+fp/hard\libgcc.a(_arm_muldivdf3.o)
                0x0000000008000580                __aeabi_dmul
                0x0000000008000580                __muldf3
                0x00000000080007d4                __divdf3
                0x00000000080007d4                __aeabi_ddiv
 .text          0x00000000080009a4       0x50 c:/st/stm32cubeide_1.6.1/stm32cubeide/plugins/com.st.stm32cube.ide.mcu.externaltools.gnu-tools-for-stm32.10.3-2021.10.win32_1.0.0.202111181127/tools/bin/../lib/gcc/arm-none-eabi/10.3.1/thumb/v7e-m+fp/hard\libgcc.a(_arm_fixdfsi.o)
                0x00000000080009a4                __aeabi_d2iz
                0x00000000080009a4                __fixdfsi
 .text          0x00000000080009f4       0x40 c:/st/stm32cubeide_1.6.1/stm32cubeide/plugins/com.st.stm32cube.ide.mcu.externaltools.gnu-tools-for-stm32.10.3-2021.10.win32_1.0.0.202111181127/tools/bin/../lib/gcc/arm-none-eabi/10.3.1/thumb/v7e-m+fp/hard\libgcc.a(_arm_fixunsdfsi.o)
                0x00000000080009f4                __aeabi_d2uiz
                0x00000000080009f4                __fixunsdfsi
 .text          0x0000000008000a34       0x30 c:/st/stm32cubeide_1.6.1/stm32cubeide/plugins/com.st.stm32cube.ide.mcu.externaltools.gnu-tools-for-stm32.10.3-2021.10.win32_1.0.0.202111181127/tools/bin/../lib/gcc/arm-none-eabi/10.3.1/thumb/v7e-m+fp/hard\libgcc.a(_aeabi_uldivmod.o)
                0x0000000008000a34                __aeabi_uldivmod
 .text          0x0000000008000a64      0x2d0 c:/st/stm32cubeide_1.6.1/stm32cubeide/plugins/com.st.stm32cube.ide.mcu.externaltools.gnu-tools-for-stm32.10.3-2021.10.win32_1.0.0.202111181127/tools/bin/../lib/gcc/arm-none-eabi/10.3.1/thumb/v7e-m+fp/hard\libgcc.a(_udivmoddi4.o)
                0x0000000008000a64                __udivmoddi4
 .text          0x0000000008000d34        0x4 c:/st/stm32cubeide_1.6.1/stm32cubeide/plugins/com.st.stm32cube.ide.mcu.externaltools.gnu-tools-for-stm32.10.3-2021.10.win32_1.0.0.202111181127/tools/bin/../lib/gcc/arm-none-eabi/10.3.1/thumb/v7e-m+fp/hard\libgcc.a(_dvmd_tls.o)
                0x0000000008000d34                __aeabi_idiv0
                0x0000000008000d34                __aeabi_ldiv0
 *(.text*)
 .text.HAL_TIM_PeriodElapsedCallback
                0x0000000008000d38       0x5c ./Core/Src/SCI_bottom.o
                0x0000000008000d38                HAL_TIM_PeriodElapsedCallback
 .text.HAL_GPIO_EXTI_Callback
                0x0000000008000d94       0x2c ./Core/Src/SCI_bottom.o
                0x0000000008000d94                HAL_GPIO_EXTI_Callback
 .text.sendEnc  0x0000000008000dc0      0x198 ./Core/Src/SCI_bottom.o
                0x0000000008000dc0                sendEnc
 .text.toVW     0x0000000008000f58       0xbc ./Core/Src/SCI_bottom.o
                0x0000000008000f58                toVW
 .text.parseEnc
                0x0000000008001014      0x100 ./Core/Src/SCI_bottom.o
                0x0000000008001014                parseEnc
 *fill*         0x0000000008001114        0x4 
 .text.spinonce
                0x0000000008001118      0x6a0 ./Core/Src/SCI_bottom.o
                0x0000000008001118                spinonce
 .text.CanInit  0x00000000080017b8       0x98 ./Core/Src/can.o
                0x00000000080017b8                CanInit
 .text.sendCan  0x0000000008001850       0x74 ./Core/Src/can.o
                0x0000000008001850                sendCan
 .text.HAL_CAN_RxFifo0MsgPendingCallback
                0x00000000080018c4       0x40 ./Core/Src/can.o
                0x00000000080018c4                HAL_CAN_RxFifo0MsgPendingCallback
 .text.main     0x0000000008001904       0x34 ./Core/Src/main.o
                0x0000000008001904                main
 .text.SystemClock_Config
                0x0000000008001938       0xd8 ./Core/Src/main.o
                0x0000000008001938                SystemClock_Config
 .text.MX_CAN1_Init
                0x0000000008001a10       0x6c ./Core/Src/main.o
 .text.MX_TIM2_Init
                0x0000000008001a7c       0xf0 ./Core/Src/main.o
 .text.MX_TIM6_Init
                0x0000000008001b6c       0x6c ./Core/Src/main.o
 .text.MX_UART8_Init
                0x0000000008001bd8       0x60 ./Core/Src/main.o
 .text.MX_USART1_UART_Init
                0x0000000008001c38       0x60 ./Core/Src/main.o
 .text.MX_GPIO_Init
                0x0000000008001c98      0x24c ./Core/Src/main.o
 .text.Error_Handler
                0x0000000008001ee4        0xa ./Core/Src/main.o
                0x0000000008001ee4                Error_Handler
 *fill*         0x0000000008001eee        0x2 
 .text.enable   0x0000000008001ef0       0xc0 ./Core/Src/motor_driver_114.o
                0x0000000008001ef0                enable
 .text.disable  0x0000000008001fb0       0x9e ./Core/Src/motor_driver_114.o
                0x0000000008001fb0                disable
 .text.control  0x000000000800204e       0xc6 ./Core/Src/motor_driver_114.o
                0x000000000800204e                control
 .text.HAL_MspInit
                0x0000000008002114       0x48 ./Core/Src/stm32f7xx_hal_msp.o
                0x0000000008002114                HAL_MspInit
 .text.HAL_CAN_MspInit
                0x000000000800215c       0x98 ./Core/Src/stm32f7xx_hal_msp.o
                0x000000000800215c                HAL_CAN_MspInit
 .text.HAL_TIM_Base_MspInit
                0x00000000080021f4       0x70 ./Core/Src/stm32f7xx_hal_msp.o
                0x00000000080021f4                HAL_TIM_Base_MspInit
 .text.HAL_TIM_MspPostInit
                0x0000000008002264       0x6c ./Core/Src/stm32f7xx_hal_msp.o
                0x0000000008002264                HAL_TIM_MspPostInit
 .text.HAL_UART_MspInit
                0x00000000080022d0      0x158 ./Core/Src/stm32f7xx_hal_msp.o
                0x00000000080022d0                HAL_UART_MspInit
 .text.NMI_Handler
                0x0000000008002428        0x6 ./Core/Src/stm32f7xx_it.o
                0x0000000008002428                NMI_Handler
 .text.HardFault_Handler
                0x000000000800242e        0x6 ./Core/Src/stm32f7xx_it.o
                0x000000000800242e                HardFault_Handler
 .text.MemManage_Handler
                0x0000000008002434        0x6 ./Core/Src/stm32f7xx_it.o
                0x0000000008002434                MemManage_Handler
 .text.BusFault_Handler
                0x000000000800243a        0x6 ./Core/Src/stm32f7xx_it.o
                0x000000000800243a                BusFault_Handler
 .text.UsageFault_Handler
                0x0000000008002440        0x6 ./Core/Src/stm32f7xx_it.o
                0x0000000008002440                UsageFault_Handler
 .text.SVC_Handler
                0x0000000008002446        0xe ./Core/Src/stm32f7xx_it.o
                0x0000000008002446                SVC_Handler
 .text.DebugMon_Handler
                0x0000000008002454        0xe ./Core/Src/stm32f7xx_it.o
                0x0000000008002454                DebugMon_Handler
 .text.PendSV_Handler
                0x0000000008002462        0xe ./Core/Src/stm32f7xx_it.o
                0x0000000008002462                PendSV_Handler
 .text.SysTick_Handler
                0x0000000008002470        0xc ./Core/Src/stm32f7xx_it.o
                0x0000000008002470                SysTick_Handler
 .text.CAN1_RX0_IRQHandler
                0x000000000800247c       0x14 ./Core/Src/stm32f7xx_it.o
                0x000000000800247c                CAN1_RX0_IRQHandler
 .text.EXTI9_5_IRQHandler
                0x0000000008002490       0x1c ./Core/Src/stm32f7xx_it.o
                0x0000000008002490                EXTI9_5_IRQHandler
 .text.EXTI15_10_IRQHandler
                0x00000000080024ac       0x10 ./Core/Src/stm32f7xx_it.o
                0x00000000080024ac                EXTI15_10_IRQHandler
 .text.TIM6_DAC_IRQHandler
                0x00000000080024bc       0x14 ./Core/Src/stm32f7xx_it.o
                0x00000000080024bc                TIM6_DAC_IRQHandler
 .text.UART8_IRQHandler
                0x00000000080024d0       0x14 ./Core/Src/stm32f7xx_it.o
                0x00000000080024d0                UART8_IRQHandler
 .text.SystemInit
                0x00000000080024e4       0x24 ./Core/Src/system_stm32f7xx.o
                0x00000000080024e4                SystemInit
 .text.Reset_Handler
                0x0000000008002508       0x50 ./Core/Startup/startup_stm32f746zgtx.o
                0x0000000008002508                Reset_Handler
 .text.Default_Handler
                0x0000000008002558        0x2 ./Core/Startup/startup_stm32f746zgtx.o
                0x0000000008002558                RTC_Alarm_IRQHandler
                0x0000000008002558                EXTI2_IRQHandler
                0x0000000008002558                TIM8_CC_IRQHandler
                0x0000000008002558                SPI4_IRQHandler
                0x0000000008002558                TIM1_CC_IRQHandler
                0x0000000008002558                DMA2_Stream5_IRQHandler
                0x0000000008002558                DMA1_Stream5_IRQHandler
                0x0000000008002558                PVD_IRQHandler
                0x0000000008002558                TAMP_STAMP_IRQHandler
                0x0000000008002558                CAN2_RX1_IRQHandler
                0x0000000008002558                EXTI3_IRQHandler
                0x0000000008002558                TIM8_TRG_COM_TIM14_IRQHandler
                0x0000000008002558                TIM1_UP_TIM10_IRQHandler
                0x0000000008002558                TIM8_UP_TIM13_IRQHandler
                0x0000000008002558                I2C3_ER_IRQHandler
                0x0000000008002558                EXTI0_IRQHandler
                0x0000000008002558                I2C2_EV_IRQHandler
                0x0000000008002558                DMA1_Stream2_IRQHandler
                0x0000000008002558                FPU_IRQHandler
                0x0000000008002558                OTG_HS_WKUP_IRQHandler
                0x0000000008002558                LTDC_ER_IRQHandler
                0x0000000008002558                CAN2_SCE_IRQHandler
                0x0000000008002558                DMA2_Stream2_IRQHandler
                0x0000000008002558                SPI1_IRQHandler
                0x0000000008002558                TIM1_BRK_TIM9_IRQHandler
                0x0000000008002558                DCMI_IRQHandler
                0x0000000008002558                CAN2_RX0_IRQHandler
                0x0000000008002558                DMA2_Stream3_IRQHandler
                0x0000000008002558                SAI2_IRQHandler
                0x0000000008002558                USART6_IRQHandler
                0x0000000008002558                USART3_IRQHandler
                0x0000000008002558                CAN1_RX1_IRQHandler
                0x0000000008002558                UART5_IRQHandler
                0x0000000008002558                DMA2_Stream0_IRQHandler
                0x0000000008002558                TIM4_IRQHandler
                0x0000000008002558                QUADSPI_IRQHandler
                0x0000000008002558                I2C1_EV_IRQHandler
                0x0000000008002558                DMA1_Stream6_IRQHandler
                0x0000000008002558                DMA1_Stream1_IRQHandler
                0x0000000008002558                UART4_IRQHandler
                0x0000000008002558                TIM3_IRQHandler
                0x0000000008002558                RCC_IRQHandler
                0x0000000008002558                TIM8_BRK_TIM12_IRQHandler
                0x0000000008002558                Default_Handler
                0x0000000008002558                CEC_IRQHandler
                0x0000000008002558                ADC_IRQHandler
                0x0000000008002558                DMA1_Stream7_IRQHandler
                0x0000000008002558                SPI5_IRQHandler
                0x0000000008002558                TIM7_IRQHandler
                0x0000000008002558                SDMMC1_IRQHandler
                0x0000000008002558                CAN2_TX_IRQHandler
                0x0000000008002558                TIM5_IRQHandler
                0x0000000008002558                DMA2_Stream7_IRQHandler
                0x0000000008002558                I2C3_EV_IRQHandler
                0x0000000008002558                RTC_WKUP_IRQHandler
                0x0000000008002558                LTDC_IRQHandler
                0x0000000008002558                ETH_WKUP_IRQHandler
                0x0000000008002558                SPDIF_RX_IRQHandler
                0x0000000008002558                SPI2_IRQHandler
                0x0000000008002558                OTG_HS_EP1_IN_IRQHandler
                0x0000000008002558                DMA1_Stream0_IRQHandler
                0x0000000008002558                CAN1_TX_IRQHandler
                0x0000000008002558                EXTI4_IRQHandler
                0x0000000008002558                RNG_IRQHandler
                0x0000000008002558                ETH_IRQHandler
                0x0000000008002558                OTG_HS_EP1_OUT_IRQHandler
                0x0000000008002558                WWDG_IRQHandler
                0x0000000008002558                SPI6_IRQHandler
                0x0000000008002558                I2C4_EV_IRQHandler
                0x0000000008002558                TIM2_IRQHandler
                0x0000000008002558                OTG_FS_WKUP_IRQHandler
                0x0000000008002558                TIM1_TRG_COM_TIM11_IRQHandler
                0x0000000008002558                OTG_HS_IRQHandler
                0x0000000008002558                DMA2D_IRQHandler
                0x0000000008002558                EXTI1_IRQHandler
                0x0000000008002558                UART7_IRQHandler
                0x0000000008002558                USART2_IRQHandler
                0x0000000008002558                I2C2_ER_IRQHandler
                0x0000000008002558                DMA2_Stream1_IRQHandler
                0x0000000008002558                CAN1_SCE_IRQHandler
                0x0000000008002558                FLASH_IRQHandler
                0x0000000008002558                DMA2_Stream4_IRQHandler
                0x0000000008002558                USART1_IRQHandler
                0x0000000008002558                OTG_FS_IRQHandler
                0x0000000008002558                SPI3_IRQHandler
                0x0000000008002558                DMA1_Stream4_IRQHandler
                0x0000000008002558                I2C1_ER_IRQHandler
                0x0000000008002558                FMC_IRQHandler
                0x0000000008002558                LPTIM1_IRQHandler
                0x0000000008002558                I2C4_ER_IRQHandler
                0x0000000008002558                DMA2_Stream6_IRQHandler
                0x0000000008002558                SAI1_IRQHandler
                0x0000000008002558                DMA1_Stream3_IRQHandler
 .text.HAL_Init
                0x000000000800255a       0x1a ./Drivers/STM32F7xx_HAL_Driver/Src/stm32f7xx_hal.o
                0x000000000800255a                HAL_Init
 .text.HAL_InitTick
                0x0000000008002574       0x60 ./Drivers/STM32F7xx_HAL_Driver/Src/stm32f7xx_hal.o
                0x0000000008002574                HAL_InitTick
 .text.HAL_IncTick
                0x00000000080025d4       0x28 ./Drivers/STM32F7xx_HAL_Driver/Src/stm32f7xx_hal.o
                0x00000000080025d4                HAL_IncTick
 .text.HAL_GetTick
                0x00000000080025fc       0x18 ./Drivers/STM32F7xx_HAL_Driver/Src/stm32f7xx_hal.o
                0x00000000080025fc                HAL_GetTick
 .text.HAL_CAN_Init
                0x0000000008002614      0x1f6 ./Drivers/STM32F7xx_HAL_Driver/Src/stm32f7xx_hal_can.o
                0x0000000008002614                HAL_CAN_Init
 *fill*         0x000000000800280a        0x2 
 .text.HAL_CAN_ConfigFilter
                0x000000000800280c      0x1c0 ./Drivers/STM32F7xx_HAL_Driver/Src/stm32f7xx_hal_can.o
                0x000000000800280c                HAL_CAN_ConfigFilter
 .text.HAL_CAN_Start
                0x00000000080029cc       0x88 ./Drivers/STM32F7xx_HAL_Driver/Src/stm32f7xx_hal_can.o
                0x00000000080029cc                HAL_CAN_Start
 .text.HAL_CAN_AddTxMessage
                0x0000000008002a54      0x1b6 ./Drivers/STM32F7xx_HAL_Driver/Src/stm32f7xx_hal_can.o
                0x0000000008002a54                HAL_CAN_AddTxMessage
 .text.HAL_CAN_GetTxMailboxesFreeLevel
                0x0000000008002c0a       0x6a ./Drivers/STM32F7xx_HAL_Driver/Src/stm32f7xx_hal_can.o
                0x0000000008002c0a                HAL_CAN_GetTxMailboxesFreeLevel
 .text.HAL_CAN_GetRxMessage
                0x0000000008002c74      0x224 ./Drivers/STM32F7xx_HAL_Driver/Src/stm32f7xx_hal_can.o
                0x0000000008002c74                HAL_CAN_GetRxMessage
 .text.HAL_CAN_ActivateNotification
                0x0000000008002e98       0x4c ./Drivers/STM32F7xx_HAL_Driver/Src/stm32f7xx_hal_can.o
                0x0000000008002e98                HAL_CAN_ActivateNotification
 .text.HAL_CAN_IRQHandler
                0x0000000008002ee4      0x36e ./Drivers/STM32F7xx_HAL_Driver/Src/stm32f7xx_hal_can.o
                0x0000000008002ee4                HAL_CAN_IRQHandler
 .text.HAL_CAN_TxMailbox0CompleteCallback
                0x0000000008003252       0x14 ./Drivers/STM32F7xx_HAL_Driver/Src/stm32f7xx_hal_can.o
                0x0000000008003252                HAL_CAN_TxMailbox0CompleteCallback
 .text.HAL_CAN_TxMailbox1CompleteCallback
                0x0000000008003266       0x14 ./Drivers/STM32F7xx_HAL_Driver/Src/stm32f7xx_hal_can.o
                0x0000000008003266                HAL_CAN_TxMailbox1CompleteCallback
 .text.HAL_CAN_TxMailbox2CompleteCallback
                0x000000000800327a       0x14 ./Drivers/STM32F7xx_HAL_Driver/Src/stm32f7xx_hal_can.o
                0x000000000800327a                HAL_CAN_TxMailbox2CompleteCallback
 .text.HAL_CAN_TxMailbox0AbortCallback
                0x000000000800328e       0x14 ./Drivers/STM32F7xx_HAL_Driver/Src/stm32f7xx_hal_can.o
                0x000000000800328e                HAL_CAN_TxMailbox0AbortCallback
 .text.HAL_CAN_TxMailbox1AbortCallback
                0x00000000080032a2       0x14 ./Drivers/STM32F7xx_HAL_Driver/Src/stm32f7xx_hal_can.o
                0x00000000080032a2                HAL_CAN_TxMailbox1AbortCallback
 .text.HAL_CAN_TxMailbox2AbortCallback
                0x00000000080032b6       0x14 ./Drivers/STM32F7xx_HAL_Driver/Src/stm32f7xx_hal_can.o
                0x00000000080032b6                HAL_CAN_TxMailbox2AbortCallback
 .text.HAL_CAN_RxFifo0FullCallback
                0x00000000080032ca       0x14 ./Drivers/STM32F7xx_HAL_Driver/Src/stm32f7xx_hal_can.o
                0x00000000080032ca                HAL_CAN_RxFifo0FullCallback
 .text.HAL_CAN_RxFifo1MsgPendingCallback
                0x00000000080032de       0x14 ./Drivers/STM32F7xx_HAL_Driver/Src/stm32f7xx_hal_can.o
                0x00000000080032de                HAL_CAN_RxFifo1MsgPendingCallback
 .text.HAL_CAN_RxFifo1FullCallback
                0x00000000080032f2       0x14 ./Drivers/STM32F7xx_HAL_Driver/Src/stm32f7xx_hal_can.o
                0x00000000080032f2                HAL_CAN_RxFifo1FullCallback
 .text.HAL_CAN_SleepCallback
                0x0000000008003306       0x14 ./Drivers/STM32F7xx_HAL_Driver/Src/stm32f7xx_hal_can.o
                0x0000000008003306                HAL_CAN_SleepCallback
 .text.HAL_CAN_WakeUpFromRxMsgCallback
                0x000000000800331a       0x14 ./Drivers/STM32F7xx_HAL_Driver/Src/stm32f7xx_hal_can.o
                0x000000000800331a                HAL_CAN_WakeUpFromRxMsgCallback
 .text.HAL_CAN_ErrorCallback
                0x000000000800332e       0x14 ./Drivers/STM32F7xx_HAL_Driver/Src/stm32f7xx_hal_can.o
                0x000000000800332e                HAL_CAN_ErrorCallback
 *fill*         0x0000000008003342        0x2 
 .text.__NVIC_SetPriorityGrouping
                0x0000000008003344       0x48 ./Drivers/STM32F7xx_HAL_Driver/Src/stm32f7xx_hal_cortex.o
 .text.__NVIC_GetPriorityGrouping
                0x000000000800338c       0x1c ./Drivers/STM32F7xx_HAL_Driver/Src/stm32f7xx_hal_cortex.o
 .text.__NVIC_EnableIRQ
                0x00000000080033a8       0x3c ./Drivers/STM32F7xx_HAL_Driver/Src/stm32f7xx_hal_cortex.o
 .text.__NVIC_SetPriority
                0x00000000080033e4       0x54 ./Drivers/STM32F7xx_HAL_Driver/Src/stm32f7xx_hal_cortex.o
 .text.NVIC_EncodePriority
                0x0000000008003438       0x66 ./Drivers/STM32F7xx_HAL_Driver/Src/stm32f7xx_hal_cortex.o
 *fill*         0x000000000800349e        0x2 
 .text.SysTick_Config
                0x00000000080034a0       0x44 ./Drivers/STM32F7xx_HAL_Driver/Src/stm32f7xx_hal_cortex.o
 .text.HAL_NVIC_SetPriorityGrouping
                0x00000000080034e4       0x16 ./Drivers/STM32F7xx_HAL_Driver/Src/stm32f7xx_hal_cortex.o
                0x00000000080034e4                HAL_NVIC_SetPriorityGrouping
 .text.HAL_NVIC_SetPriority
                0x00000000080034fa       0x38 ./Drivers/STM32F7xx_HAL_Driver/Src/stm32f7xx_hal_cortex.o
                0x00000000080034fa                HAL_NVIC_SetPriority
 .text.HAL_NVIC_EnableIRQ
                0x0000000008003532       0x1c ./Drivers/STM32F7xx_HAL_Driver/Src/stm32f7xx_hal_cortex.o
                0x0000000008003532                HAL_NVIC_EnableIRQ
 .text.HAL_SYSTICK_Config
                0x000000000800354e       0x18 ./Drivers/STM32F7xx_HAL_Driver/Src/stm32f7xx_hal_cortex.o
                0x000000000800354e                HAL_SYSTICK_Config
 .text.HAL_DMA_Abort
                0x0000000008003566       0xe0 ./Drivers/STM32F7xx_HAL_Driver/Src/stm32f7xx_hal_dma.o
                0x0000000008003566                HAL_DMA_Abort
 .text.HAL_DMA_Abort_IT
                0x0000000008003646       0x44 ./Drivers/STM32F7xx_HAL_Driver/Src/stm32f7xx_hal_dma.o
                0x0000000008003646                HAL_DMA_Abort_IT
 *fill*         0x000000000800368a        0x2 
 .text.HAL_GPIO_Init
                0x000000000800368c      0x358 ./Drivers/STM32F7xx_HAL_Driver/Src/stm32f7xx_hal_gpio.o
                0x000000000800368c                HAL_GPIO_Init
 .text.HAL_GPIO_WritePin
                0x00000000080039e4       0x32 ./Drivers/STM32F7xx_HAL_Driver/Src/stm32f7xx_hal_gpio.o
                0x00000000080039e4                HAL_GPIO_WritePin
 .text.HAL_GPIO_TogglePin
                0x0000000008003a16       0x34 ./Drivers/STM32F7xx_HAL_Driver/Src/stm32f7xx_hal_gpio.o
                0x0000000008003a16                HAL_GPIO_TogglePin
 *fill*         0x0000000008003a4a        0x2 
 .text.HAL_GPIO_EXTI_IRQHandler
                0x0000000008003a4c       0x30 ./Drivers/STM32F7xx_HAL_Driver/Src/stm32f7xx_hal_gpio.o
                0x0000000008003a4c                HAL_GPIO_EXTI_IRQHandler
 .text.HAL_PWREx_EnableOverDrive
                0x0000000008003a7c       0xa0 ./Drivers/STM32F7xx_HAL_Driver/Src/stm32f7xx_hal_pwr_ex.o
                0x0000000008003a7c                HAL_PWREx_EnableOverDrive
 .text.HAL_RCC_OscConfig
                0x0000000008003b1c      0x548 ./Drivers/STM32F7xx_HAL_Driver/Src/stm32f7xx_hal_rcc.o
                0x0000000008003b1c                HAL_RCC_OscConfig
 .text.HAL_RCC_ClockConfig
                0x0000000008004064      0x1d8 ./Drivers/STM32F7xx_HAL_Driver/Src/stm32f7xx_hal_rcc.o
                0x0000000008004064                HAL_RCC_ClockConfig
 .text.HAL_RCC_GetSysClockFreq
                0x000000000800423c      0x20c ./Drivers/STM32F7xx_HAL_Driver/Src/stm32f7xx_hal_rcc.o
                0x000000000800423c                HAL_RCC_GetSysClockFreq
 .text.HAL_RCC_GetHCLKFreq
                0x0000000008004448       0x18 ./Drivers/STM32F7xx_HAL_Driver/Src/stm32f7xx_hal_rcc.o
                0x0000000008004448                HAL_RCC_GetHCLKFreq
 .text.HAL_RCC_GetPCLK1Freq
                0x0000000008004460       0x28 ./Drivers/STM32F7xx_HAL_Driver/Src/stm32f7xx_hal_rcc.o
                0x0000000008004460                HAL_RCC_GetPCLK1Freq
 .text.HAL_RCC_GetPCLK2Freq
                0x0000000008004488       0x28 ./Drivers/STM32F7xx_HAL_Driver/Src/stm32f7xx_hal_rcc.o
                0x0000000008004488                HAL_RCC_GetPCLK2Freq
 .text.HAL_RCCEx_PeriphCLKConfig
                0x00000000080044b0      0x7e0 ./Drivers/STM32F7xx_HAL_Driver/Src/stm32f7xx_hal_rcc_ex.o
                0x00000000080044b0                HAL_RCCEx_PeriphCLKConfig
 .text.HAL_TIM_Base_Init
                0x0000000008004c90       0xae ./Drivers/STM32F7xx_HAL_Driver/Src/stm32f7xx_hal_tim.o
                0x0000000008004c90                HAL_TIM_Base_Init
 *fill*         0x0000000008004d3e        0x2 
 .text.HAL_TIM_Base_Start_IT
                0x0000000008004d40       0xf0 ./Drivers/STM32F7xx_HAL_Driver/Src/stm32f7xx_hal_tim.o
                0x0000000008004d40                HAL_TIM_Base_Start_IT
 .text.HAL_TIM_PWM_Init
                0x0000000008004e30       0xae ./Drivers/STM32F7xx_HAL_Driver/Src/stm32f7xx_hal_tim.o
                0x0000000008004e30                HAL_TIM_PWM_Init
 .text.HAL_TIM_PWM_MspInit
                0x0000000008004ede       0x14 ./Drivers/STM32F7xx_HAL_Driver/Src/stm32f7xx_hal_tim.o
                0x0000000008004ede                HAL_TIM_PWM_MspInit
 .text.HAL_TIM_IRQHandler
                0x0000000008004ef2      0x23e ./Drivers/STM32F7xx_HAL_Driver/Src/stm32f7xx_hal_tim.o
                0x0000000008004ef2                HAL_TIM_IRQHandler
 .text.HAL_TIM_PWM_ConfigChannel
                0x0000000008005130      0x228 ./Drivers/STM32F7xx_HAL_Driver/Src/stm32f7xx_hal_tim.o
                0x0000000008005130                HAL_TIM_PWM_ConfigChannel
 .text.HAL_TIM_ConfigClockSource
                0x0000000008005358      0x194 ./Drivers/STM32F7xx_HAL_Driver/Src/stm32f7xx_hal_tim.o
                0x0000000008005358                HAL_TIM_ConfigClockSource
 .text.HAL_TIM_OC_DelayElapsedCallback
                0x00000000080054ec       0x14 ./Drivers/STM32F7xx_HAL_Driver/Src/stm32f7xx_hal_tim.o
                0x00000000080054ec                HAL_TIM_OC_DelayElapsedCallback
 .text.HAL_TIM_IC_CaptureCallback
                0x0000000008005500       0x14 ./Drivers/STM32F7xx_HAL_Driver/Src/stm32f7xx_hal_tim.o
                0x0000000008005500                HAL_TIM_IC_CaptureCallback
 .text.HAL_TIM_PWM_PulseFinishedCallback
                0x0000000008005514       0x14 ./Drivers/STM32F7xx_HAL_Driver/Src/stm32f7xx_hal_tim.o
                0x0000000008005514                HAL_TIM_PWM_PulseFinishedCallback
 .text.HAL_TIM_TriggerCallback
                0x0000000008005528       0x14 ./Drivers/STM32F7xx_HAL_Driver/Src/stm32f7xx_hal_tim.o
                0x0000000008005528                HAL_TIM_TriggerCallback
 .text.TIM_Base_SetConfig
                0x000000000800553c      0x140 ./Drivers/STM32F7xx_HAL_Driver/Src/stm32f7xx_hal_tim.o
                0x000000000800553c                TIM_Base_SetConfig
 .text.TIM_OC1_SetConfig
                0x000000000800567c       0xe4 ./Drivers/STM32F7xx_HAL_Driver/Src/stm32f7xx_hal_tim.o
 .text.TIM_OC2_SetConfig
                0x0000000008005760       0xf0 ./Drivers/STM32F7xx_HAL_Driver/Src/stm32f7xx_hal_tim.o
                0x0000000008005760                TIM_OC2_SetConfig
 .text.TIM_OC3_SetConfig
                0x0000000008005850       0xec ./Drivers/STM32F7xx_HAL_Driver/Src/stm32f7xx_hal_tim.o
 .text.TIM_OC4_SetConfig
                0x000000000800593c       0xb0 ./Drivers/STM32F7xx_HAL_Driver/Src/stm32f7xx_hal_tim.o
 .text.TIM_OC5_SetConfig
                0x00000000080059ec       0xa4 ./Drivers/STM32F7xx_HAL_Driver/Src/stm32f7xx_hal_tim.o
 .text.TIM_OC6_SetConfig
                0x0000000008005a90       0xa8 ./Drivers/STM32F7xx_HAL_Driver/Src/stm32f7xx_hal_tim.o
 .text.TIM_TI1_ConfigInputStage
                0x0000000008005b38       0x5e ./Drivers/STM32F7xx_HAL_Driver/Src/stm32f7xx_hal_tim.o
 .text.TIM_TI2_ConfigInputStage
                0x0000000008005b96       0x60 ./Drivers/STM32F7xx_HAL_Driver/Src/stm32f7xx_hal_tim.o
 .text.TIM_ITRx_SetConfig
                0x0000000008005bf6       0x36 ./Drivers/STM32F7xx_HAL_Driver/Src/stm32f7xx_hal_tim.o
 .text.TIM_ETR_SetConfig
                0x0000000008005c2c       0x40 ./Drivers/STM32F7xx_HAL_Driver/Src/stm32f7xx_hal_tim.o
                0x0000000008005c2c                TIM_ETR_SetConfig
 .text.HAL_TIMEx_MasterConfigSynchronization
                0x0000000008005c6c      0x11c ./Drivers/STM32F7xx_HAL_Driver/Src/stm32f7xx_hal_tim_ex.o
                0x0000000008005c6c                HAL_TIMEx_MasterConfigSynchronization
 .text.HAL_TIMEx_CommutCallback
                0x0000000008005d88       0x14 ./Drivers/STM32F7xx_HAL_Driver/Src/stm32f7xx_hal_tim_ex.o
                0x0000000008005d88                HAL_TIMEx_CommutCallback
 .text.HAL_TIMEx_BreakCallback
                0x0000000008005d9c       0x14 ./Drivers/STM32F7xx_HAL_Driver/Src/stm32f7xx_hal_tim_ex.o
                0x0000000008005d9c                HAL_TIMEx_BreakCallback
 .text.HAL_TIMEx_Break2Callback
                0x0000000008005db0       0x14 ./Drivers/STM32F7xx_HAL_Driver/Src/stm32f7xx_hal_tim_ex.o
                0x0000000008005db0                HAL_TIMEx_Break2Callback
 .text.HAL_UART_Init
                0x0000000008005dc4       0x9c ./Drivers/STM32F7xx_HAL_Driver/Src/stm32f7xx_hal_uart.o
                0x0000000008005dc4                HAL_UART_Init
 .text.HAL_UART_IRQHandler
                0x0000000008005e60      0x594 ./Drivers/STM32F7xx_HAL_Driver/Src/stm32f7xx_hal_uart.o
                0x0000000008005e60                HAL_UART_IRQHandler
 .text.HAL_UART_TxCpltCallback
                0x00000000080063f4       0x14 ./Drivers/STM32F7xx_HAL_Driver/Src/stm32f7xx_hal_uart.o
                0x00000000080063f4                HAL_UART_TxCpltCallback
 .text.HAL_UART_ErrorCallback
                0x0000000008006408       0x14 ./Drivers/STM32F7xx_HAL_Driver/Src/stm32f7xx_hal_uart.o
                0x0000000008006408                HAL_UART_ErrorCallback
 .text.HAL_UARTEx_RxEventCallback
                0x000000000800641c       0x18 ./Drivers/STM32F7xx_HAL_Driver/Src/stm32f7xx_hal_uart.o
                0x000000000800641c                HAL_UARTEx_RxEventCallback
 .text.UART_SetConfig
                0x0000000008006434      0x4c8 ./Drivers/STM32F7xx_HAL_Driver/Src/stm32f7xx_hal_uart.o
                0x0000000008006434                UART_SetConfig
 .text.UART_AdvFeatureConfig
                0x00000000080068fc      0x144 ./Drivers/STM32F7xx_HAL_Driver/Src/stm32f7xx_hal_uart.o
                0x00000000080068fc                UART_AdvFeatureConfig
 .text.UART_CheckIdleState
                0x0000000008006a40       0x66 ./Drivers/STM32F7xx_HAL_Driver/Src/stm32f7xx_hal_uart.o
                0x0000000008006a40                UART_CheckIdleState
 .text.UART_WaitOnFlagUntilTimeout
                0x0000000008006aa6      0x188 ./Drivers/STM32F7xx_HAL_Driver/Src/stm32f7xx_hal_uart.o
                0x0000000008006aa6                UART_WaitOnFlagUntilTimeout
 .text.UART_EndRxTransfer
                0x0000000008006c2e       0xc6 ./Drivers/STM32F7xx_HAL_Driver/Src/stm32f7xx_hal_uart.o
 .text.UART_DMAAbortOnError
                0x0000000008006cf4       0x2c ./Drivers/STM32F7xx_HAL_Driver/Src/stm32f7xx_hal_uart.o
 .text.UART_EndTransmit_IT
                0x0000000008006d20       0x54 ./Drivers/STM32F7xx_HAL_Driver/Src/stm32f7xx_hal_uart.o
 .text.__libc_init_array
                0x0000000008006d74       0x48 c:/st/stm32cubeide_1.6.1/stm32cubeide/plugins/com.st.stm32cube.ide.mcu.externaltools.gnu-tools-for-stm32.10.3-2021.10.win32_1.0.0.202111181127/tools/bin/../lib/gcc/arm-none-eabi/10.3.1/../../../../arm-none-eabi/lib/thumb/v7e-m+fp/hard\libc_nano.a(lib_a-init.o)
                0x0000000008006d74                __libc_init_array
 .text.memset   0x0000000008006dbc       0x10 c:/st/stm32cubeide_1.6.1/stm32cubeide/plugins/com.st.stm32cube.ide.mcu.externaltools.gnu-tools-for-stm32.10.3-2021.10.win32_1.0.0.202111181127/tools/bin/../lib/gcc/arm-none-eabi/10.3.1/../../../../arm-none-eabi/lib/thumb/v7e-m+fp/hard\libc_nano.a(lib_a-memset.o)
                0x0000000008006dbc                memset
 *(.glue_7)
 .glue_7        0x0000000008006dcc        0x0 linker stubs
 *(.glue_7t)
 .glue_7t       0x0000000008006dcc        0x0 linker stubs
 *(.eh_frame)
 .eh_frame      0x0000000008006dcc        0x0 c:/st/stm32cubeide_1.6.1/stm32cubeide/plugins/com.st.stm32cube.ide.mcu.externaltools.gnu-tools-for-stm32.10.3-2021.10.win32_1.0.0.202111181127/tools/bin/../lib/gcc/arm-none-eabi/10.3.1/thumb/v7e-m+fp/hard/crtbegin.o
 *(.init)
 .init          0x0000000008006dcc        0x4 c:/st/stm32cubeide_1.6.1/stm32cubeide/plugins/com.st.stm32cube.ide.mcu.externaltools.gnu-tools-for-stm32.10.3-2021.10.win32_1.0.0.202111181127/tools/bin/../lib/gcc/arm-none-eabi/10.3.1/thumb/v7e-m+fp/hard/crti.o
                0x0000000008006dcc                _init
 .init          0x0000000008006dd0        0x8 c:/st/stm32cubeide_1.6.1/stm32cubeide/plugins/com.st.stm32cube.ide.mcu.externaltools.gnu-tools-for-stm32.10.3-2021.10.win32_1.0.0.202111181127/tools/bin/../lib/gcc/arm-none-eabi/10.3.1/thumb/v7e-m+fp/hard/crtn.o
 *(.fini)
 .fini          0x0000000008006dd8        0x4 c:/st/stm32cubeide_1.6.1/stm32cubeide/plugins/com.st.stm32cube.ide.mcu.externaltools.gnu-tools-for-stm32.10.3-2021.10.win32_1.0.0.202111181127/tools/bin/../lib/gcc/arm-none-eabi/10.3.1/thumb/v7e-m+fp/hard/crti.o
                0x0000000008006dd8                _fini
 .fini          0x0000000008006ddc        0x8 c:/st/stm32cubeide_1.6.1/stm32cubeide/plugins/com.st.stm32cube.ide.mcu.externaltools.gnu-tools-for-stm32.10.3-2021.10.win32_1.0.0.202111181127/tools/bin/../lib/gcc/arm-none-eabi/10.3.1/thumb/v7e-m+fp/hard/crtn.o
                0x0000000008006de4                . = ALIGN (0x4)
                0x0000000008006de4                _etext = .

.vfp11_veneer   0x0000000008006de4        0x0
 .vfp11_veneer  0x0000000008006de4        0x0 linker stubs

.v4_bx          0x0000000008006de4        0x0
 .v4_bx         0x0000000008006de4        0x0 linker stubs

.iplt           0x0000000008006de4        0x0
 .iplt          0x0000000008006de4        0x0 c:/st/stm32cubeide_1.6.1/stm32cubeide/plugins/com.st.stm32cube.ide.mcu.externaltools.gnu-tools-for-stm32.10.3-2021.10.win32_1.0.0.202111181127/tools/bin/../lib/gcc/arm-none-eabi/10.3.1/thumb/v7e-m+fp/hard/crtbegin.o

.rodata         0x0000000008006de4       0x20
                0x0000000008006de4                . = ALIGN (0x4)
 *(.rodata)
 .rodata        0x0000000008006de4        0x8 ./Core/Src/SCI_bottom.o
 *(.rodata*)
 .rodata.AHBPrescTable
                0x0000000008006dec       0x10 ./Core/Src/system_stm32f7xx.o
                0x0000000008006dec                AHBPrescTable
 .rodata.APBPrescTable
                0x0000000008006dfc        0x8 ./Core/Src/system_stm32f7xx.o
                0x0000000008006dfc                APBPrescTable
                0x0000000008006e04                . = ALIGN (0x4)

.ARM.extab      0x0000000008006e04        0x0
                0x0000000008006e04                . = ALIGN (0x4)
 *(.ARM.extab* .gnu.linkonce.armextab.*)
                0x0000000008006e04                . = ALIGN (0x4)

.ARM            0x0000000008006e04        0x8
                0x0000000008006e04                . = ALIGN (0x4)
                0x0000000008006e04                __exidx_start = .
 *(.ARM.exidx*)
 .ARM.exidx     0x0000000008006e04        0x8 c:/st/stm32cubeide_1.6.1/stm32cubeide/plugins/com.st.stm32cube.ide.mcu.externaltools.gnu-tools-for-stm32.10.3-2021.10.win32_1.0.0.202111181127/tools/bin/../lib/gcc/arm-none-eabi/10.3.1/thumb/v7e-m+fp/hard\libgcc.a(_udivmoddi4.o)
                0x0000000008006e0c                __exidx_end = .
                0x0000000008006e0c                . = ALIGN (0x4)

.rel.dyn        0x0000000008006e0c        0x0
 .rel.iplt      0x0000000008006e0c        0x0 c:/st/stm32cubeide_1.6.1/stm32cubeide/plugins/com.st.stm32cube.ide.mcu.externaltools.gnu-tools-for-stm32.10.3-2021.10.win32_1.0.0.202111181127/tools/bin/../lib/gcc/arm-none-eabi/10.3.1/thumb/v7e-m+fp/hard/crtbegin.o

.preinit_array  0x0000000008006e0c        0x0
                0x0000000008006e0c                . = ALIGN (0x4)
                0x0000000008006e0c                PROVIDE (__preinit_array_start = .)
 *(.preinit_array*)
                0x0000000008006e0c                PROVIDE (__preinit_array_end = .)
                0x0000000008006e0c                . = ALIGN (0x4)

.init_array     0x0000000008006e0c        0x4
                0x0000000008006e0c                . = ALIGN (0x4)
                0x0000000008006e0c                PROVIDE (__init_array_start = .)
 *(SORT_BY_NAME(.init_array.*))
 *(.init_array*)
 .init_array    0x0000000008006e0c        0x4 c:/st/stm32cubeide_1.6.1/stm32cubeide/plugins/com.st.stm32cube.ide.mcu.externaltools.gnu-tools-for-stm32.10.3-2021.10.win32_1.0.0.202111181127/tools/bin/../lib/gcc/arm-none-eabi/10.3.1/thumb/v7e-m+fp/hard/crtbegin.o
                0x0000000008006e10                PROVIDE (__init_array_end = .)
                0x0000000008006e10                . = ALIGN (0x4)

.fini_array     0x0000000008006e10        0x4
                0x0000000008006e10                . = ALIGN (0x4)
                [!provide]                        PROVIDE (__fini_array_start = .)
 *(SORT_BY_NAME(.fini_array.*))
 *(.fini_array*)
 .fini_array    0x0000000008006e10        0x4 c:/st/stm32cubeide_1.6.1/stm32cubeide/plugins/com.st.stm32cube.ide.mcu.externaltools.gnu-tools-for-stm32.10.3-2021.10.win32_1.0.0.202111181127/tools/bin/../lib/gcc/arm-none-eabi/10.3.1/thumb/v7e-m+fp/hard/crtbegin.o
                [!provide]                        PROVIDE (__fini_array_end = .)
                0x0000000008006e14                . = ALIGN (0x4)
                0x0000000008006e14                _sidata = LOADADDR (.data)

.data           0x0000000020000000        0xc load address 0x0000000008006e14
                0x0000000020000000                . = ALIGN (0x4)
                0x0000000020000000                _sdata = .
 *(.data)
 *(.data*)
 .data.SystemCoreClock
                0x0000000020000000        0x4 ./Core/Src/system_stm32f7xx.o
                0x0000000020000000                SystemCoreClock
 .data.uwTickPrio
                0x0000000020000004        0x4 ./Drivers/STM32F7xx_HAL_Driver/Src/stm32f7xx_hal.o
                0x0000000020000004                uwTickPrio
 .data.uwTickFreq
                0x0000000020000008        0x1 ./Drivers/STM32F7xx_HAL_Driver/Src/stm32f7xx_hal.o
                0x0000000020000008                uwTickFreq
 *(.RamFunc)
 *(.RamFunc*)
                0x000000002000000c                . = ALIGN (0x4)
 *fill*         0x0000000020000009        0x3 
                0x000000002000000c                _edata = .

.igot.plt       0x000000002000000c        0x0 load address 0x0000000008006e20
 .igot.plt      0x000000002000000c        0x0 c:/st/stm32cubeide_1.6.1/stm32cubeide/plugins/com.st.stm32cube.ide.mcu.externaltools.gnu-tools-for-stm32.10.3-2021.10.win32_1.0.0.202111181127/tools/bin/../lib/gcc/arm-none-eabi/10.3.1/thumb/v7e-m+fp/hard/crtbegin.o
                0x000000002000000c                . = ALIGN (0x4)

.bss            0x000000002000000c      0x26c load address 0x0000000008006e20
                0x000000002000000c                _sbss = .
                0x000000002000000c                __bss_start__ = _sbss
 *(.bss)
 .bss           0x000000002000000c       0x1c c:/st/stm32cubeide_1.6.1/stm32cubeide/plugins/com.st.stm32cube.ide.mcu.externaltools.gnu-tools-for-stm32.10.3-2021.10.win32_1.0.0.202111181127/tools/bin/../lib/gcc/arm-none-eabi/10.3.1/thumb/v7e-m+fp/hard/crtbegin.o
 *(.bss*)
 .bss.gTick     0x0000000020000028        0x4 ./Core/Src/SCI_bottom.o
                0x0000000020000028                gTick
 .bss.pre_gTick
                0x000000002000002c        0x4 ./Core/Src/SCI_bottom.o
                0x000000002000002c                pre_gTick
 .bss.Tick_100ms
                0x0000000020000030        0x4 ./Core/Src/SCI_bottom.o
                0x0000000020000030                Tick_100ms
 .bss.toggle_seq
                0x0000000020000034        0x4 ./Core/Src/SCI_bottom.o
                0x0000000020000034                toggle_seq
 .bss.cansend_seq
                0x0000000020000038        0x4 ./Core/Src/SCI_bottom.o
                0x0000000020000038                cansend_seq
 .bss.CTLcansend_seq
                0x000000002000003c        0x4 ./Core/Src/SCI_bottom.o
                0x000000002000003c                CTLcansend_seq
 .bss.send2002  0x0000000020000040        0x4 ./Core/Src/SCI_bottom.o
                0x0000000020000040                send2002
 .bss.controlmotor_seq
                0x0000000020000044        0x4 ./Core/Src/SCI_bottom.o
                0x0000000020000044                controlmotor_seq
 .bss.USS_start
                0x0000000020000048        0x4 ./Core/Src/SCI_bottom.o
                0x0000000020000048                USS_start
 .bss.USS_end   0x000000002000004c        0x4 ./Core/Src/SCI_bottom.o
                0x000000002000004c                USS_end
 .bss.motor     0x0000000020000050        0x4 ./Core/Src/SCI_bottom.o
                0x0000000020000050                motor
 .bss.sensor_state
                0x0000000020000054        0x4 ./Core/Src/SCI_bottom.o
                0x0000000020000054                sensor_state
 .bss.count.0   0x0000000020000058        0x4 ./Core/Src/SCI_bottom.o
 .bss.FLAG_RxCplt
                0x000000002000005c        0x4 ./Core/Src/can.o
                0x000000002000005c                FLAG_RxCplt
 .bss.g_uCAN_Rx_Data
                0x0000000020000060        0x8 ./Core/Src/can.o
                0x0000000020000060                g_uCAN_Rx_Data
 .bss.g_tCan_Rx_Header
                0x0000000020000068       0x1c ./Core/Src/can.o
                0x0000000020000068                g_tCan_Rx_Header
 .bss.sFilterConfig
                0x0000000020000084       0x28 ./Core/Src/can.o
                0x0000000020000084                sFilterConfig
 .bss.hcan1     0x00000000200000ac       0x28 ./Core/Src/main.o
                0x00000000200000ac                hcan1
 .bss.htim2     0x00000000200000d4       0x4c ./Core/Src/main.o
                0x00000000200000d4                htim2
 .bss.htim6     0x0000000020000120       0x4c ./Core/Src/main.o
                0x0000000020000120                htim6
 .bss.huart8    0x000000002000016c       0x84 ./Core/Src/main.o
                0x000000002000016c                huart8
 .bss.huart1    0x00000000200001f0       0x84 ./Core/Src/main.o
                0x00000000200001f0                huart1
 .bss.uwTick    0x0000000020000274        0x4 ./Drivers/STM32F7xx_HAL_Driver/Src/stm32f7xx_hal.o
                0x0000000020000274                uwTick
 *(COMMON)
                0x0000000020000278                . = ALIGN (0x4)
                0x0000000020000278                _ebss = .
                0x0000000020000278                __bss_end__ = _ebss

._user_heap_stack
                0x0000000020000278      0x600 load address 0x0000000008006e20
                0x0000000020000278                . = ALIGN (0x8)
                [!provide]                        PROVIDE (end = .)
                0x0000000020000278                PROVIDE (_end = .)
                0x0000000020000478                . = (. + _Min_Heap_Size)
 *fill*         0x0000000020000278      0x200 
                0x0000000020000878                . = (. + _Min_Stack_Size)
 *fill*         0x0000000020000478      0x400 
                0x0000000020000878                . = ALIGN (0x8)

/DISCARD/
 libc.a(*)
 libm.a(*)
 libgcc.a(*)

.ARM.attributes
                0x0000000000000000       0x30
 *(.ARM.attributes)
 .ARM.attributes
                0x0000000000000000       0x1e c:/st/stm32cubeide_1.6.1/stm32cubeide/plugins/com.st.stm32cube.ide.mcu.externaltools.gnu-tools-for-stm32.10.3-2021.10.win32_1.0.0.202111181127/tools/bin/../lib/gcc/arm-none-eabi/10.3.1/thumb/v7e-m+fp/hard/crti.o
 .ARM.attributes
                0x000000000000001e       0x34 c:/st/stm32cubeide_1.6.1/stm32cubeide/plugins/com.st.stm32cube.ide.mcu.externaltools.gnu-tools-for-stm32.10.3-2021.10.win32_1.0.0.202111181127/tools/bin/../lib/gcc/arm-none-eabi/10.3.1/thumb/v7e-m+fp/hard/crtbegin.o
 .ARM.attributes
                0x0000000000000052       0x34 ./Core/Src/SCI_bottom.o
 .ARM.attributes
                0x0000000000000086       0x34 ./Core/Src/can.o
 .ARM.attributes
                0x00000000000000ba       0x34 ./Core/Src/main.o
 .ARM.attributes
                0x00000000000000ee       0x34 ./Core/Src/motor_driver_114.o
 .ARM.attributes
                0x0000000000000122       0x34 ./Core/Src/stm32f7xx_hal_msp.o
 .ARM.attributes
                0x0000000000000156       0x34 ./Core/Src/stm32f7xx_it.o
 .ARM.attributes
                0x000000000000018a       0x34 ./Core/Src/system_stm32f7xx.o
 .ARM.attributes
                0x00000000000001be       0x21 ./Core/Startup/startup_stm32f746zgtx.o
 .ARM.attributes
                0x00000000000001df       0x34 ./Drivers/STM32F7xx_HAL_Driver/Src/stm32f7xx_hal.o
 .ARM.attributes
                0x0000000000000213       0x34 ./Drivers/STM32F7xx_HAL_Driver/Src/stm32f7xx_hal_can.o
 .ARM.attributes
                0x0000000000000247       0x34 ./Drivers/STM32F7xx_HAL_Driver/Src/stm32f7xx_hal_cortex.o
 .ARM.attributes
                0x000000000000027b       0x34 ./Drivers/STM32F7xx_HAL_Driver/Src/stm32f7xx_hal_dma.o
 .ARM.attributes
                0x00000000000002af       0x34 ./Drivers/STM32F7xx_HAL_Driver/Src/stm32f7xx_hal_gpio.o
 .ARM.attributes
                0x00000000000002e3       0x34 ./Drivers/STM32F7xx_HAL_Driver/Src/stm32f7xx_hal_pwr_ex.o
 .ARM.attributes
                0x0000000000000317       0x34 ./Drivers/STM32F7xx_HAL_Driver/Src/stm32f7xx_hal_rcc.o
 .ARM.attributes
                0x000000000000034b       0x34 ./Drivers/STM32F7xx_HAL_Driver/Src/stm32f7xx_hal_rcc_ex.o
 .ARM.attributes
                0x000000000000037f       0x34 ./Drivers/STM32F7xx_HAL_Driver/Src/stm32f7xx_hal_tim.o
 .ARM.attributes
                0x00000000000003b3       0x34 ./Drivers/STM32F7xx_HAL_Driver/Src/stm32f7xx_hal_tim_ex.o
 .ARM.attributes
                0x00000000000003e7       0x34 ./Drivers/STM32F7xx_HAL_Driver/Src/stm32f7xx_hal_uart.o
 .ARM.attributes
                0x000000000000041b       0x34 c:/st/stm32cubeide_1.6.1/stm32cubeide/plugins/com.st.stm32cube.ide.mcu.externaltools.gnu-tools-for-stm32.10.3-2021.10.win32_1.0.0.202111181127/tools/bin/../lib/gcc/arm-none-eabi/10.3.1/../../../../arm-none-eabi/lib/thumb/v7e-m+fp/hard\libc_nano.a(lib_a-init.o)
 .ARM.attributes
                0x000000000000044f       0x34 c:/st/stm32cubeide_1.6.1/stm32cubeide/plugins/com.st.stm32cube.ide.mcu.externaltools.gnu-tools-for-stm32.10.3-2021.10.win32_1.0.0.202111181127/tools/bin/../lib/gcc/arm-none-eabi/10.3.1/../../../../arm-none-eabi/lib/thumb/v7e-m+fp/hard\libc_nano.a(lib_a-memset.o)
 .ARM.attributes
                0x0000000000000483       0x1e c:/st/stm32cubeide_1.6.1/stm32cubeide/plugins/com.st.stm32cube.ide.mcu.externaltools.gnu-tools-for-stm32.10.3-2021.10.win32_1.0.0.202111181127/tools/bin/../lib/gcc/arm-none-eabi/10.3.1/thumb/v7e-m+fp/hard\libgcc.a(_arm_addsubdf3.o)
 .ARM.attributes
                0x00000000000004a1       0x1e c:/st/stm32cubeide_1.6.1/stm32cubeide/plugins/com.st.stm32cube.ide.mcu.externaltools.gnu-tools-for-stm32.10.3-2021.10.win32_1.0.0.202111181127/tools/bin/../lib/gcc/arm-none-eabi/10.3.1/thumb/v7e-m+fp/hard\libgcc.a(_arm_muldivdf3.o)
 .ARM.attributes
                0x00000000000004bf       0x1e c:/st/stm32cubeide_1.6.1/stm32cubeide/plugins/com.st.stm32cube.ide.mcu.externaltools.gnu-tools-for-stm32.10.3-2021.10.win32_1.0.0.202111181127/tools/bin/../lib/gcc/arm-none-eabi/10.3.1/thumb/v7e-m+fp/hard\libgcc.a(_arm_fixdfsi.o)
 .ARM.attributes
                0x00000000000004dd       0x1e c:/st/stm32cubeide_1.6.1/stm32cubeide/plugins/com.st.stm32cube.ide.mcu.externaltools.gnu-tools-for-stm32.10.3-2021.10.win32_1.0.0.202111181127/tools/bin/../lib/gcc/arm-none-eabi/10.3.1/thumb/v7e-m+fp/hard\libgcc.a(_arm_fixunsdfsi.o)
 .ARM.attributes
                0x00000000000004fb       0x1e c:/st/stm32cubeide_1.6.1/stm32cubeide/plugins/com.st.stm32cube.ide.mcu.externaltools.gnu-tools-for-stm32.10.3-2021.10.win32_1.0.0.202111181127/tools/bin/../lib/gcc/arm-none-eabi/10.3.1/thumb/v7e-m+fp/hard\libgcc.a(_aeabi_uldivmod.o)
 .ARM.attributes
                0x0000000000000519       0x34 c:/st/stm32cubeide_1.6.1/stm32cubeide/plugins/com.st.stm32cube.ide.mcu.externaltools.gnu-tools-for-stm32.10.3-2021.10.win32_1.0.0.202111181127/tools/bin/../lib/gcc/arm-none-eabi/10.3.1/thumb/v7e-m+fp/hard\libgcc.a(_udivmoddi4.o)
 .ARM.attributes
                0x000000000000054d       0x1e c:/st/stm32cubeide_1.6.1/stm32cubeide/plugins/com.st.stm32cube.ide.mcu.externaltools.gnu-tools-for-stm32.10.3-2021.10.win32_1.0.0.202111181127/tools/bin/../lib/gcc/arm-none-eabi/10.3.1/thumb/v7e-m+fp/hard\libgcc.a(_dvmd_tls.o)
 .ARM.attributes
                0x000000000000056b       0x1e c:/st/stm32cubeide_1.6.1/stm32cubeide/plugins/com.st.stm32cube.ide.mcu.externaltools.gnu-tools-for-stm32.10.3-2021.10.win32_1.0.0.202111181127/tools/bin/../lib/gcc/arm-none-eabi/10.3.1/thumb/v7e-m+fp/hard/crtn.o
OUTPUT(BSC.elf elf32-littlearm)
LOAD linker stubs
LOAD c:/st/stm32cubeide_1.6.1/stm32cubeide/plugins/com.st.stm32cube.ide.mcu.externaltools.gnu-tools-for-stm32.10.3-2021.10.win32_1.0.0.202111181127/tools/bin/../lib/gcc/arm-none-eabi/10.3.1/../../../../arm-none-eabi/lib/thumb/v7e-m+fp/hard\libc.a
LOAD c:/st/stm32cubeide_1.6.1/stm32cubeide/plugins/com.st.stm32cube.ide.mcu.externaltools.gnu-tools-for-stm32.10.3-2021.10.win32_1.0.0.202111181127/tools/bin/../lib/gcc/arm-none-eabi/10.3.1/../../../../arm-none-eabi/lib/thumb/v7e-m+fp/hard\libm.a
LOAD c:/st/stm32cubeide_1.6.1/stm32cubeide/plugins/com.st.stm32cube.ide.mcu.externaltools.gnu-tools-for-stm32.10.3-2021.10.win32_1.0.0.202111181127/tools/bin/../lib/gcc/arm-none-eabi/10.3.1/thumb/v7e-m+fp/hard\libgcc.a

.debug_info     0x0000000000000000    0x13dfc
 .debug_info    0x0000000000000000      0xe10 ./Core/Src/SCI_bottom.o
 .debug_info    0x0000000000000e10      0x845 ./Core/Src/can.o
 .debug_info    0x0000000000001655     0x1bb2 ./Core/Src/main.o
 .debug_info    0x0000000000003207      0x6be ./Core/Src/motor_driver_114.o
 .debug_info    0x00000000000038c5     0x18eb ./Core/Src/stm32f7xx_hal_msp.o
 .debug_info    0x00000000000051b0      0xf67 ./Core/Src/stm32f7xx_it.o
 .debug_info    0x0000000000006117      0x72c ./Core/Src/system_stm32f7xx.o
 .debug_info    0x0000000000006843       0x22 ./Core/Startup/startup_stm32f746zgtx.o
 .debug_info    0x0000000000006865      0xa0c ./Drivers/STM32F7xx_HAL_Driver/Src/stm32f7xx_hal.o
 .debug_info    0x0000000000007271      0xfc9 ./Drivers/STM32F7xx_HAL_Driver/Src/stm32f7xx_hal_can.o
 .debug_info    0x000000000000823a     0x105a ./Drivers/STM32F7xx_HAL_Driver/Src/stm32f7xx_hal_cortex.o
 .debug_info    0x0000000000009294      0x94f ./Drivers/STM32F7xx_HAL_Driver/Src/stm32f7xx_hal_dma.o
 .debug_info    0x0000000000009be3      0x794 ./Drivers/STM32F7xx_HAL_Driver/Src/stm32f7xx_hal_gpio.o
 .debug_info    0x000000000000a377      0x92e ./Drivers/STM32F7xx_HAL_Driver/Src/stm32f7xx_hal_pwr_ex.o
 .debug_info    0x000000000000aca5      0x99c ./Drivers/STM32F7xx_HAL_Driver/Src/stm32f7xx_hal_rcc.o
 .debug_info    0x000000000000b641      0x764 ./Drivers/STM32F7xx_HAL_Driver/Src/stm32f7xx_hal_rcc_ex.o
 .debug_info    0x000000000000bda5     0x2cee ./Drivers/STM32F7xx_HAL_Driver/Src/stm32f7xx_hal_tim.o
 .debug_info    0x000000000000ea93     0x16c6 ./Drivers/STM32F7xx_HAL_Driver/Src/stm32f7xx_hal_tim_ex.o
 .debug_info    0x0000000000010159     0x3ca3 ./Drivers/STM32F7xx_HAL_Driver/Src/stm32f7xx_hal_uart.o

.debug_abbrev   0x0000000000000000     0x27ab
 .debug_abbrev  0x0000000000000000      0x254 ./Core/Src/SCI_bottom.o
 .debug_abbrev  0x0000000000000254      0x1de ./Core/Src/can.o
 .debug_abbrev  0x0000000000000432      0x319 ./Core/Src/main.o
 .debug_abbrev  0x000000000000074b      0x1b8 ./Core/Src/motor_driver_114.o
 .debug_abbrev  0x0000000000000903      0x265 ./Core/Src/stm32f7xx_hal_msp.o
 .debug_abbrev  0x0000000000000b68      0x1fc ./Core/Src/stm32f7xx_it.o
 .debug_abbrev  0x0000000000000d64      0x136 ./Core/Src/system_stm32f7xx.o
 .debug_abbrev  0x0000000000000e9a       0x12 ./Core/Startup/startup_stm32f746zgtx.o
 .debug_abbrev  0x0000000000000eac      0x20d ./Drivers/STM32F7xx_HAL_Driver/Src/stm32f7xx_hal.o
 .debug_abbrev  0x00000000000010b9      0x22e ./Drivers/STM32F7xx_HAL_Driver/Src/stm32f7xx_hal_can.o
 .debug_abbrev  0x00000000000012e7      0x316 ./Drivers/STM32F7xx_HAL_Driver/Src/stm32f7xx_hal_cortex.o
 .debug_abbrev  0x00000000000015fd      0x25b ./Drivers/STM32F7xx_HAL_Driver/Src/stm32f7xx_hal_dma.o
 .debug_abbrev  0x0000000000001858      0x1c4 ./Drivers/STM32F7xx_HAL_Driver/Src/stm32f7xx_hal_gpio.o
 .debug_abbrev  0x0000000000001a1c      0x1cb ./Drivers/STM32F7xx_HAL_Driver/Src/stm32f7xx_hal_pwr_ex.o
 .debug_abbrev  0x0000000000001be7      0x27b ./Drivers/STM32F7xx_HAL_Driver/Src/stm32f7xx_hal_rcc.o
 .debug_abbrev  0x0000000000001e62      0x1b9 ./Drivers/STM32F7xx_HAL_Driver/Src/stm32f7xx_hal_rcc_ex.o
 .debug_abbrev  0x000000000000201b      0x25d ./Drivers/STM32F7xx_HAL_Driver/Src/stm32f7xx_hal_tim.o
 .debug_abbrev  0x0000000000002278      0x265 ./Drivers/STM32F7xx_HAL_Driver/Src/stm32f7xx_hal_tim_ex.o
 .debug_abbrev  0x00000000000024dd      0x2ce ./Drivers/STM32F7xx_HAL_Driver/Src/stm32f7xx_hal_uart.o

.debug_aranges  0x0000000000000000      0xfe0
 .debug_aranges
                0x0000000000000000       0x48 ./Core/Src/SCI_bottom.o
 .debug_aranges
                0x0000000000000048       0x30 ./Core/Src/can.o
 .debug_aranges
                0x0000000000000078       0x70 ./Core/Src/main.o
 .debug_aranges
                0x00000000000000e8       0xb8 ./Core/Src/motor_driver_114.o
 .debug_aranges
                0x00000000000001a0       0x58 ./Core/Src/stm32f7xx_hal_msp.o
 .debug_aranges
                0x00000000000001f8       0x88 ./Core/Src/stm32f7xx_it.o
 .debug_aranges
                0x0000000000000280       0x28 ./Core/Src/system_stm32f7xx.o
 .debug_aranges
                0x00000000000002a8       0x28 ./Core/Startup/startup_stm32f746zgtx.o
 .debug_aranges
                0x00000000000002d0      0x100 ./Drivers/STM32F7xx_HAL_Driver/Src/stm32f7xx_hal.o
 .debug_aranges
                0x00000000000003d0      0x138 ./Drivers/STM32F7xx_HAL_Driver/Src/stm32f7xx_hal_can.o
 .debug_aranges
                0x0000000000000508      0x118 ./Drivers/STM32F7xx_HAL_Driver/Src/stm32f7xx_hal_cortex.o
 .debug_aranges
                0x0000000000000620       0x90 ./Drivers/STM32F7xx_HAL_Driver/Src/stm32f7xx_hal_dma.o
 .debug_aranges
                0x00000000000006b0       0x58 ./Drivers/STM32F7xx_HAL_Driver/Src/stm32f7xx_hal_gpio.o
 .debug_aranges
                0x0000000000000708       0x80 ./Drivers/STM32F7xx_HAL_Driver/Src/stm32f7xx_hal_pwr_ex.o
 .debug_aranges
                0x0000000000000788       0x88 ./Drivers/STM32F7xx_HAL_Driver/Src/stm32f7xx_hal_rcc.o
 .debug_aranges
                0x0000000000000810       0x50 ./Drivers/STM32F7xx_HAL_Driver/Src/stm32f7xx_hal_rcc_ex.o
 .debug_aranges
                0x0000000000000860      0x3e0 ./Drivers/STM32F7xx_HAL_Driver/Src/stm32f7xx_hal_tim.o
 .debug_aranges
                0x0000000000000c40      0x178 ./Drivers/STM32F7xx_HAL_Driver/Src/stm32f7xx_hal_tim_ex.o
 .debug_aranges
                0x0000000000000db8      0x228 ./Drivers/STM32F7xx_HAL_Driver/Src/stm32f7xx_hal_uart.o

.debug_ranges   0x0000000000000000      0xee8
 .debug_ranges  0x0000000000000000       0x38 ./Core/Src/SCI_bottom.o
 .debug_ranges  0x0000000000000038       0x20 ./Core/Src/can.o
 .debug_ranges  0x0000000000000058       0x60 ./Core/Src/main.o
 .debug_ranges  0x00000000000000b8       0xa8 ./Core/Src/motor_driver_114.o
 .debug_ranges  0x0000000000000160       0x48 ./Core/Src/stm32f7xx_hal_msp.o
 .debug_ranges  0x00000000000001a8       0x78 ./Core/Src/stm32f7xx_it.o
 .debug_ranges  0x0000000000000220       0x18 ./Core/Src/system_stm32f7xx.o
 .debug_ranges  0x0000000000000238       0x20 ./Core/Startup/startup_stm32f746zgtx.o
 .debug_ranges  0x0000000000000258       0xf0 ./Drivers/STM32F7xx_HAL_Driver/Src/stm32f7xx_hal.o
 .debug_ranges  0x0000000000000348      0x128 ./Drivers/STM32F7xx_HAL_Driver/Src/stm32f7xx_hal_can.o
 .debug_ranges  0x0000000000000470      0x108 ./Drivers/STM32F7xx_HAL_Driver/Src/stm32f7xx_hal_cortex.o
 .debug_ranges  0x0000000000000578       0x80 ./Drivers/STM32F7xx_HAL_Driver/Src/stm32f7xx_hal_dma.o
 .debug_ranges  0x00000000000005f8       0x48 ./Drivers/STM32F7xx_HAL_Driver/Src/stm32f7xx_hal_gpio.o
 .debug_ranges  0x0000000000000640       0x70 ./Drivers/STM32F7xx_HAL_Driver/Src/stm32f7xx_hal_pwr_ex.o
 .debug_ranges  0x00000000000006b0       0x78 ./Drivers/STM32F7xx_HAL_Driver/Src/stm32f7xx_hal_rcc.o
 .debug_ranges  0x0000000000000728       0x40 ./Drivers/STM32F7xx_HAL_Driver/Src/stm32f7xx_hal_rcc_ex.o
 .debug_ranges  0x0000000000000768      0x3d0 ./Drivers/STM32F7xx_HAL_Driver/Src/stm32f7xx_hal_tim.o
 .debug_ranges  0x0000000000000b38      0x168 ./Drivers/STM32F7xx_HAL_Driver/Src/stm32f7xx_hal_tim_ex.o
 .debug_ranges  0x0000000000000ca0      0x248 ./Drivers/STM32F7xx_HAL_Driver/Src/stm32f7xx_hal_uart.o

.debug_macro    0x0000000000000000    0x263ea
 .debug_macro   0x0000000000000000      0x220 ./Core/Src/SCI_bottom.o
 .debug_macro   0x0000000000000220      0xa78 ./Core/Src/SCI_bottom.o
 .debug_macro   0x0000000000000c98      0x299 ./Core/Src/SCI_bottom.o
 .debug_macro   0x0000000000000f31       0x2e ./Core/Src/SCI_bottom.o
 .debug_macro   0x0000000000000f5f       0x3b ./Core/Src/SCI_bottom.o
 .debug_macro   0x0000000000000f9a       0x22 ./Core/Src/SCI_bottom.o
 .debug_macro   0x0000000000000fbc       0x8e ./Core/Src/SCI_bottom.o
 .debug_macro   0x000000000000104a       0x51 ./Core/Src/SCI_bottom.o
 .debug_macro   0x000000000000109b      0x103 ./Core/Src/SCI_bottom.o
 .debug_macro   0x000000000000119e       0x6a ./Core/Src/SCI_bottom.o
 .debug_macro   0x0000000000001208      0x1df ./Core/Src/SCI_bottom.o
 .debug_macro   0x00000000000013e7       0x1c ./Core/Src/SCI_bottom.o
 .debug_macro   0x0000000000001403       0x22 ./Core/Src/SCI_bottom.o
 .debug_macro   0x0000000000001425       0xd9 ./Core/Src/SCI_bottom.o
 .debug_macro   0x00000000000014fe     0x12cd ./Core/Src/SCI_bottom.o
 .debug_macro   0x00000000000027cb      0x11f ./Core/Src/SCI_bottom.o
 .debug_macro   0x00000000000028ea       0x19 ./Core/Src/SCI_bottom.o
 .debug_macro   0x0000000000002903    0x191da ./Core/Src/SCI_bottom.o
 .debug_macro   0x000000000001badd       0x6d ./Core/Src/SCI_bottom.o
 .debug_macro   0x000000000001bb4a     0x3714 ./Core/Src/SCI_bottom.o
 .debug_macro   0x000000000001f25e      0x174 ./Core/Src/SCI_bottom.o
 .debug_macro   0x000000000001f3d2       0x63 ./Core/Src/SCI_bottom.o
 .debug_macro   0x000000000001f435     0x18ad ./Core/Src/SCI_bottom.o
 .debug_macro   0x0000000000020ce2      0x6c4 ./Core/Src/SCI_bottom.o
 .debug_macro   0x00000000000213a6      0x185 ./Core/Src/SCI_bottom.o
 .debug_macro   0x000000000002152b      0x115 ./Core/Src/SCI_bottom.o
 .debug_macro   0x0000000000021640      0x1fd ./Core/Src/SCI_bottom.o
 .debug_macro   0x000000000002183d       0xa5 ./Core/Src/SCI_bottom.o
 .debug_macro   0x00000000000218e2      0x24f ./Core/Src/SCI_bottom.o
 .debug_macro   0x0000000000021b31       0x41 ./Core/Src/SCI_bottom.o
 .debug_macro   0x0000000000021b72       0x58 ./Core/Src/SCI_bottom.o
 .debug_macro   0x0000000000021bca      0x236 ./Core/Src/SCI_bottom.o
 .debug_macro   0x0000000000021e00      0x40f ./Core/Src/SCI_bottom.o
 .debug_macro   0x000000000002220f      0x14e ./Core/Src/SCI_bottom.o
 .debug_macro   0x000000000002235d      0x25a ./Core/Src/SCI_bottom.o
 .debug_macro   0x00000000000225b7       0x12 ./Core/Src/SCI_bottom.o
 .debug_macro   0x00000000000225c9      0x22c ./Core/Src/SCI_bottom.o
 .debug_macro   0x00000000000227f5       0x61 ./Core/Src/SCI_bottom.o
 .debug_macro   0x0000000000022856       0xa5 ./Core/Src/SCI_bottom.o
 .debug_macro   0x00000000000228fb      0x12e ./Core/Src/SCI_bottom.o
 .debug_macro   0x0000000000022a29      0x108 ./Core/Src/SCI_bottom.o
 .debug_macro   0x0000000000022b31       0x35 ./Core/Src/SCI_bottom.o
 .debug_macro   0x0000000000022b66      0xa60 ./Core/Src/SCI_bottom.o
 .debug_macro   0x00000000000235c6       0x59 ./Core/Src/SCI_bottom.o
 .debug_macro   0x000000000002361f      0x558 ./Core/Src/SCI_bottom.o
 .debug_macro   0x0000000000023b77       0x44 ./Core/Src/SCI_bottom.o
 .debug_macro   0x0000000000023bbb      0x14d ./Core/Src/SCI_bottom.o
 .debug_macro   0x0000000000023d08       0x3a ./Core/Src/SCI_bottom.o
 .debug_macro   0x0000000000023d42      0x49c ./Core/Src/SCI_bottom.o
 .debug_macro   0x00000000000241de      0x205 ./Core/Src/can.o
 .debug_macro   0x00000000000243e3      0x20e ./Core/Src/main.o
 .debug_macro   0x00000000000245f1      0x21d ./Core/Src/motor_driver_114.o
 .debug_macro   0x000000000002480e       0x3a ./Core/Src/motor_driver_114.o
 .debug_macro   0x0000000000024848      0x1fb ./Core/Src/stm32f7xx_hal_msp.o
 .debug_macro   0x0000000000024a43      0x205 ./Core/Src/stm32f7xx_it.o
 .debug_macro   0x0000000000024c48      0x1ec ./Core/Src/system_stm32f7xx.o
 .debug_macro   0x0000000000024e34      0x210 ./Drivers/STM32F7xx_HAL_Driver/Src/stm32f7xx_hal.o
 .debug_macro   0x0000000000025044      0x1f4 ./Drivers/STM32F7xx_HAL_Driver/Src/stm32f7xx_hal_can.o
 .debug_macro   0x0000000000025238      0x1ec ./Drivers/STM32F7xx_HAL_Driver/Src/stm32f7xx_hal_cortex.o
 .debug_macro   0x0000000000025424      0x1f2 ./Drivers/STM32F7xx_HAL_Driver/Src/stm32f7xx_hal_dma.o
 .debug_macro   0x0000000000025616      0x1f2 ./Drivers/STM32F7xx_HAL_Driver/Src/stm32f7xx_hal_gpio.o
 .debug_macro   0x0000000000025808      0x204 ./Drivers/STM32F7xx_HAL_Driver/Src/stm32f7xx_hal_pwr_ex.o
 .debug_macro   0x0000000000025a0c      0x210 ./Drivers/STM32F7xx_HAL_Driver/Src/stm32f7xx_hal_rcc.o
 .debug_macro   0x0000000000025c1c      0x1ec ./Drivers/STM32F7xx_HAL_Driver/Src/stm32f7xx_hal_rcc_ex.o
 .debug_macro   0x0000000000025e08      0x1ed ./Drivers/STM32F7xx_HAL_Driver/Src/stm32f7xx_hal_tim.o
 .debug_macro   0x0000000000025ff5      0x1ec ./Drivers/STM32F7xx_HAL_Driver/Src/stm32f7xx_hal_tim_ex.o
 .debug_macro   0x00000000000261e1      0x209 ./Drivers/STM32F7xx_HAL_Driver/Src/stm32f7xx_hal_uart.o

.debug_line     0x0000000000000000    0x136f4
 .debug_line    0x0000000000000000      0xb4d ./Core/Src/SCI_bottom.o
 .debug_line    0x0000000000000b4d      0x7cd ./Core/Src/can.o
 .debug_line    0x000000000000131a      0x9df ./Core/Src/main.o
 .debug_line    0x0000000000001cf9      0xfdf ./Core/Src/motor_driver_114.o
 .debug_line    0x0000000000002cd8      0x877 ./Core/Src/stm32f7xx_hal_msp.o
 .debug_line    0x000000000000354f      0x836 ./Core/Src/stm32f7xx_it.o
 .debug_line    0x0000000000003d85      0x779 ./Core/Src/system_stm32f7xx.o
 .debug_line    0x00000000000044fe       0x88 ./Core/Startup/startup_stm32f746zgtx.o
 .debug_line    0x0000000000004586      0xa0a ./Drivers/STM32F7xx_HAL_Driver/Src/stm32f7xx_hal.o
 .debug_line    0x0000000000004f90     0x114d ./Drivers/STM32F7xx_HAL_Driver/Src/stm32f7xx_hal_can.o
 .debug_line    0x00000000000060dd      0xc90 ./Drivers/STM32F7xx_HAL_Driver/Src/stm32f7xx_hal_cortex.o
 .debug_line    0x0000000000006d6d      0xf59 ./Drivers/STM32F7xx_HAL_Driver/Src/stm32f7xx_hal_dma.o
 .debug_line    0x0000000000007cc6      0xb7e ./Drivers/STM32F7xx_HAL_Driver/Src/stm32f7xx_hal_gpio.o
 .debug_line    0x0000000000008844      0x97f ./Drivers/STM32F7xx_HAL_Driver/Src/stm32f7xx_hal_pwr_ex.o
 .debug_line    0x00000000000091c3      0xe4d ./Drivers/STM32F7xx_HAL_Driver/Src/stm32f7xx_hal_rcc.o
 .debug_line    0x000000000000a010      0xe06 ./Drivers/STM32F7xx_HAL_Driver/Src/stm32f7xx_hal_rcc_ex.o
 .debug_line    0x000000000000ae16     0x3c0a ./Drivers/STM32F7xx_HAL_Driver/Src/stm32f7xx_hal_tim.o
 .debug_line    0x000000000000ea20     0x1b00 ./Drivers/STM32F7xx_HAL_Driver/Src/stm32f7xx_hal_tim_ex.o
 .debug_line    0x0000000000010520     0x31d4 ./Drivers/STM32F7xx_HAL_Driver/Src/stm32f7xx_hal_uart.o

.debug_str      0x0000000000000000    0xef9ac
 .debug_str     0x0000000000000000    0xeb1e5 ./Core/Src/SCI_bottom.o
                                      0xeb9a7 (size before relaxing)
 .debug_str     0x00000000000eb1e5      0x456 ./Core/Src/can.o
                                      0xea817 (size before relaxing)
 .debug_str     0x00000000000eb63b      0xce8 ./Core/Src/main.o
                                      0xec6c7 (size before relaxing)
 .debug_str     0x00000000000ec323      0x1a4 ./Core/Src/motor_driver_114.o
                                      0xeb29a (size before relaxing)
 .debug_str     0x00000000000ec4c7      0x330 ./Core/Src/stm32f7xx_hal_msp.o
                                      0xeb7bc (size before relaxing)
 .debug_str     0x00000000000ec7f7      0x17d ./Core/Src/stm32f7xx_it.o
                                      0xeae55 (size before relaxing)
 .debug_str     0x00000000000ec974      0x1a4 ./Core/Src/system_stm32f7xx.o
                                      0xea4a5 (size before relaxing)
 .debug_str     0x00000000000ecb18       0x36 ./Core/Startup/startup_stm32f746zgtx.o
                                         0x72 (size before relaxing)
 .debug_str     0x00000000000ecb4e      0x416 ./Drivers/STM32F7xx_HAL_Driver/Src/stm32f7xx_hal.o
                                      0xeae0e (size before relaxing)
 .debug_str     0x00000000000ecf64      0x3a5 ./Drivers/STM32F7xx_HAL_Driver/Src/stm32f7xx_hal_can.o
                                      0xeaaab (size before relaxing)
 .debug_str     0x00000000000ed309      0x323 ./Drivers/STM32F7xx_HAL_Driver/Src/stm32f7xx_hal_cortex.o
                                      0xeadf9 (size before relaxing)
 .debug_str     0x00000000000ed62c      0x320 ./Drivers/STM32F7xx_HAL_Driver/Src/stm32f7xx_hal_dma.o
                                      0xea7e4 (size before relaxing)
 .debug_str     0x00000000000ed94c       0xb9 ./Drivers/STM32F7xx_HAL_Driver/Src/stm32f7xx_hal_gpio.o
                                      0xea563 (size before relaxing)
 .debug_str     0x00000000000eda05      0x1d1 ./Drivers/STM32F7xx_HAL_Driver/Src/stm32f7xx_hal_pwr_ex.o
                                      0xea714 (size before relaxing)
 .debug_str     0x00000000000edbd6      0x252 ./Drivers/STM32F7xx_HAL_Driver/Src/stm32f7xx_hal_rcc.o
                                      0xea807 (size before relaxing)
 .debug_str     0x00000000000ede28      0x147 ./Drivers/STM32F7xx_HAL_Driver/Src/stm32f7xx_hal_rcc_ex.o
                                      0xea73f (size before relaxing)
 .debug_str     0x00000000000edf6f      0xd5a ./Drivers/STM32F7xx_HAL_Driver/Src/stm32f7xx_hal_tim.o
                                      0xeb7b8 (size before relaxing)
 .debug_str     0x00000000000eecc9      0x4dc ./Drivers/STM32F7xx_HAL_Driver/Src/stm32f7xx_hal_tim_ex.o
                                      0xeb00e (size before relaxing)
 .debug_str     0x00000000000ef1a5      0x807 ./Drivers/STM32F7xx_HAL_Driver/Src/stm32f7xx_hal_uart.o
                                      0xeb12c (size before relaxing)

.comment        0x0000000000000000       0x50
 .comment       0x0000000000000000       0x50 ./Core/Src/SCI_bottom.o
                                         0x51 (size before relaxing)
 .comment       0x0000000000000050       0x51 ./Core/Src/can.o
 .comment       0x0000000000000050       0x51 ./Core/Src/main.o
 .comment       0x0000000000000050       0x51 ./Core/Src/motor_driver_114.o
 .comment       0x0000000000000050       0x51 ./Core/Src/stm32f7xx_hal_msp.o
 .comment       0x0000000000000050       0x51 ./Core/Src/stm32f7xx_it.o
 .comment       0x0000000000000050       0x51 ./Core/Src/system_stm32f7xx.o
 .comment       0x0000000000000050       0x51 ./Drivers/STM32F7xx_HAL_Driver/Src/stm32f7xx_hal.o
 .comment       0x0000000000000050       0x51 ./Drivers/STM32F7xx_HAL_Driver/Src/stm32f7xx_hal_can.o
 .comment       0x0000000000000050       0x51 ./Drivers/STM32F7xx_HAL_Driver/Src/stm32f7xx_hal_cortex.o
 .comment       0x0000000000000050       0x51 ./Drivers/STM32F7xx_HAL_Driver/Src/stm32f7xx_hal_dma.o
 .comment       0x0000000000000050       0x51 ./Drivers/STM32F7xx_HAL_Driver/Src/stm32f7xx_hal_gpio.o
 .comment       0x0000000000000050       0x51 ./Drivers/STM32F7xx_HAL_Driver/Src/stm32f7xx_hal_pwr_ex.o
 .comment       0x0000000000000050       0x51 ./Drivers/STM32F7xx_HAL_Driver/Src/stm32f7xx_hal_rcc.o
 .comment       0x0000000000000050       0x51 ./Drivers/STM32F7xx_HAL_Driver/Src/stm32f7xx_hal_rcc_ex.o
 .comment       0x0000000000000050       0x51 ./Drivers/STM32F7xx_HAL_Driver/Src/stm32f7xx_hal_tim.o
 .comment       0x0000000000000050       0x51 ./Drivers/STM32F7xx_HAL_Driver/Src/stm32f7xx_hal_tim_ex.o
 .comment       0x0000000000000050       0x51 ./Drivers/STM32F7xx_HAL_Driver/Src/stm32f7xx_hal_uart.o

.debug_frame    0x0000000000000000     0x43ac
 .debug_frame   0x0000000000000000       0xf4 ./Core/Src/SCI_bottom.o
 .debug_frame   0x00000000000000f4       0x7c ./Core/Src/can.o
 .debug_frame   0x0000000000000170      0x174 ./Core/Src/main.o
 .debug_frame   0x00000000000002e4      0x2d0 ./Core/Src/motor_driver_114.o
 .debug_frame   0x00000000000005b4      0x138 ./Core/Src/stm32f7xx_hal_msp.o
 .debug_frame   0x00000000000006ec      0x190 ./Core/Src/stm32f7xx_it.o
 .debug_frame   0x000000000000087c       0x58 ./Core/Src/system_stm32f7xx.o
 .debug_frame   0x00000000000008d4      0x3b4 ./Drivers/STM32F7xx_HAL_Driver/Src/stm32f7xx_hal.o
 .debug_frame   0x0000000000000c88      0x5a0 ./Drivers/STM32F7xx_HAL_Driver/Src/stm32f7xx_hal_can.o
 .debug_frame   0x0000000000001228      0x498 ./Drivers/STM32F7xx_HAL_Driver/Src/stm32f7xx_hal_cortex.o
 .debug_frame   0x00000000000016c0      0x250 ./Drivers/STM32F7xx_HAL_Driver/Src/stm32f7xx_hal_dma.o
 .debug_frame   0x0000000000001910      0x14c ./Drivers/STM32F7xx_HAL_Driver/Src/stm32f7xx_hal_gpio.o
 .debug_frame   0x0000000000001a5c      0x1c8 ./Drivers/STM32F7xx_HAL_Driver/Src/stm32f7xx_hal_pwr_ex.o
 .debug_frame   0x0000000000001c24      0x1f8 ./Drivers/STM32F7xx_HAL_Driver/Src/stm32f7xx_hal_rcc.o
 .debug_frame   0x0000000000001e1c      0x118 ./Drivers/STM32F7xx_HAL_Driver/Src/stm32f7xx_hal_rcc_ex.o
 .debug_frame   0x0000000000001f34     0x121c ./Drivers/STM32F7xx_HAL_Driver/Src/stm32f7xx_hal_tim.o
 .debug_frame   0x0000000000003150      0x688 ./Drivers/STM32F7xx_HAL_Driver/Src/stm32f7xx_hal_tim_ex.o
 .debug_frame   0x00000000000037d8      0x9e4 ./Drivers/STM32F7xx_HAL_Driver/Src/stm32f7xx_hal_uart.o
 .debug_frame   0x00000000000041bc       0x2c c:/st/stm32cubeide_1.6.1/stm32cubeide/plugins/com.st.stm32cube.ide.mcu.externaltools.gnu-tools-for-stm32.10.3-2021.10.win32_1.0.0.202111181127/tools/bin/../lib/gcc/arm-none-eabi/10.3.1/../../../../arm-none-eabi/lib/thumb/v7e-m+fp/hard\libc_nano.a(lib_a-init.o)
 .debug_frame   0x00000000000041e8       0x20 c:/st/stm32cubeide_1.6.1/stm32cubeide/plugins/com.st.stm32cube.ide.mcu.externaltools.gnu-tools-for-stm32.10.3-2021.10.win32_1.0.0.202111181127/tools/bin/../lib/gcc/arm-none-eabi/10.3.1/../../../../arm-none-eabi/lib/thumb/v7e-m+fp/hard\libc_nano.a(lib_a-memset.o)
 .debug_frame   0x0000000000004208       0xac c:/st/stm32cubeide_1.6.1/stm32cubeide/plugins/com.st.stm32cube.ide.mcu.externaltools.gnu-tools-for-stm32.10.3-2021.10.win32_1.0.0.202111181127/tools/bin/../lib/gcc/arm-none-eabi/10.3.1/thumb/v7e-m+fp/hard\libgcc.a(_arm_addsubdf3.o)
 .debug_frame   0x00000000000042b4       0x50 c:/st/stm32cubeide_1.6.1/stm32cubeide/plugins/com.st.stm32cube.ide.mcu.externaltools.gnu-tools-for-stm32.10.3-2021.10.win32_1.0.0.202111181127/tools/bin/../lib/gcc/arm-none-eabi/10.3.1/thumb/v7e-m+fp/hard\libgcc.a(_arm_muldivdf3.o)
 .debug_frame   0x0000000000004304       0x24 c:/st/stm32cubeide_1.6.1/stm32cubeide/plugins/com.st.stm32cube.ide.mcu.externaltools.gnu-tools-for-stm32.10.3-2021.10.win32_1.0.0.202111181127/tools/bin/../lib/gcc/arm-none-eabi/10.3.1/thumb/v7e-m+fp/hard\libgcc.a(_arm_fixdfsi.o)
 .debug_frame   0x0000000000004328       0x24 c:/st/stm32cubeide_1.6.1/stm32cubeide/plugins/com.st.stm32cube.ide.mcu.externaltools.gnu-tools-for-stm32.10.3-2021.10.win32_1.0.0.202111181127/tools/bin/../lib/gcc/arm-none-eabi/10.3.1/thumb/v7e-m+fp/hard\libgcc.a(_arm_fixunsdfsi.o)
 .debug_frame   0x000000000000434c       0x2c c:/st/stm32cubeide_1.6.1/stm32cubeide/plugins/com.st.stm32cube.ide.mcu.externaltools.gnu-tools-for-stm32.10.3-2021.10.win32_1.0.0.202111181127/tools/bin/../lib/gcc/arm-none-eabi/10.3.1/thumb/v7e-m+fp/hard\libgcc.a(_aeabi_uldivmod.o)
 .debug_frame   0x0000000000004378       0x34 c:/st/stm32cubeide_1.6.1/stm32cubeide/plugins/com.st.stm32cube.ide.mcu.externaltools.gnu-tools-for-stm32.10.3-2021.10.win32_1.0.0.202111181127/tools/bin/../lib/gcc/arm-none-eabi/10.3.1/thumb/v7e-m+fp/hard\libgcc.a(_udivmoddi4.o)
