../Core/Src/main.c:81:5:_write	24	static
../Core/Src/main.c:90:6:HAL_UART_RxCpltCallback	16	static
../Core/Src/main.c:105:5:main	8	static
../Core/Src/main.c:208:6:SystemClock_Config	88	static
../Core/Src/main.c:261:13:MX_ADC1_Init	24	static
../Core/Src/main.c:341:13:MX_CAN1_Init	8	static
../Core/Src/main.c:378:13:MX_TIM2_Init	64	static
../Core/Src/main.c:437:13:MX_TIM5_Init	40	static
../Core/Src/main.c:482:13:MX_TIM6_Init	24	static
../Core/Src/main.c:520:13:MX_TIM7_Init	24	static
../Core/Src/main.c:558:13:MX_TIM9_Init	24	static
../Core/Src/main.c:596:13:MX_TIM14_Init	8	static
../Core/Src/main.c:627:13:MX_UART8_Init	8	static
../Core/Src/main.c:662:13:MX_USART1_UART_Init	8	static
../Core/Src/main.c:697:13:MX_GPIO_Init	56	static
../Core/Src/main.c:794:6:Error_Handler	4	static,ignoring_inline_asm
