../Core/Src/main.c:78:5:_write	24	static
../Core/Src/main.c:87:6:HAL_UART_RxCpltCallback	16	static
../Core/Src/main.c:102:5:main	8	static
../Core/Src/main.c:186:6:SystemClock_Config	88	static
../Core/Src/main.c:239:13:MX_CAN1_Init	8	static
../Core/Src/main.c:276:13:MX_TIM2_Init	64	static
../Core/Src/main.c:335:13:MX_TIM5_Init	40	static
../Core/Src/main.c:380:13:MX_TIM6_Init	24	static
../Core/Src/main.c:418:13:MX_TIM7_Init	24	static
../Core/Src/main.c:456:13:MX_TIM9_Init	24	static
../Core/Src/main.c:494:13:MX_TIM14_Init	8	static
../Core/Src/main.c:525:13:MX_UART8_Init	8	static
../Core/Src/main.c:560:13:MX_USART1_UART_Init	8	static
../Core/Src/main.c:595:13:MX_GPIO_Init	56	static
../Core/Src/main.c:703:6:Error_Handler	4	static,ignoring_inline_asm
