../Core/Src/motor_driver_114.c:12:6:velocityMode	24	static
../Core/Src/motor_driver_114.c:29:6:synchronousMode	24	static
../Core/Src/motor_driver_114.c:46:6:settingEnc	32	static
../Core/Src/motor_driver_114.c:66:6:settingPole	32	static
../Core/Src/motor_driver_114.c:86:6:settingBreak	32	static
../Core/Src/motor_driver_114.c:103:6:settingMaxRPM	32	static
../Core/Src/motor_driver_114.c:120:6:settingRatedCurrent	32	static
../Core/Src/motor_driver_114.c:140:6:settingMaxCurrent	32	static
../Core/Src/motor_driver_114.c:160:6:settingHallOffset	32	static
../Core/Src/motor_driver_114.c:180:6:save	24	static
../Core/Src/motor_driver_114.c:200:6:startMotor	8	static
../Core/Src/motor_driver_114.c:207:6:enable	32	static
../Core/Src/motor_driver_114.c:228:6:disable	24	static
../Core/Src/motor_driver_114.c:246:6:reset	24	static
../Core/Src/motor_driver_114.c:263:6:reqEnc	24	static
../Core/Src/motor_driver_114.c:279:6:reqState	24	static
../Core/Src/motor_driver_114.c:295:6:control	32	static
../Core/Src/motor_driver_114.c:312:6:settingKP	32	static
../Core/Src/motor_driver_114.c:332:6:settingKI	32	static
../Core/Src/motor_driver_114.c:351:6:settingMotor	8	static
