../Core/Src/motor_driver_114.c:12:6:velocityMode	24	static
../Core/Src/motor_driver_114.c:30:6:synchronousMode	24	static
../Core/Src/motor_driver_114.c:48:6:settingEnc	32	static
../Core/Src/motor_driver_114.c:69:6:settingPole	32	static
../Core/Src/motor_driver_114.c:90:6:settingBreak	32	static
../Core/Src/motor_driver_114.c:108:6:settingMaxRPM	32	static
../Core/Src/motor_driver_114.c:126:6:settingRatedCurrent	32	static
../Core/Src/motor_driver_114.c:147:6:settingMaxCurrent	32	static
../Core/Src/motor_driver_114.c:168:6:settingHallOffset	32	static
../Core/Src/motor_driver_114.c:189:6:save	24	static
../Core/Src/motor_driver_114.c:210:6:startMotor	8	static
../Core/Src/motor_driver_114.c:217:6:enable	32	static
../Core/Src/motor_driver_114.c:239:6:disable	24	static
../Core/Src/motor_driver_114.c:258:6:reset	24	static
../Core/Src/motor_driver_114.c:276:6:reqEnc	24	static
../Core/Src/motor_driver_114.c:292:6:reqState	24	static
../Core/Src/motor_driver_114.c:308:6:control	32	static
../Core/Src/motor_driver_114.c:325:6:settingKP	32	static
../Core/Src/motor_driver_114.c:346:6:settingKI	32	static
../Core/Src/motor_driver_114.c:366:6:settingMotor	8	static
