../Drivers/CMSIS/Include/core_cm7.h:2147:34:__NVIC_SystemReset	4	static,ignoring_inline_asm
../Core/Src/SCI_bottom.c:122:6:HAL_TIM_PeriodElapsedCallback	16	static
../Core/Src/SCI_bottom.c:164:6:HAL_GPIO_EXTI_Callback	16	static
../Core/Src/SCI_bottom.c:205:6:startTTS	24	static
../Core/Src/SCI_bottom.c:224:6:endTTS	24	static
../Core/Src/SCI_bottom.c:243:6:parsePmm	16	static
../Core/Src/SCI_bottom.c:253:6:parseTop	24	static
../Core/Src/SCI_bottom.c:262:6:parseState	16	static
../Core/Src/SCI_bottom.c:275:6:controlMotor	16	static
../Core/Src/SCI_bottom.c:317:5:toRPM	16	static
../Core/Src/SCI_bottom.c:324:6:parseCmdvel	32	static
../Core/Src/SCI_bottom.c:339:6:sendEnc	40	static
../Core/Src/SCI_bottom.c:358:5:toVW	16	static
../Core/Src/SCI_bottom.c:370:6:parseEnc	24	static
../Core/Src/SCI_bottom.c:394:6:parseEnc114	32	static
../Core/Src/SCI_bottom.c:406:6:parseState114	16	static
../Core/Src/SCI_bottom.c:418:5:stateReady	8	static
../Core/Src/SCI_bottom.c:464:6:stateThread	8	static
../Core/Src/SCI_bottom.c:541:6:stateIdle	4	static
../Core/Src/SCI_bottom.c:580:6:spinonce	64	static
