../Drivers/CMSIS/Include/core_cm7.h:2147:34:__NVIC_SystemReset	4	static,ignoring_inline_asm
../Core/Src/SCI_bottom.c:101:6:HAL_TIM_PeriodElapsedCallback	16	static
../Core/Src/SCI_bottom.c:140:6:HAL_GPIO_EXTI_Callback	16	static
../Core/Src/SCI_bottom.c:153:6:startTTS	24	static
../Core/Src/SCI_bottom.c:172:6:endTTS	24	static
../Core/Src/SCI_bottom.c:191:6:parsePmm	16	static
../Core/Src/SCI_bottom.c:201:6:parseTop	24	static
../Core/Src/SCI_bottom.c:210:6:parseState	16	static
../Core/Src/SCI_bottom.c:223:6:controlMotor	16	static
../Core/Src/SCI_bottom.c:261:5:toRPM	16	static
../Core/Src/SCI_bottom.c:268:6:parseCmdvel	32	static
../Core/Src/SCI_bottom.c:283:6:sendEnc	40	static
../Core/Src/SCI_bottom.c:302:5:toVW	16	static
../Core/Src/SCI_bottom.c:314:6:parseEnc	24	static
../Core/Src/SCI_bottom.c:338:6:parseEnc114	32	static
../Core/Src/SCI_bottom.c:350:6:parseState114	16	static
../Core/Src/SCI_bottom.c:362:5:stateReady	8	static
../Core/Src/SCI_bottom.c:408:6:spinonce	40	static
