../Drivers/CMSIS/Include/core_cm7.h:2147:34:__NVIC_SystemReset	4	static,ignoring_inline_asm
../Core/Src/SCI_bottom.c:121:6:HAL_TIM_PeriodElapsedCallback	16	static
../Core/Src/SCI_bottom.c:163:6:HAL_GPIO_EXTI_Callback	16	static
../Core/Src/SCI_bottom.c:204:6:startTTS	24	static
../Core/Src/SCI_bottom.c:223:6:endTTS	24	static
../Core/Src/SCI_bottom.c:242:6:parsePmm	16	static
../Core/Src/SCI_bottom.c:252:6:parseTop	24	static
../Core/Src/SCI_bottom.c:261:6:parseState	16	static
../Core/Src/SCI_bottom.c:274:6:controlMotor	16	static
../Core/Src/SCI_bottom.c:316:5:toRPM	16	static
../Core/Src/SCI_bottom.c:323:6:parseCmdvel	32	static
../Core/Src/SCI_bottom.c:338:6:sendEnc	40	static
../Core/Src/SCI_bottom.c:357:5:toVW	16	static
../Core/Src/SCI_bottom.c:369:6:parseEnc	24	static
../Core/Src/SCI_bottom.c:393:6:parseEnc114	32	static
../Core/Src/SCI_bottom.c:405:6:parseState114	16	static
../Core/Src/SCI_bottom.c:417:5:stateReady	8	static
../Core/Src/SCI_bottom.c:463:6:stateThread	8	static
../Core/Src/SCI_bottom.c:540:6:stateIdle	4	static
../Core/Src/SCI_bottom.c:579:6:spinonce	64	static
