../Drivers/CMSIS/Include/core_cm7.h:2147:34:__NVIC_SystemReset	4	static,ignoring_inline_asm
../Core/Src/SCI_bottom.c:102:6:HAL_TIM_PeriodElapsedCallback	16	static
../Core/Src/SCI_bottom.c:148:6:HAL_GPIO_EXTI_Callback	16	static
../Core/Src/SCI_bottom.c:177:6:startTTS	24	static
../Core/Src/SCI_bottom.c:196:6:endTTS	24	static
../Core/Src/SCI_bottom.c:215:6:parsePmm	16	static
../Core/Src/SCI_bottom.c:225:6:parseTop	24	static
../Core/Src/SCI_bottom.c:234:6:parseState	16	static
../Core/Src/SCI_bottom.c:247:6:controlMotor	16	static
../Core/Src/SCI_bottom.c:285:5:toRPM	16	static
../Core/Src/SCI_bottom.c:292:6:parseCmdvel	32	static
../Core/Src/SCI_bottom.c:307:6:sendEnc	40	static
../Core/Src/SCI_bottom.c:326:5:toVW	16	static
../Core/Src/SCI_bottom.c:338:6:parseEnc	24	static
../Core/Src/SCI_bottom.c:362:6:parseEnc114	32	static
../Core/Src/SCI_bottom.c:374:6:parseState114	16	static
../Core/Src/SCI_bottom.c:386:5:stateReady	8	static
../Core/Src/SCI_bottom.c:431:6:spinonce	48	static
