../Drivers/CMSIS/Include/core_cm7.h:2147:34:__NVIC_SystemReset	4	static,ignoring_inline_asm
../Core/Src/SCI_bottom.c:123:6:HAL_TIM_PeriodElapsedCallback	16	static
../Core/Src/SCI_bottom.c:166:6:HAL_GPIO_EXTI_Callback	16	static
../Core/Src/SCI_bottom.c:213:6:startTTS	24	static
../Core/Src/SCI_bottom.c:232:6:endTTS	24	static
../Core/Src/SCI_bottom.c:251:6:parsePmm	16	static
../Core/Src/SCI_bottom.c:261:6:parseTop	24	static
../Core/Src/SCI_bottom.c:270:6:parseState	16	static
../Core/Src/SCI_bottom.c:283:6:controlMotor	16	static
../Core/Src/SCI_bottom.c:326:5:toRPM	24	static
../Core/Src/SCI_bottom.c:335:6:parseCmdvel	24	static
../Core/Src/SCI_bottom.c:350:6:sendEnc	40	static
../Core/Src/SCI_bottom.c:369:5:toVW	8	static
../Core/Src/SCI_bottom.c:381:6:parseEnc	16	static
../Core/Src/SCI_bottom.c:405:6:parseEnc114	24	static
../Core/Src/SCI_bottom.c:417:6:parseState114	16	static
../Core/Src/SCI_bottom.c:429:5:stateReady	8	static
../Core/Src/SCI_bottom.c:486:6:stateThread	8	static
../Core/Src/SCI_bottom.c:563:6:stateIdle	8	static
../Core/Src/SCI_bottom.c:602:6:spinonce	64	static
