../Drivers/CMSIS/Include/core_cm7.h:2147:34:__NVIC_SystemReset	4	static,ignoring_inline_asm
../Core/Src/SCI_bottom.c:120:6:HAL_TIM_PeriodElapsedCallback	16	static
../Core/Src/SCI_bottom.c:162:6:HAL_GPIO_EXTI_Callback	16	static
../Core/Src/SCI_bottom.c:176:6:startTTS	24	static
../Core/Src/SCI_bottom.c:195:6:endTTS	24	static
../Core/Src/SCI_bottom.c:214:6:parsePmm	16	static
../Core/Src/SCI_bottom.c:224:6:parseTop	24	static
../Core/Src/SCI_bottom.c:233:6:parseState	16	static
../Core/Src/SCI_bottom.c:246:6:controlMotor	16	static
../Core/Src/SCI_bottom.c:284:5:toRPM	16	static
../Core/Src/SCI_bottom.c:291:6:parseCmdvel	32	static
../Core/Src/SCI_bottom.c:306:6:sendEnc	40	static
../Core/Src/SCI_bottom.c:325:5:toVW	16	static
../Core/Src/SCI_bottom.c:337:6:parseEnc	24	static
../Core/Src/SCI_bottom.c:361:6:parseEnc114	32	static
../Core/Src/SCI_bottom.c:373:6:parseState114	16	static
../Core/Src/SCI_bottom.c:385:5:stateReady	8	static
../Core/Src/SCI_bottom.c:431:6:stateThread	8	static
../Core/Src/SCI_bottom.c:506:6:spinonce	72	static
