../Drivers/CMSIS/Include/core_cm7.h:2147:34:__NVIC_SystemReset	4	static,ignoring_inline_asm
../Core/Src/SCI_bottom.c:122:6:HAL_TIM_PeriodElapsedCallback	16	static
../Core/Src/SCI_bottom.c:165:6:HAL_GPIO_EXTI_Callback	16	static
../Core/Src/SCI_bottom.c:214:6:startTTS	24	static
../Core/Src/SCI_bottom.c:233:6:endTTS	24	static
../Core/Src/SCI_bottom.c:252:6:parsePmm	16	static
../Core/Src/SCI_bottom.c:262:6:parseTop	24	static
../Core/Src/SCI_bottom.c:271:6:parseState	16	static
../Core/Src/SCI_bottom.c:284:6:controlMotor	24	static
../Core/Src/SCI_bottom.c:329:5:toRPM	16	static
../Core/Src/SCI_bottom.c:338:6:parseCmdvel	24	static
../Core/Src/SCI_bottom.c:353:6:sendEnc	40	static
../Core/Src/SCI_bottom.c:372:5:toVW	8	static
../Core/Src/SCI_bottom.c:384:6:parseEnc	16	static
../Core/Src/SCI_bottom.c:408:6:parseEnc114	24	static
../Core/Src/SCI_bottom.c:420:6:parseState114	16	static
../Core/Src/SCI_bottom.c:432:5:stateReady	8	static
../Core/Src/SCI_bottom.c:489:6:stateThread	8	static
../Core/Src/SCI_bottom.c:566:6:stateIdle	8	static
../Core/Src/SCI_bottom.c:605:6:spinonce	56	static
