../Core/Src/stm32f7xx_it.c:74:6:NMI_Handler	4	static
../Core/Src/stm32f7xx_it.c:89:6:HardFault_Handler	4	static
../Core/Src/stm32f7xx_it.c:104:6:MemManage_Handler	4	static
../Core/Src/stm32f7xx_it.c:119:6:BusFault_Handler	4	static
../Core/Src/stm32f7xx_it.c:134:6:UsageFault_Handler	4	static
../Core/Src/stm32f7xx_it.c:149:6:SVC_Handler	4	static
../Core/Src/stm32f7xx_it.c:162:6:DebugMon_Handler	4	static
../Core/Src/stm32f7xx_it.c:175:6:PendSV_Handler	4	static
../Core/Src/stm32f7xx_it.c:188:6:SysTick_Handler	8	static
../Core/Src/stm32f7xx_it.c:209:6:CAN1_RX0_IRQHandler	8	static
../Core/Src/stm32f7xx_it.c:223:6:EXTI9_5_IRQHandler	8	static
../Core/Src/stm32f7xx_it.c:239:6:TIM1_BRK_TIM9_IRQHandler	8	static
../Core/Src/stm32f7xx_it.c:253:6:EXTI15_10_IRQHandler	8	static
../Core/Src/stm32f7xx_it.c:268:6:TIM8_TRG_COM_TIM14_IRQHandler	8	static
../Core/Src/stm32f7xx_it.c:282:6:TIM5_IRQHandler	8	static
../Core/Src/stm32f7xx_it.c:296:6:TIM6_DAC_IRQHandler	8	static
../Core/Src/stm32f7xx_it.c:310:6:TIM7_IRQHandler	8	static
../Core/Src/stm32f7xx_it.c:322:6:EXTI2_IRQHandler	8	static
../Core/Src/stm32f7xx_it.c:326:6:EXTI0_IRQHandler	8	static
